Component: Arm Compiler for Embedded 6.21 Tool: armlink [5ec1fa00]

==============================================================================

Section Cross References

    startup_stm32h723xx.o(STACK) refers (Special) to heapauxi.o(.text) for __use_two_region_memory
    startup_stm32h723xx.o(HEAP) refers (Special) to heapauxi.o(.text) for __use_two_region_memory
    startup_stm32h723xx.o(RESET) refers (Special) to heapauxi.o(.text) for __use_two_region_memory
    startup_stm32h723xx.o(RESET) refers to startup_stm32h723xx.o(STACK) for __initial_sp
    startup_stm32h723xx.o(RESET) refers to startup_stm32h723xx.o(.text) for Reset_Handler
    startup_stm32h723xx.o(RESET) refers to stm32h7xx_it.o(.text.NMI_Handler) for NMI_Handler
    startup_stm32h723xx.o(RESET) refers to stm32h7xx_it.o(.text.HardFault_Handler) for HardFault_Handler
    startup_stm32h723xx.o(RESET) refers to stm32h7xx_it.o(.text.MemManage_Handler) for MemManage_Handler
    startup_stm32h723xx.o(RESET) refers to stm32h7xx_it.o(.text.BusFault_Handler) for BusFault_Handler
    startup_stm32h723xx.o(RESET) refers to stm32h7xx_it.o(.text.UsageFault_Handler) for UsageFault_Handler
    startup_stm32h723xx.o(RESET) refers to port.o(.text.SVC_Handler) for SVC_Handler
    startup_stm32h723xx.o(RESET) refers to stm32h7xx_it.o(.text.DebugMon_Handler) for DebugMon_Handler
    startup_stm32h723xx.o(RESET) refers to port.o(.text.PendSV_Handler) for PendSV_Handler
    startup_stm32h723xx.o(RESET) refers to port.o(.text.SysTick_Handler) for SysTick_Handler
    startup_stm32h723xx.o(RESET) refers to stm32h7xx_it.o(.text.DMA1_Stream0_IRQHandler) for DMA1_Stream0_IRQHandler
    startup_stm32h723xx.o(RESET) refers to stm32h7xx_it.o(.text.FDCAN1_IT0_IRQHandler) for FDCAN1_IT0_IRQHandler
    startup_stm32h723xx.o(RESET) refers to stm32h7xx_it.o(.text.FDCAN2_IT0_IRQHandler) for FDCAN2_IT0_IRQHandler
    startup_stm32h723xx.o(RESET) refers to stm32h7xx_it.o(.text.FDCAN1_IT1_IRQHandler) for FDCAN1_IT1_IRQHandler
    startup_stm32h723xx.o(RESET) refers to stm32h7xx_it.o(.text.FDCAN2_IT1_IRQHandler) for FDCAN2_IT1_IRQHandler
    startup_stm32h723xx.o(RESET) refers to stm32h7xx_it.o(.text.USART1_IRQHandler) for USART1_IRQHandler
    startup_stm32h723xx.o(RESET) refers to stm32h7xx_it.o(.text.USART2_IRQHandler) for USART2_IRQHandler
    startup_stm32h723xx.o(RESET) refers to stm32h7xx_it.o(.text.USART3_IRQHandler) for USART3_IRQHandler
    startup_stm32h723xx.o(RESET) refers to stm32h7xx_it.o(.text.OTG_HS_IRQHandler) for OTG_HS_IRQHandler
    startup_stm32h723xx.o(RESET) refers to stm32h7xx_it.o(.text.UART7_IRQHandler) for UART7_IRQHandler
    startup_stm32h723xx.o(RESET) refers to stm32h7xx_it.o(.text.USART10_IRQHandler) for USART10_IRQHandler
    startup_stm32h723xx.o(RESET) refers to stm32h7xx_it.o(.text.FDCAN3_IT0_IRQHandler) for FDCAN3_IT0_IRQHandler
    startup_stm32h723xx.o(RESET) refers to stm32h7xx_it.o(.text.FDCAN3_IT1_IRQHandler) for FDCAN3_IT1_IRQHandler
    startup_stm32h723xx.o(RESET) refers to stm32h7xx_it.o(.text.TIM23_IRQHandler) for TIM23_IRQHandler
    startup_stm32h723xx.o(.text) refers (Special) to heapauxi.o(.text) for __use_two_region_memory
    startup_stm32h723xx.o(.text) refers to system_stm32h7xx.o(.text.SystemInit) for SystemInit
    startup_stm32h723xx.o(.text) refers to __main.o(!!!main) for __main
    startup_stm32h723xx.o(.text) refers to startup_stm32h723xx.o(HEAP) for Heap_Mem
    startup_stm32h723xx.o(.text) refers to startup_stm32h723xx.o(STACK) for Stack_Mem
    vofa.o(.text.vofa_start) refers to vofa.o(.text.vofa_demo) for vofa_demo
    vofa.o(.ARM.exidx.text.vofa_start) refers to vofa.o(.text.vofa_start) for [Anonymous Symbol]
    vofa.o(.text.vofa_demo) refers to vofa.o(.bss..L_MergedGlobals) for .L_MergedGlobals
    vofa.o(.text.vofa_demo) refers to sin.o(i.__hardfp_sin) for __hardfp_sin
    vofa.o(.text.vofa_demo) refers to vofa.o(.bss.send_buf) for send_buf
    vofa.o(.text.vofa_demo) refers to usbd_cdc_if.o(.text.CDC_Transmit_HS) for CDC_Transmit_HS
    vofa.o(.ARM.exidx.text.vofa_demo) refers to vofa.o(.text.vofa_demo) for [Anonymous Symbol]
    vofa.o(.text.vofa_transmit) refers to usbd_cdc_if.o(.text.CDC_Transmit_HS) for CDC_Transmit_HS
    vofa.o(.ARM.exidx.text.vofa_transmit) refers to vofa.o(.text.vofa_transmit) for [Anonymous Symbol]
    vofa.o(.text.vofa_send_data) refers to vofa.o(.bss..L_MergedGlobals) for .L_MergedGlobals
    vofa.o(.text.vofa_send_data) refers to vofa.o(.bss.send_buf) for send_buf
    vofa.o(.ARM.exidx.text.vofa_send_data) refers to vofa.o(.text.vofa_send_data) for [Anonymous Symbol]
    vofa.o(.text.vofa_sendframetail) refers to vofa.o(.bss..L_MergedGlobals) for .L_MergedGlobals
    vofa.o(.text.vofa_sendframetail) refers to vofa.o(.bss.send_buf) for send_buf
    vofa.o(.text.vofa_sendframetail) refers to usbd_cdc_if.o(.text.CDC_Transmit_HS) for CDC_Transmit_HS
[...]
    0x08000392   0x08000392   0x00000000   Code   RO         4008    .ARM.Collect$$libinit$$0000001B  c_w.l(libinit2.o)
    0x08000392   0x08000392   0x00000000   Code   RO         4010    .ARM.Collect$$libinit$$0000001D  c_w.l(libinit2.o)
    0x08000392   0x08000392   0x00000000   Code   RO         4012    .ARM.Collect$$libinit$$0000001F  c_w.l(libinit2.o)
    0x08000392   0x08000392   0x00000000   Code   RO         4014    .ARM.Collect$$libinit$$00000021  c_w.l(libinit2.o)
    0x08000392   0x08000392   0x00000000   Code   RO         4016    .ARM.Collect$$libinit$$00000023  c_w.l(libinit2.o)
    0x08000392   0x08000392   0x00000000   Code   RO         4018    .ARM.Collect$$libinit$$00000025  c_w.l(libinit2.o)
    0x08000392   0x08000392   0x00000000   Code   RO         4020    .ARM.Collect$$libinit$$00000027  c_w.l(libinit2.o)
    0x08000392   0x08000392   0x00000000   Code   RO         4024    .ARM.Collect$$libinit$$0000002E  c_w.l(libinit2.o)
    0x08000392   0x08000392   0x00000000   Code   RO         4026    .ARM.Collect$$libinit$$00000030  c_w.l(libinit2.o)
    0x08000392   0x08000392   0x00000000   Code   RO         4028    .ARM.Collect$$libinit$$00000032  c_w.l(libinit2.o)
    0x08000392   0x08000392   0x00000000   Code   RO         4030    .ARM.Collect$$libinit$$00000034  c_w.l(libinit2.o)
    0x08000392   0x08000392   0x00000002   Code   RO         4031    .ARM.Collect$$libinit$$00000035  c_w.l(libinit2.o)
    0x08000394   0x08000394   0x00000002   Code   RO         4160    .ARM.Collect$$libshutdown$$00000000  c_w.l(libshutdown.o)
    0x08000396   0x08000396   0x00000000   Code   RO         4033    .ARM.Collect$$libshutdown$$00000002  c_w.l(libshutdown2.o)
    0x08000396   0x08000396   0x00000000   Code   RO         4035    .ARM.Collect$$libshutdown$$00000004  c_w.l(libshutdown2.o)
    0x08000396   0x08000396   0x00000000   Code   RO         4038    .ARM.Collect$$libshutdown$$00000007  c_w.l(libshutdown2.o)
    0x08000396   0x08000396   0x00000000   Code   RO         4041    .ARM.Collect$$libshutdown$$0000000A  c_w.l(libshutdown2.o)
    0x08000396   0x08000396   0x00000000   Code   RO         4043    .ARM.Collect$$libshutdown$$0000000C  c_w.l(libshutdown2.o)
    0x08000396   0x08000396   0x00000000   Code   RO         4046    .ARM.Collect$$libshutdown$$0000000F  c_w.l(libshutdown2.o)
    0x08000396   0x08000396   0x00000002   Code   RO         4047    .ARM.Collect$$libshutdown$$00000010  c_w.l(libshutdown2.o)
    0x08000398   0x08000398   0x00000000   Code   RO         3731    .ARM.Collect$$rtentry$$00000000  c_w.l(__rtentry.o)
    0x08000398   0x08000398   0x00000000   Code   RO         3804    .ARM.Collect$$rtentry$$00000002  c_w.l(__rtentry2.o)
    0x08000398   0x08000398   0x00000006   Code   RO         3816    .ARM.Collect$$rtentry$$00000004  c_w.l(__rtentry4.o)
    0x0800039e   0x0800039e   0x00000000   Code   RO         3806    .ARM.Collect$$rtentry$$00000009  c_w.l(__rtentry2.o)
    0x0800039e   0x0800039e   0x00000004   Code   RO         3807    .ARM.Collect$$rtentry$$0000000A  c_w.l(__rtentry2.o)
    0x080003a2   0x080003a2   0x00000000   Code   RO         3809    .ARM.Collect$$rtentry$$0000000C  c_w.l(__rtentry2.o)
    0x080003a2   0x080003a2   0x00000008   Code   RO         3810    .ARM.Collect$$rtentry$$0000000D  c_w.l(__rtentry2.o)
    0x080003aa   0x080003aa   0x00000002   Code   RO         4052    .ARM.Collect$$rtexit$$00000000  c_w.l(rtexit.o)
    0x080003ac   0x080003ac   0x00000000   Code   RO         4105    .ARM.Collect$$rtexit$$00000002  c_w.l(rtexit2.o)
    0x080003ac   0x080003ac   0x00000004   Code   RO         4106    .ARM.Collect$$rtexit$$00000003  c_w.l(rtexit2.o)
    0x080003b0   0x080003b0   0x00000006   Code   RO         4107    .ARM.Collect$$rtexit$$00000004  c_w.l(rtexit2.o)
    0x080003b6   0x080003b6   0x00000002   PAD
    0x080003b8   0x080003b8   0x00000040   Code   RO            4    .text               startup_stm32h723xx.o
    0x080003f8   0x080003f8   0x000000f0   Code   RO         3660    .text               c_w.l(lludivv7m.o)
    0x080004e8   0x080004e8   0x00000078   Code   RO         3668    .text               c_w.l(_printf_dec.o)
    0x08000560   0x08000560   0x00000058   Code   RO         3695    .text               c_w.l(memcmp.o)
    0x080005b8   0x080005b8   0x0000008a   Code   RO         3697    .text               c_w.l(rt_memcpy_v6.o)
    0x08000642   0x08000642   0x00000010   Code   RO         3701    .text               c_w.l(aeabi_memset4.o)
    0x08000652   0x08000652   0x0000004e   Code   RO         3705    .text               c_w.l(rt_memclr_w.o)
    0x080006a0   0x080006a0   0x00000006   Code   RO         3707    .text               c_w.l(heapauxi.o)
    0x080006a6   0x080006a6   0x00000016   Code   RO         3736    .text               c_w.l(_rserrno.o)
    0x080006bc   0x080006bc   0x000000b2   Code   RO         3738    .text               c_w.l(_printf_intcommon.o)
    0x0800076e   0x0800076e   0x0000041c   Code   RO         3740    .text               c_w.l(_printf_fp_dec.o)
    0x08000b8a   0x08000b8a   0x00000064   Code   RO         3753    .text               c_w.l(rt_memcpy_w.o)
    0x08000bee   0x08000bee   0x00000002   PAD
    0x08000bf0   0x08000bf0   0x00000008   Code   RO         3823    .text               c_w.l(rt_locale_intlibspace.o)
    0x08000bf8   0x08000bf8   0x00000008   Code   RO         3828    .text               c_w.l(rt_errno_addr_intlibspace.o)
    0x08000c00   0x08000c00   0x0000008a   Code   RO         3830    .text               c_w.l(lludiv10.o)
    0x08000c8a   0x08000c8a   0x00000002   PAD
    0x08000c8c   0x08000c8c   0x00000080   Code   RO         3834    .text               c_w.l(_printf_fp_infnan.o)
    0x08000d0c   0x08000d0c   0x000000e4   Code   RO         3836    .text               c_w.l(bigflt0.o)
    0x08000df0   0x08000df0   0x00000008   Code   RO         3889    .text               c_w.l(libspace.o)
    0x08000df8   0x08000df8   0x0000004a   Code   RO         3894    .text               c_w.l(sys_stackheap_outer.o)
    0x08000e42   0x08000e42   0x00000012   Code   RO         3967    .text               c_w.l(exit.o)
    0x08000e54   0x08000e54   0x00000004   PAD
    0x08000e58   0x08000e58   0x0000007c   Code   RO         3977    .text               c_w.l(strcmpv7m_pel.o)
    0x08000ed4   0x08000ed4   0x0000000c   Code   RO         4097    .text               c_w.l(sys_exit.o)
    0x08000ee0   0x08000ee0   0x00000002   Code   RO         4101    .text               c_w.l(use_no_semi.o)
    0x08000ee2   0x08000ee2   0x00000000   Code   RO         4103    .text               c_w.l(indicate_semi.o)
    0x08000ee2   0x08000ee2   0x00000006   PAD
    0x08000ee8   0x08000ee8   0x00000104   Code   RO         1484    .text.ADC_ConfigureBoostMode  stm32h7xx_hal_adc.o
    0x08000fec   0x08000fec   0x00000004   PAD
    0x08000ff0   0x08000ff0   0x0000005e   Code   RO         1510    .text.ADC_DMAConvCplt  stm32h7xx_hal_adc.o
    0x0800104e   0x0800104e   0x00000002   PAD
    0x08001050   0x08001050   0x00000016   Code   RO         1514    .text.ADC_DMAError  stm32h7xx_hal_adc.o
    0x08001066   0x08001066   0x00000002   PAD
    0x08001068   0x08001068   0x00000006   Code   RO         1512    .text.ADC_DMAHalfConvCplt  stm32h7xx_hal_adc.o
    0x0800106e   0x0800106e   0x00000002   PAD
    0x08001070   0x08001070   0x00000078   Code   RO         1490    .text.ADC_Disable   stm32h7xx_hal_adc.o
    0x080010e8   0x080010e8   0x000000ae   Code   RO         1496    .text.ADC_Enable    stm32h7xx_hal_adc.o
    0x08001196   0x08001196   0x00000002   PAD
    0x08001198   0x08001198   0x00000010   Code   RO         3350    .text.BMI088_ACCEL_NS_H  bmi088middleware.o
    0x080011a8   0x080011a8   0x00000010   Code   RO         3348    .text.BMI088_ACCEL_NS_L  bmi088middleware.o
    0x080011b8   0x080011b8   0x00000002   Code   RO         3340    .text.BMI088_GPIO_init  bmi088middleware.o
    0x080011ba   0x080011ba   0x00000006   PAD
    0x080011c0   0x080011c0   0x00000010   Code   RO         3354    .text.BMI088_GYRO_NS_H  bmi088middleware.o
    0x080011d0   0x080011d0   0x00000010   Code   RO         3352    .text.BMI088_GYRO_NS_L  bmi088middleware.o
    0x080011e0   0x080011e0   0x00000002   Code   RO         3342    .text.BMI088_com_init  bmi088middleware.o
    0x080011e2   0x080011e2   0x00000006   PAD
    0x080011e8   0x080011e8   0x0000005e   Code   RO         3344    .text.BMI088_delay_ms  bmi088middleware.o
    0x08001246   0x08001246   0x00000002   PAD
    0x08001248   0x08001248   0x0000004a   Code   RO         3346    .text.BMI088_delay_us  bmi088middleware.o
    0x08001292   0x08001292   0x00000006   PAD
    0x08001298   0x08001298   0x00000018   Code   RO         3321    .text.BMI088_init   bmi088driver.o
    0x080012b0   0x080012b0   0x0000019a   Code   RO         3327    .text.BMI088_read   bmi088driver.o
    0x0800144a   0x0800144a   0x00000006   PAD
    0x08001450   0x08001450   0x0000002e   Code   RO         3356    .text.BMI088_read_write_byte  bmi088middleware.o
    0x0800147e   0x0800147e   0x00000002   PAD
    0x08001480   0x08001480   0x0000000e   Code   RO         3233    .text.BSP_Buzzer_Init  bsp_buzzer.o
    0x0800148e   0x0800148e   0x00000002   PAD
    0x08001490   0x08001490   0x00000064   Code   RO         3223    .text.BSP_UserKey_Detect  bsp_user_key.o
    0x080014f4   0x080014f4   0x00000004   PAD
    0x080014f8   0x080014f8   0x00000002   Code   RO          256    .text.BusFault_Handler  stm32h7xx_it.o
    0x080014fa   0x080014fa   0x00000006   PAD
    0x08001500   0x08001500   0x00000004   Code   RO          364    .text.CDC_Control_HS  usbd_cdc_if.o
    0x08001504   0x08001504   0x00000004   PAD
    0x08001508   0x08001508   0x00000004   Code   RO          362    .text.CDC_DeInit_HS  usbd_cdc_if.o
    0x0800150c   0x0800150c   0x00000004   PAD
    0x08001510   0x08001510   0x0000002c   Code   RO          360    .text.CDC_Init_HS   usbd_cdc_if.o
    0x0800153c   0x0800153c   0x00000004   PAD
    0x08001540   0x08001540   0x0000001c   Code   RO          366    .text.CDC_Receive_HS  usbd_cdc_if.o
    0x0800155c   0x0800155c   0x00000004   PAD
    0x08001560   0x08001560   0x00000004   Code   RO          368    .text.CDC_TransmitCplt_HS  usbd_cdc_if.o
    0x08001564   0x08001564   0x00000004   PAD
    0x08001568   0x08001568   0x00000036   Code   RO          370    .text.CDC_Transmit_HS  usbd_cdc_if.o
    0x0800159e   0x0800159e   0x00000002   PAD
    0x080015a0   0x080015a0   0x000000b0   Code   RO         3583    .text.CommunicationTask_Entry  communication_task.o
    0x08001650   0x08001650   0x00000294   Code   RO         3563    .text.CtrTask_Entry  ctr_task.o
    0x080018e4   0x080018e4   0x00000004   PAD
    0x080018e8   0x080018e8   0x0000000c   Code   RO          262    .text.DMA1_Stream0_IRQHandler  stm32h7xx_it.o
    0x080018f4   0x080018f4   0x00000004   PAD
    0x080018f8   0x080018f8   0x00000128   Code   RO          878    .text.DMA_CalcBaseAndBitshift  stm32h7xx_hal_dma.o
    0x08001a20   0x08001a20   0x00000308   Code   RO          884    .text.DMA_SetConfig  stm32h7xx_hal_dma.o
    0x08001d28   0x08001d28   0x00000002   Code   RO          260    .text.DebugMon_Handler  stm32h7xx_it.o
    0x08001d2a   0x08001d2a   0x00000006   PAD
    0x08001d30   0x08001d30   0x0000000a   Code   RO           37    .text.Error_Handler  main.o
    0x08001d3a   0x08001d3a   0x00000006   PAD
    0x08001d40   0x08001d40   0x0000000c   Code   RO          264    .text.FDCAN1_IT0_IRQHandler  stm32h7xx_it.o
    0x08001d4c   0x08001d4c   0x00000004   PAD
    0x08001d50   0x08001d50   0x0000000c   Code   RO          268    .text.FDCAN1_IT1_IRQHandler  stm32h7xx_it.o
    0x08001d5c   0x08001d5c   0x00000004   PAD
    0x08001d60   0x08001d60   0x00000028   Code   RO         3368    .text.FDCAN1_Send_Msg  can_bsp.o
    0x08001d88   0x08001d88   0x0000000c   Code   RO          266    .text.FDCAN2_IT0_IRQHandler  stm32h7xx_it.o
    0x08001d94   0x08001d94   0x00000004   PAD
    0x08001d98   0x08001d98   0x0000000c   Code   RO          270    .text.FDCAN2_IT1_IRQHandler  stm32h7xx_it.o
    0x08001da4   0x08001da4   0x00000004   PAD
    0x08001da8   0x08001da8   0x0000000c   Code   RO          284    .text.FDCAN3_IT0_IRQHandler  stm32h7xx_it.o
    0x08001db4   0x08001db4   0x00000004   PAD
    0x08001db8   0x08001db8   0x0000000c   Code   RO          286    .text.FDCAN3_IT1_IRQHandler  stm32h7xx_it.o
    0x08001dc4   0x08001dc4   0x00000004   PAD
    0x08001dc8   0x08001dc8   0x00000044   Code   RO         3544    .text.FunTest_Entry  fun_test_task.o
    0x08001e0c   0x08001e0c   0x00000004   PAD
    0x08001e10   0x08001e10   0x000000d8   Code   RO         1546    .text.HAL_ADCEx_Calibration_Start  stm32h7xx_hal_adc_ex.o
    0x08001ee8   0x08001ee8   0x000000b0   Code   RO         1596    .text.HAL_ADCEx_MultiModeConfigChannel  stm32h7xx_hal_adc_ex.o
    0x08001f98   0x08001f98   0x00000546   Code   RO         1530    .text.HAL_ADC_ConfigChannel  stm32h7xx_hal_adc.o
    0x080024de   0x080024de   0x00000002   PAD
    0x080024e0   0x080024e0   0x00000002   Code   RO         1522    .text.HAL_ADC_ConvCpltCallback  stm32h7xx_hal_adc.o
    0x080024e2   0x080024e2   0x00000006   PAD
    0x080024e8   0x080024e8   0x00000002   Code   RO         1528    .text.HAL_ADC_ConvHalfCpltCallback  stm32h7xx_hal_adc.o
    0x080024ea   0x080024ea   0x00000006   PAD
    0x080024f0   0x080024f0   0x00000002   Code   RO         1526    .text.HAL_ADC_ErrorCallback  stm32h7xx_hal_adc.o
    0x080024f2   0x080024f2   0x00000006   PAD
    0x080024f8   0x080024f8   0x00000310   Code   RO         1480    .text.HAL_ADC_Init  stm32h7xx_hal_adc.o
    0x08002808   0x08002808   0x00000122   Code   RO          119    .text.HAL_ADC_MspInit  adc.o
    0x0800292a   0x0800292a   0x00000006   PAD
    0x08002930   0x08002930   0x00000134   Code   RO         1508    .text.HAL_ADC_Start_DMA  stm32h7xx_hal_adc.o
    0x08002a64   0x08002a64   0x00000004   PAD
    0x08002a68   0x08002a68   0x0000052e   Code   RO          888    .text.HAL_DMA_Abort  stm32h7xx_hal_dma.o
    0x08002f96   0x08002f96   0x00000002   PAD
    0x08002f98   0x08002f98   0x000002b8   Code   RO          890    .text.HAL_DMA_Abort_IT  stm32h7xx_hal_dma.o
    0x08003250   0x08003250   0x00000818   Code   RO          894    .text.HAL_DMA_IRQHandler  stm32h7xx_hal_dma.o
    0x08003a68   0x08003a68   0x00000658   Code   RO          876    .text.HAL_DMA_Init  stm32h7xx_hal_dma.o
    0x080040c0   0x080040c0   0x000003a6   Code   RO          886    .text.HAL_DMA_Start_IT  stm32h7xx_hal_dma.o
    0x08004466   0x08004466   0x00000002   PAD
    0x08004468   0x08004468   0x00000028   Code   RO         1182    .text.HAL_Delay     stm32h7xx_hal.o
    0x08004490   0x08004490   0x0000008c   Code   RO         1762    .text.HAL_FDCAN_ActivateNotification  stm32h7xx_hal_fdcan.o
    0x0800451c   0x0800451c   0x00000004   PAD
    0x08004520   0x08004520   0x000000ea   Code   RO         1684    .text.HAL_FDCAN_AddMessageToTxFifoQ  stm32h7xx_hal_fdcan.o
    0x0800460a   0x0800460a   0x00000006   PAD
    0x08004610   0x08004610   0x00000002   Code   RO         1776    .text.HAL_FDCAN_ClockCalibrationCallback  stm32h7xx_hal_fdcan.o
    0x08004612   0x08004612   0x00000006   PAD
    0x08004618   0x08004618   0x0000008c   Code   RO         1636    .text.HAL_FDCAN_ConfigFilter  stm32h7xx_hal_fdcan.o
    0x080046a4   0x080046a4   0x00000004   PAD
    0x080046a8   0x080046a8   0x00000038   Code   RO         1638    .text.HAL_FDCAN_ConfigGlobalFilter  stm32h7xx_hal_fdcan.o
    0x080046e0   0x080046e0   0x00000002   Code   RO         1804    .text.HAL_FDCAN_ErrorCallback  stm32h7xx_hal_fdcan.o
    0x080046e2   0x080046e2   0x00000006   PAD
    0x080046e8   0x080046e8   0x00000002   Code   RO         1794    .text.HAL_FDCAN_ErrorStatusCallback  stm32h7xx_hal_fdcan.o
    0x080046ea   0x080046ea   0x00000006   PAD
    0x080046f0   0x080046f0   0x000001e6   Code   RO         1694    .text.HAL_FDCAN_GetRxMessage  stm32h7xx_hal_fdcan.o
    0x080048d6   0x080048d6   0x00000002   PAD
    0x080048d8   0x080048d8   0x00000002   Code   RO         1772    .text.HAL_FDCAN_HighPriorityMessageCallback  stm32h7xx_hal_fdcan.o
    0x080048da   0x080048da   0x00000006   PAD
    0x080048e0   0x080048e0   0x00000322   Code   RO         1770    .text.HAL_FDCAN_IRQHandler  stm32h7xx_hal_fdcan.o
    0x08004c02   0x08004c02   0x00000006   PAD
    0x08004c08   0x08004c08   0x00000400   Code   RO         1614    .text.HAL_FDCAN_Init  stm32h7xx_hal_fdcan.o
    0x08005008   0x08005008   0x000001c4   Code   RO          148    .text.HAL_FDCAN_MspInit  fdcan.o
    0x080051cc   0x080051cc   0x00000004   PAD
    0x080051d0   0x080051d0   0x00000002   Code   RO         1788    .text.HAL_FDCAN_RxBufferNewMessageCallback  stm32h7xx_hal_fdcan.o
    0x080051d2   0x080051d2   0x00000006   PAD
    0x080051d8   0x080051d8   0x000000b2   Code   RO         3378    .text.HAL_FDCAN_RxFifo0Callback  can_bsp.o
    0x0800528a   0x0800528a   0x00000006   PAD
    0x08005290   0x08005290   0x00000002   Code   RO         1782    .text.HAL_FDCAN_RxFifo1Callback  stm32h7xx_hal_fdcan.o
    0x08005292   0x08005292   0x00000006   PAD
    0x08005298   0x08005298   0x00000034   Code   RO         1682    .text.HAL_FDCAN_Start  stm32h7xx_hal_fdcan.o
    0x080052cc   0x080052cc   0x00000004   PAD
    0x080052d0   0x080052d0   0x00000002   Code   RO         1802    .text.HAL_FDCAN_TT_GlobalTimeCallback  stm32h7xx_hal_fdcan.o
    0x080052d2   0x080052d2   0x00000006   PAD
    0x080052d8   0x080052d8   0x00000002   Code   RO         1796    .text.HAL_FDCAN_TT_ScheduleSyncCallback  stm32h7xx_hal_fdcan.o
    0x080052da   0x080052da   0x00000006   PAD
    0x080052e0   0x080052e0   0x00000002   Code   RO         1800    .text.HAL_FDCAN_TT_StopWatchCallback  stm32h7xx_hal_fdcan.o
    0x080052e2   0x080052e2   0x00000006   PAD
    0x080052e8   0x080052e8   0x00000002   Code   RO         1798    .text.HAL_FDCAN_TT_TimeMarkCallback  stm32h7xx_hal_fdcan.o
    0x080052ea   0x080052ea   0x00000006   PAD
    0x080052f0   0x080052f0   0x00000002   Code   RO         1792    .text.HAL_FDCAN_TimeoutOccurredCallback  stm32h7xx_hal_fdcan.o
    0x080052f2   0x080052f2   0x00000006   PAD
    0x080052f8   0x080052f8   0x00000002   Code   RO         1790    .text.HAL_FDCAN_TimestampWraparoundCallback  stm32h7xx_hal_fdcan.o
    0x080052fa   0x080052fa   0x00000006   PAD
    0x08005300   0x08005300   0x00000002   Code   RO         1774    .text.HAL_FDCAN_TxBufferAbortCallback  stm32h7xx_hal_fdcan.o
    0x08005302   0x08005302   0x00000006   PAD
    0x08005308   0x08005308   0x00000002   Code   RO         1786    .text.HAL_FDCAN_TxBufferCompleteCallback  stm32h7xx_hal_fdcan.o
    0x0800530a   0x0800530a   0x00000006   PAD
    0x08005310   0x08005310   0x00000002   Code   RO         1778    .text.HAL_FDCAN_TxEventFifoCallback  stm32h7xx_hal_fdcan.o
    0x08005312   0x08005312   0x00000006   PAD
    0x08005318   0x08005318   0x00000002   Code   RO         1784    .text.HAL_FDCAN_TxFifoEmptyCallback  stm32h7xx_hal_fdcan.o
    0x0800531a   0x0800531a   0x00000006   PAD
    0x08005320   0x08005320   0x00000110   Code   RO          824    .text.HAL_GPIO_DeInit  stm32h7xx_hal_gpio.o
    0x08005430   0x08005430   0x000001a2   Code   RO          822    .text.HAL_GPIO_Init  stm32h7xx_hal_gpio.o
    0x080055d2   0x080055d2   0x00000006   PAD
    0x080055d8   0x080055d8   0x0000000a   Code   RO          826    .text.HAL_GPIO_ReadPin  stm32h7xx_hal_gpio.o
    0x080055e2   0x080055e2   0x00000006   PAD
    0x080055e8   0x080055e8   0x0000000a   Code   RO          828    .text.HAL_GPIO_WritePin  stm32h7xx_hal_gpio.o
    0x080055f2   0x080055f2   0x00000006   PAD
    0x080055f8   0x080055f8   0x0000000c   Code   RO         1174    .text.HAL_GetTick   stm32h7xx_hal.o
    0x08005604   0x08005604   0x00000004   PAD
    0x08005608   0x08005608   0x0000001a   Code   RO         1172    .text.HAL_IncTick   stm32h7xx_hal.o
    0x08005622   0x08005622   0x00000006   PAD
    0x08005628   0x08005628   0x00000064   Code   RO         1162    .text.HAL_Init      stm32h7xx_hal.o
    0x0800568c   0x0800568c   0x00000004   PAD
    0x08005690   0x08005690   0x000000a0   Code   RO          306    .text.HAL_InitTick  stm32h7xx_hal_timebase_tim.o
    0x08005730   0x08005730   0x0000002a   Code   RO          297    .text.HAL_MspInit   stm32h7xx_hal_msp.o
    0x0800575a   0x0800575a   0x00000006   PAD
    0x08005760   0x08005760   0x00000022   Code   RO         1114    .text.HAL_NVIC_EnableIRQ  stm32h7xx_hal_cortex.o
    0x08005782   0x08005782   0x00000006   PAD
    0x08005788   0x08005788   0x0000005a   Code   RO         1112    .text.HAL_NVIC_SetPriority  stm32h7xx_hal_cortex.o
    0x080057e2   0x080057e2   0x00000006   PAD
    0x080057e8   0x080057e8   0x00000020   Code   RO         1110    .text.HAL_NVIC_SetPriorityGrouping  stm32h7xx_hal_cortex.o
    0x08005808   0x08005808   0x00000614   Code   RO         1898    .text.HAL_OSPIM_Config  stm32h7xx_hal_ospi.o
    0x08005e1c   0x08005e1c   0x00000004   PAD
    0x08005e20   0x08005e20   0x00000028   Code   RO         1826    .text.HAL_OSPI_DeInit  stm32h7xx_hal_ospi.o
    0x08005e48   0x08005e48   0x00000128   Code   RO         1820    .text.HAL_OSPI_Init  stm32h7xx_hal_ospi.o
    0x08005f70   0x08005f70   0x0000005e   Code   RO          169    .text.HAL_OSPI_MspDeInit  octospi.o
    0x08005fce   0x08005fce   0x00000002   PAD
    0x08005fd0   0x08005fd0   0x0000015e   Code   RO          167    .text.HAL_OSPI_MspInit  octospi.o
    0x0800612e   0x0800612e   0x00000002   PAD
    0x08006130   0x08006130   0x00000026   Code   RO          535    .text.HAL_PCDEx_ActivateLPM  stm32h7xx_hal_pcd_ex.o
    0x08006156   0x08006156   0x00000002   PAD
    0x08006158   0x08006158   0x00000002   Code   RO          547    .text.HAL_PCDEx_LPM_Callback  stm32h7xx_hal_pcd_ex.o
    0x0800615a   0x0800615a   0x00000006   PAD
    0x08006160   0x08006160   0x00000008   Code   RO          533    .text.HAL_PCDEx_SetRxFiFo  stm32h7xx_hal_pcd_ex.o
    0x08006168   0x08006168   0x000000da   Code   RO          531    .text.HAL_PCDEx_SetTxFiFo  stm32h7xx_hal_pcd_ex.o
    0x08006242   0x08006242   0x00000006   PAD
    0x08006248   0x08006248   0x00000008   Code   RO          405    .text.HAL_PCD_ConnectCallback  usbd_conf.o
    0x08006250   0x08006250   0x00000012   Code   RO          391    .text.HAL_PCD_DataInStageCallback  usbd_conf.o
    0x08006262   0x08006262   0x00000006   PAD
    0x08006268   0x08006268   0x00000014   Code   RO          389    .text.HAL_PCD_DataOutStageCallback  usbd_conf.o
    0x0800627c   0x0800627c   0x00000004   PAD
    0x08006280   0x08006280   0x00000008   Code   RO          407    .text.HAL_PCD_DisconnectCallback  usbd_conf.o
    0x08006288   0x08006288   0x00000056   Code   RO          501    .text.HAL_PCD_EP_Close  stm32h7xx_hal_pcd.o
    0x080062de   0x080062de   0x00000002   PAD
    0x080062e0   0x080062e0   0x00000068   Code   RO          511    .text.HAL_PCD_EP_ClrStall  stm32h7xx_hal_pcd.o
    0x08006348   0x08006348   0x00000012   Code   RO          505    .text.HAL_PCD_EP_GetRxCount  stm32h7xx_hal_pcd.o
    0x0800635a   0x0800635a   0x00000006   PAD
    0x08006360   0x08006360   0x00000068   Code   RO          499    .text.HAL_PCD_EP_Open  stm32h7xx_hal_pcd.o
    0x080063c8   0x080063c8   0x0000003a   Code   RO          503    .text.HAL_PCD_EP_Receive  stm32h7xx_hal_pcd.o
    0x08006402   0x08006402   0x00000006   PAD
    0x08006408   0x08006408   0x0000007c   Code   RO          509    .text.HAL_PCD_EP_SetStall  stm32h7xx_hal_pcd.o
    0x08006484   0x08006484   0x00000004   PAD
    0x08006488   0x08006488   0x0000003e   Code   RO          507    .text.HAL_PCD_EP_Transmit  stm32h7xx_hal_pcd.o
    0x080064c6   0x080064c6   0x00000002   PAD
    0x080064c8   0x080064c8   0x000009bc   Code   RO          467    .text.HAL_PCD_IRQHandler  stm32h7xx_hal_pcd.o
    0x08006e84   0x08006e84   0x00000004   PAD
    0x08006e88   0x08006e88   0x00000008   Code   RO          403    .text.HAL_PCD_ISOINIncompleteCallback  usbd_conf.o
    0x08006e90   0x08006e90   0x00000008   Code   RO          401    .text.HAL_PCD_ISOOUTIncompleteCallback  usbd_conf.o
    0x08006e98   0x08006e98   0x00000282   Code   RO          455    .text.HAL_PCD_Init  stm32h7xx_hal_pcd.o
    0x0800711a   0x0800711a   0x00000006   PAD
    0x08007120   0x08007120   0x00000072   Code   RO          383    .text.HAL_PCD_MspInit  usbd_conf.o
    0x08007192   0x08007192   0x00000006   PAD
    0x08007198   0x08007198   0x0000002a   Code   RO          395    .text.HAL_PCD_ResetCallback  usbd_conf.o
    0x080071c2   0x080071c2   0x00000006   PAD
    0x080071c8   0x080071c8   0x00000008   Code   RO          399    .text.HAL_PCD_ResumeCallback  usbd_conf.o
    0x080071d0   0x080071d0   0x00000008   Code   RO          393    .text.HAL_PCD_SOFCallback  usbd_conf.o
    0x080071d8   0x080071d8   0x00000026   Code   RO          497    .text.HAL_PCD_SetAddress  stm32h7xx_hal_pcd.o
    0x080071fe   0x080071fe   0x00000002   PAD
    0x08007200   0x08007200   0x0000000e   Code   RO          387    .text.HAL_PCD_SetupStageCallback  usbd_conf.o
    0x0800720e   0x0800720e   0x00000002   PAD
    0x08007210   0x08007210   0x0000003e   Code   RO          463    .text.HAL_PCD_Start  stm32h7xx_hal_pcd.o
    0x0800724e   0x0800724e   0x00000002   PAD
    0x08007250   0x08007250   0x00000034   Code   RO          397    .text.HAL_PCD_SuspendCallback  usbd_conf.o
    0x08007284   0x08007284   0x00000004   PAD
    0x08007288   0x08007288   0x0000004c   Code   RO         1026    .text.HAL_PWREx_ConfigSupply  stm32h7xx_hal_pwr_ex.o
    0x080072d4   0x080072d4   0x00000004   PAD
    0x080072d8   0x080072d8   0x00000012   Code   RO         1076    .text.HAL_PWREx_EnableUSBVoltageDetector  stm32h7xx_hal_pwr_ex.o
    0x080072ea   0x080072ea   0x00000006   PAD
    0x080072f0   0x080072f0   0x00000026   Code   RO          713    .text.HAL_RCCEx_GetD3PCLK1Freq  stm32h7xx_hal_rcc_ex.o
    0x08007316   0x08007316   0x00000002   PAD
    0x08007318   0x08007318   0x00000134   Code   RO          707    .text.HAL_RCCEx_GetPLL1ClockFreq  stm32h7xx_hal_rcc_ex.o
    0x0800744c   0x0800744c   0x00000004   PAD
    0x08007450   0x08007450   0x0000012c   Code   RO          709    .text.HAL_RCCEx_GetPLL2ClockFreq  stm32h7xx_hal_rcc_ex.o
    0x0800757c   0x0800757c   0x00000004   PAD
    0x08007580   0x08007580   0x0000012c   Code   RO          711    .text.HAL_RCCEx_GetPLL3ClockFreq  stm32h7xx_hal_rcc_ex.o
    0x080076ac   0x080076ac   0x00000004   PAD
    0x080076b0   0x080076b0   0x0000037e   Code   RO          705    .text.HAL_RCCEx_GetPeriphCLKFreq  stm32h7xx_hal_rcc_ex.o
    0x08007a2e   0x08007a2e   0x00000002   PAD
    0x08007a30   0x08007a30   0x00000aa8   Code   RO          697    .text.HAL_RCCEx_PeriphCLKConfig  stm32h7xx_hal_rcc_ex.o
    0x080084d8   0x080084d8   0x00000268   Code   RO          665    .text.HAL_RCC_ClockConfig  stm32h7xx_hal_rcc.o
    0x08008740   0x08008740   0x00000058   Code   RO          683    .text.HAL_RCC_GetClockConfig  stm32h7xx_hal_rcc.o
    0x08008798   0x08008798   0x0000004c   Code   RO          675    .text.HAL_RCC_GetHCLKFreq  stm32h7xx_hal_rcc.o
    0x080087e4   0x080087e4   0x00000004   PAD
    0x080087e8   0x080087e8   0x00000060   Code   RO          677    .text.HAL_RCC_GetPCLK1Freq  stm32h7xx_hal_rcc.o
    0x08008848   0x08008848   0x00000060   Code   RO          679    .text.HAL_RCC_GetPCLK2Freq  stm32h7xx_hal_rcc.o
    0x080088a8   0x080088a8   0x00000118   Code   RO          667    .text.HAL_RCC_GetSysClockFreq  stm32h7xx_hal_rcc.o
    0x080089c0   0x080089c0   0x000000a4   Code   RO          669    .text.HAL_RCC_MCOConfig  stm32h7xx_hal_rcc.o
    0x08008a64   0x08008a64   0x00000004   PAD
    0x08008a68   0x08008a68   0x0000052c   Code   RO          663    .text.HAL_RCC_OscConfig  stm32h7xx_hal_rcc.o
    0x08008f94   0x08008f94   0x00000004   PAD
    0x08008f98   0x08008f98   0x00000084   Code   RO         2502    .text.HAL_RS485Ex_Init  stm32h7xx_hal_uart_ex.o
    0x0800901c   0x0800901c   0x00000004   PAD
    0x08009020   0x08009020   0x000001ba   Code   RO         1910    .text.HAL_SPI_Init  stm32h7xx_hal_spi.o
    0x080091da   0x080091da   0x00000006   PAD
    0x080091e0   0x080091e0   0x000001e8   Code   RO          186    .text.HAL_SPI_MspInit  spi.o
    0x080093c8   0x080093c8   0x00000298   Code   RO         1918    .text.HAL_SPI_Transmit  stm32h7xx_hal_spi.o
    0x08009660   0x08009660   0x00000406   Code   RO         1924    .text.HAL_SPI_TransmitReceive  stm32h7xx_hal_spi.o
    0x08009a66   0x08009a66   0x00000002   PAD
    0x08009a68   0x08009a68   0x00000002   Code   RO         2343    .text.HAL_TIMEx_Break2Callback  stm32h7xx_hal_tim_ex.o
    0x08009a6a   0x08009a6a   0x00000006   PAD
    0x08009a70   0x08009a70   0x00000002   Code   RO         2341    .text.HAL_TIMEx_BreakCallback  stm32h7xx_hal_tim_ex.o
    0x08009a72   0x08009a72   0x00000006   PAD
    0x08009a78   0x08009a78   0x00000002   Code   RO         2337    .text.HAL_TIMEx_CommutCallback  stm32h7xx_hal_tim_ex.o
    0x08009a7a   0x08009a7a   0x00000006   PAD
    0x08009a80   0x08009a80   0x000000de   Code   RO         2321    .text.HAL_TIMEx_MasterConfigSynchronization  stm32h7xx_hal_tim_ex.o
    0x08009b5e   0x08009b5e   0x00000002   PAD
    0x08009b60   0x08009b60   0x00000060   Code   RO         2026    .text.HAL_TIM_Base_Init  stm32h7xx_hal_tim.o
    0x08009bc0   0x08009bc0   0x00000002   Code   RO         2028    .text.HAL_TIM_Base_MspInit  stm32h7xx_hal_tim.o
    0x08009bc2   0x08009bc2   0x00000006   PAD
    0x08009bc8   0x08009bc8   0x000000dc   Code   RO         2040    .text.HAL_TIM_Base_Start_IT  stm32h7xx_hal_tim.o
    0x08009ca4   0x08009ca4   0x00000004   PAD
    0x08009ca8   0x08009ca8   0x00000002   Code   RO         2162    .text.HAL_TIM_IC_CaptureCallback  stm32h7xx_hal_tim.o
    0x08009caa   0x08009caa   0x00000006   PAD
    0x08009cb0   0x08009cb0   0x0000016c   Code   RO         2160    .text.HAL_TIM_IRQHandler  stm32h7xx_hal_tim.o
    0x08009e1c   0x08009e1c   0x00000004   PAD
    0x08009e20   0x08009e20   0x00000002   Code   RO         2164    .text.HAL_TIM_OC_DelayElapsedCallback  stm32h7xx_hal_tim.o
    0x08009e22   0x08009e22   0x00000006   PAD
    0x08009e28   0x08009e28   0x000004b8   Code   RO         2180    .text.HAL_TIM_PWM_ConfigChannel  stm32h7xx_hal_tim.o
    0x0800a2e0   0x0800a2e0   0x00000060   Code   RO         2080    .text.HAL_TIM_PWM_Init  stm32h7xx_hal_tim.o
    0x0800a340   0x0800a340   0x0000005a   Code   RO          207    .text.HAL_TIM_PWM_MspInit  tim.o
    0x0800a39a   0x0800a39a   0x00000006   PAD
    0x0800a3a0   0x0800a3a0   0x00000002   Code   RO         2166    .text.HAL_TIM_PWM_PulseFinishedCallback  stm32h7xx_hal_tim.o
    0x0800a3a2   0x0800a3a2   0x00000006   PAD
    0x0800a3a8   0x0800a3a8   0x000001a0   Code   RO         2088    .text.HAL_TIM_PWM_Start  stm32h7xx_hal_tim.o
    0x0800a548   0x0800a548   0x00000014   Code   RO           39    .text.HAL_TIM_PeriodElapsedCallback  main.o
    0x0800a55c   0x0800a55c   0x00000004   PAD
    0x0800a560   0x0800a560   0x00000002   Code   RO         2170    .text.HAL_TIM_TriggerCallback  stm32h7xx_hal_tim.o
    0x0800a562   0x0800a562   0x00000006   PAD
    0x0800a568   0x0800a568   0x00000036   Code   RO         2520    .text.HAL_UARTEx_DisableFifoMode  stm32h7xx_hal_uart_ex.o
    0x0800a59e   0x0800a59e   0x00000002   PAD
    0x0800a5a0   0x0800a5a0   0x00000002   Code   RO         2447    .text.HAL_UARTEx_RxEventCallback  stm32h7xx_hal_uart.o
    0x0800a5a2   0x0800a5a2   0x00000006   PAD
    0x0800a5a8   0x0800a5a8   0x00000002   Code   RO         2506    .text.HAL_UARTEx_RxFifoFullCallback  stm32h7xx_hal_uart_ex.o
    0x0800a5aa   0x0800a5aa   0x00000006   PAD
    0x0800a5b0   0x0800a5b0   0x00000090   Code   RO         2524    .text.HAL_UARTEx_SetRxFifoThreshold  stm32h7xx_hal_uart_ex.o
    0x0800a640   0x0800a640   0x00000090   Code   RO         2522    .text.HAL_UARTEx_SetTxFifoThreshold  stm32h7xx_hal_uart_ex.o
    0x0800a6d0   0x0800a6d0   0x00000002   Code   RO         2508    .text.HAL_UARTEx_TxFifoEmptyCallback  stm32h7xx_hal_uart_ex.o
    0x0800a6d2   0x0800a6d2   0x00000006   PAD
    0x0800a6d8   0x0800a6d8   0x00000002   Code   RO         2504    .text.HAL_UARTEx_WakeupCallback  stm32h7xx_hal_uart_ex.o
    0x0800a6da   0x0800a6da   0x00000006   PAD
    0x0800a6e0   0x0800a6e0   0x00000002   Code   RO         2445    .text.HAL_UART_ErrorCallback  stm32h7xx_hal_uart.o
    0x0800a6e2   0x0800a6e2   0x00000006   PAD
    0x0800a6e8   0x0800a6e8   0x00000760   Code   RO         2441    .text.HAL_UART_IRQHandler  stm32h7xx_hal_uart.o
    0x0800ae48   0x0800ae48   0x00000064   Code   RO         2357    .text.HAL_UART_Init  stm32h7xx_hal_uart.o
    0x0800aeac   0x0800aeac   0x00000004   PAD
    0x0800aeb0   0x0800aeb0   0x000002a4   Code   RO          231    .text.HAL_UART_MspInit  usart.o
    0x0800b154   0x0800b154   0x00000004   PAD
    0x0800b158   0x0800b158   0x000000ac   Code   RO         2393    .text.HAL_UART_Receive_IT  stm32h7xx_hal_uart.o
    0x0800b204   0x0800b204   0x00000004   PAD
    0x0800b208   0x0800b208   0x000000ca   Code   RO         3546    .text.HAL_UART_RxCpltCallback  fun_test_task.o
    0x0800b2d2   0x0800b2d2   0x00000006   PAD
    0x0800b2d8   0x0800b2d8   0x00000002   Code   RO         2449    .text.HAL_UART_TxCpltCallback  stm32h7xx_hal_uart.o
    0x0800b2da   0x0800b2da   0x00000006   PAD
    0x0800b2e0   0x0800b2e0   0x00000002   Code   RO          252    .text.HardFault_Handler  stm32h7xx_it.o
    0x0800b2e2   0x0800b2e2   0x00000006   PAD
    0x0800b2e8   0x0800b2e8   0x000001cc   Code   RO         3533    .text.ImuTask_Entry  imu_task.o
    0x0800b4b4   0x0800b4b4   0x00000004   PAD
    0x0800b4b8   0x0800b4b8   0x00000202   Code   RO         3432    .text.Init_Motor    cybergear.o
    0x0800b6ba   0x0800b6ba   0x00000006   PAD
    0x0800b6c0   0x0800b6c0   0x0000006e   Code   RO         3440    .text.Init_Motor_All  cybergear.o
    0x0800b72e   0x0800b72e   0x00000002   PAD
    0x0800b730   0x0800b730   0x0000008c   Code   RO         3507    .text.KeyTask_Entry  key_task.o
    0x0800b7bc   0x0800b7bc   0x00000004   PAD
    0x0800b7c0   0x0800b7c0   0x00000268   Code   RO         3257    .text.LCD_Address_Set  lcd.o
    0x0800ba28   0x0800ba28   0x00000116   Code   RO         3263    .text.LCD_DrawLine  lcd.o
    0x0800bb3e   0x0800bb3e   0x00000002   PAD
    0x0800bb40   0x0800bb40   0x000000c8   Code   RO         3259    .text.LCD_Fill      lcd.o
    0x0800bc08   0x0800bc08   0x00000c2c   Code   RO         3293    .text.LCD_Init      lcd.o
    0x0800c834   0x0800c834   0x00000004   PAD
    0x0800c838   0x0800c838   0x0000030e   Code   RO         3279    .text.LCD_ShowChar  lcd.o
    0x0800cb46   0x0800cb46   0x00000002   PAD
    0x0800cb48   0x0800cb48   0x000000da   Code   RO         3269    .text.LCD_ShowChinese  lcd.o
    0x0800cc22   0x0800cc22   0x00000006   PAD
    0x0800cc28   0x0800cc28   0x0000034a   Code   RO         3271    .text.LCD_ShowChinese12x12  lcd.o
    0x0800cf72   0x0800cf72   0x00000006   PAD
    0x0800cf78   0x0800cf78   0x00000356   Code   RO         3273    .text.LCD_ShowChinese16x16  lcd.o
    0x0800d2ce   0x0800d2ce   0x00000002   PAD
    0x0800d2d0   0x0800d2d0   0x0000034a   Code   RO         3275    .text.LCD_ShowChinese24x24  lcd.o
    0x0800d61a   0x0800d61a   0x00000006   PAD
    0x0800d620   0x0800d620   0x00000356   Code   RO         3277    .text.LCD_ShowChinese32x32  lcd.o
    0x0800d976   0x0800d976   0x00000002   PAD
    0x0800d978   0x0800d978   0x000001ee   Code   RO         3287    .text.LCD_ShowFloatNum  lcd.o
    0x0800db66   0x0800db66   0x00000002   PAD
    0x0800db68   0x0800db68   0x000000ca   Code   RO         3291    .text.LCD_ShowPicture  lcd.o
    0x0800dc32   0x0800dc32   0x00000006   PAD
    0x0800dc38   0x0800dc38   0x00000044   Code   RO         3281    .text.LCD_ShowString  lcd.o
    0x0800dc7c   0x0800dc7c   0x00000004   PAD
    0x0800dc80   0x0800dc80   0x000000cc   Code   RO         3517    .text.LcdTask_Entry  lcd_task.o
    0x0800dd4c   0x0800dd4c   0x00000004   PAD
    0x0800dd50   0x0800dd50   0x000000ce   Code   RO          117    .text.MX_ADC1_Init  adc.o
    0x0800de1e   0x0800de1e   0x00000002   PAD
    0x0800de20   0x0800de20   0x00000034   Code   RO          133    .text.MX_DMA_Init   dma.o
    0x0800de54   0x0800de54   0x00000004   PAD
    0x0800de58   0x0800de58   0x00000072   Code   RO          142    .text.MX_FDCAN1_Init  fdcan.o
    0x0800deca   0x0800deca   0x00000006   PAD
    0x0800ded0   0x0800ded0   0x0000006a   Code   RO          144    .text.MX_FDCAN2_Init  fdcan.o
    0x0800df3a   0x0800df3a   0x00000006   PAD
    0x0800df40   0x0800df40   0x0000006a   Code   RO          146    .text.MX_FDCAN3_Init  fdcan.o
    0x0800dfaa   0x0800dfaa   0x00000006   PAD
    0x0800dfb0   0x0800dfb0   0x000001f0   Code   RO           68    .text.MX_FREERTOS_Init  freertos.o
    0x0800e1a0   0x0800e1a0   0x000001da   Code   RO           54    .text.MX_GPIO_Init  gpio.o
    0x0800e37a   0x0800e37a   0x00000006   PAD
    0x0800e380   0x0800e380   0x00000094   Code   RO          165    .text.MX_OCTOSPI2_Init  octospi.o
    0x0800e414   0x0800e414   0x00000004   PAD
    0x0800e418   0x0800e418   0x00000066   Code   RO          180    .text.MX_SPI1_Init  spi.o
    0x0800e47e   0x0800e47e   0x00000002   PAD
    0x0800e480   0x0800e480   0x00000062   Code   RO          182    .text.MX_SPI2_Init  spi.o
    0x0800e4e2   0x0800e4e2   0x00000006   PAD
    0x0800e4e8   0x0800e4e8   0x00000066   Code   RO          184    .text.MX_SPI6_Init  spi.o
    0x0800e54e   0x0800e54e   0x00000002   PAD
    0x0800e550   0x0800e550   0x000000e6   Code   RO          205    .text.MX_TIM12_Init  tim.o
    0x0800e636   0x0800e636   0x00000002   PAD
    0x0800e638   0x0800e638   0x000000ea   Code   RO          201    .text.MX_TIM3_Init  tim.o
    0x0800e722   0x0800e722   0x00000006   PAD
    0x0800e728   0x0800e728   0x0000007c   Code   RO          221    .text.MX_UART7_Init  usart.o
    0x0800e7a4   0x0800e7a4   0x00000004   PAD
    0x0800e7a8   0x0800e7a8   0x0000007c   Code   RO          229    .text.MX_USART10_UART_Init  usart.o
    0x0800e824   0x0800e824   0x00000004   PAD
    0x0800e828   0x0800e828   0x0000007c   Code   RO          223    .text.MX_USART1_UART_Init  usart.o
    0x0800e8a4   0x0800e8a4   0x00000004   PAD
    0x0800e8a8   0x0800e8a8   0x00000080   Code   RO          225    .text.MX_USART2_UART_Init  usart.o
    0x0800e928   0x0800e928   0x00000080   Code   RO          227    .text.MX_USART3_UART_Init  usart.o
    0x0800e9a8   0x0800e9a8   0x0000006c   Code   RO          321    .text.MX_USB_DEVICE_Init  usb_device.o
    0x0800ea14   0x0800ea14   0x00000004   PAD
    0x0800ea18   0x0800ea18   0x00000200   Code   RO         3645    .text.MahonyAHRSupdateIMU  mahonyahrs.o
    0x0800ec18   0x0800ec18   0x00000002   Code   RO          254    .text.MemManage_Handler  stm32h7xx_it.o
    0x0800ec1a   0x0800ec1a   0x00000006   PAD
    0x0800ec20   0x0800ec20   0x000002d8   Code   RO         3446    .text.Motor_Data_Handler  cybergear.o
    0x0800eef8   0x0800eef8   0x00000002   Code   RO          250    .text.NMI_Handler   stm32h7xx_it.o
    0x0800eefa   0x0800eefa   0x00000006   PAD
    0x0800ef00   0x0800ef00   0x0000000c   Code   RO          278    .text.OTG_HS_IRQHandler  stm32h7xx_it.o
    0x0800ef0c   0x0800ef0c   0x00000004   PAD
    0x0800ef10   0x0800ef10   0x00000020   Code   RO         3626    .text.PID_struct_init  motor_pid.o
    0x0800ef30   0x0800ef30   0x00000064   Code   RO         3067    .text.PendSV_Handler  port.o
    0x0800ef94   0x0800ef94   0x00000004   PAD
    0x0800ef98   0x0800ef98   0x0000003a   Code   RO         3484    .text.Power_Enable  bsp_power_enable.o
    0x0800efd2   0x0800efd2   0x00000006   PAD
    0x0800efd8   0x0800efd8   0x00000122   Code   RO          699    .text.RCCEx_PLL2_Config  stm32h7xx_hal_rcc_ex.o
    0x0800f0fa   0x0800f0fa   0x00000006   PAD
    0x0800f100   0x0800f100   0x00000122   Code   RO          701    .text.RCCEx_PLL3_Config  stm32h7xx_hal_rcc_ex.o
    0x0800f222   0x0800f222   0x00000006   PAD
    0x0800f228   0x0800f228   0x0000078e   Code   RO         3574    .text.RgbTask_Entry  rgb_task.o
    0x0800f9b6   0x0800f9b6   0x00000002   PAD
    0x0800f9b8   0x0800f9b8   0x000000d0   Code   RO         1920    .text.SPI_CloseTransfer  stm32h7xx_hal_spi.o
    0x0800fa88   0x0800fa88   0x00000008   PAD
    0x0800fa90   0x0800fa90   0x00000024   Code   RO         3051    .text.SVC_Handler   port.o
    0x0800fab4   0x0800fab4   0x00000004   PAD
    0x0800fab8   0x0800fab8   0x00000196   Code   RO         3454    .text.SpeedMode_Enable_Set  cybergear.o
    0x0800fc4e   0x0800fc4e   0x00000002   PAD
    0x0800fc50   0x0800fc50   0x0000000c   Code   RO           70    .text.StartDefaultTask  freertos.o
    0x0800fc5c   0x0800fc5c   0x00000004   PAD
    0x0800fc60   0x0800fc60   0x00000050   Code   RO         3444    .text.Stop_Motor    cybergear.o
    0x0800fcb0   0x0800fcb0   0x0000002e   Code   RO         3069    .text.SysTick_Handler  port.o
    0x0800fcde   0x0800fcde   0x00000002   PAD
    0x0800fce0   0x0800fce0   0x000000dc   Code   RO           35    .text.SystemClock_Config  main.o
    0x0800fdbc   0x0800fdbc   0x00000004   PAD
    0x0800fdc0   0x0800fdc0   0x000000b0   Code   RO         2543    .text.SystemInit    system_stm32h7xx.o
    0x0800fe70   0x0800fe70   0x0000000c   Code   RO          288    .text.TIM23_IRQHandler  stm32h7xx_it.o
    0x0800fe7c   0x0800fe7c   0x00000004   PAD
    0x0800fe80   0x0800fe80   0x00000184   Code   RO         2030    .text.TIM_Base_SetConfig  stm32h7xx_hal_tim.o
    0x08010004   0x08010004   0x00000004   PAD
    0x08010008   0x08010008   0x0000000c   Code   RO          280    .text.UART7_IRQHandler  stm32h7xx_it.o
    0x08010014   0x08010014   0x00000004   PAD
    0x08010018   0x08010018   0x000000e0   Code   RO         2361    .text.UART_AdvFeatureConfig  stm32h7xx_hal_uart.o
    0x080100f8   0x080100f8   0x00000176   Code   RO         2365    .text.UART_CheckIdleState  stm32h7xx_hal_uart.o
    0x0801026e   0x0801026e   0x00000002   PAD
    0x08010270   0x08010270   0x00000010   Code   RO         2443    .text.UART_DMAAbortOnError  stm32h7xx_hal_uart.o
    0x08010280   0x08010280   0x000001c4   Code   RO         2483    .text.UART_RxISR_16BIT  stm32h7xx_hal_uart.o
    0x08010444   0x08010444   0x00000004   PAD
    0x08010448   0x08010448   0x00000330   Code   RO         2479    .text.UART_RxISR_16BIT_FIFOEN  stm32h7xx_hal_uart.o
    0x08010778   0x08010778   0x000001c8   Code   RO         2485    .text.UART_RxISR_8BIT  stm32h7xx_hal_uart.o
    0x08010940   0x08010940   0x00000334   Code   RO         2481    .text.UART_RxISR_8BIT_FIFOEN  stm32h7xx_hal_uart.o
    0x08010c74   0x08010c74   0x00000004   PAD
    0x08010c78   0x08010c78   0x0000049c   Code   RO         2363    .text.UART_SetConfig  stm32h7xx_hal_uart.o
    0x08011114   0x08011114   0x00000004   PAD
    0x08011118   0x08011118   0x00000274   Code   RO         2395    .text.UART_Start_Receive_IT  stm32h7xx_hal_uart.o
    0x0801138c   0x0801138c   0x00000004   PAD
    0x08011390   0x08011390   0x00000358   Code   RO         2379    .text.UART_WaitOnFlagUntilTimeout  stm32h7xx_hal_uart.o
    0x080116e8   0x080116e8   0x0000000c   Code   RO          282    .text.USART10_IRQHandler  stm32h7xx_it.o
    0x080116f4   0x080116f4   0x00000004   PAD
    0x080116f8   0x080116f8   0x0000000c   Code   RO          272    .text.USART1_IRQHandler  stm32h7xx_it.o
    0x08011704   0x08011704   0x00000004   PAD
    0x08011708   0x08011708   0x0000000c   Code   RO          274    .text.USART2_IRQHandler  stm32h7xx_it.o
    0x08011714   0x08011714   0x00000004   PAD
    0x08011718   0x08011718   0x0000000c   Code   RO          276    .text.USART3_IRQHandler  stm32h7xx_it.o
    0x08011724   0x08011724   0x00000004   PAD
    0x08011728   0x08011728   0x00000072   Code   RO         3190    .text.USBD_CDC_DataIn  usbd_cdc.o
    0x0801179a   0x0801179a   0x00000006   PAD
    0x080117a0   0x080117a0   0x0000003c   Code   RO         3192    .text.USBD_CDC_DataOut  usbd_cdc.o
    0x080117dc   0x080117dc   0x00000004   PAD
    0x080117e0   0x080117e0   0x0000005a   Code   RO         3184    .text.USBD_CDC_DeInit  usbd_cdc.o
    0x0801183a   0x0801183a   0x00000006   PAD
    0x08011840   0x08011840   0x00000038   Code   RO         3188    .text.USBD_CDC_EP0_RxReady  usbd_cdc.o
    0x08011878   0x08011878   0x00000010   Code   RO         3200    .text.USBD_CDC_GetDeviceQualifierDescriptor  usbd_cdc.o
    0x08011888   0x08011888   0x00000052   Code   RO         3196    .text.USBD_CDC_GetFSCfgDesc  usbd_cdc.o
    0x080118da   0x080118da   0x00000006   PAD
    0x080118e0   0x080118e0   0x00000056   Code   RO         3194    .text.USBD_CDC_GetHSCfgDesc  usbd_cdc.o
    0x08011936   0x08011936   0x00000002   PAD
    0x08011938   0x08011938   0x00000052   Code   RO         3198    .text.USBD_CDC_GetOtherSpeedCfgDesc  usbd_cdc.o
    0x0801198a   0x0801198a   0x00000006   PAD
    0x08011990   0x08011990   0x000000ce   Code   RO         3182    .text.USBD_CDC_Init  usbd_cdc.o
    0x08011a5e   0x08011a5e   0x00000002   PAD
    0x08011a60   0x08011a60   0x00000030   Code   RO         3210    .text.USBD_CDC_ReceivePacket  usbd_cdc.o
    0x08011a90   0x08011a90   0x00000018   Code   RO         3202    .text.USBD_CDC_RegisterInterface  usbd_cdc.o
    0x08011aa8   0x08011aa8   0x0000001c   Code   RO         3206    .text.USBD_CDC_SetRxBuffer  usbd_cdc.o
    0x08011ac4   0x08011ac4   0x00000004   PAD
    0x08011ac8   0x08011ac8   0x00000020   Code   RO         3204    .text.USBD_CDC_SetTxBuffer  usbd_cdc.o
    0x08011ae8   0x08011ae8   0x000000f0   Code   RO         3186    .text.USBD_CDC_Setup  usbd_cdc.o
    0x08011bd8   0x08011bd8   0x00000044   Code   RO         3208    .text.USBD_CDC_TransmitPacket  usbd_cdc.o
    0x08011c1c   0x08011c1c   0x00000004   PAD
    0x08011c20   0x08011c20   0x00000012   Code   RO         3097    .text.USBD_ClrClassConfig  usbd_core.o
    0x08011c32   0x08011c32   0x00000006   PAD
    0x08011c38   0x08011c38   0x00000004   Code   RO         3105    .text.USBD_CoreFindEP  usbd_core.o
    0x08011c3c   0x08011c3c   0x00000004   PAD
    0x08011c40   0x08011c40   0x00000004   Code   RO         3103    .text.USBD_CoreFindIF  usbd_core.o
    0x08011c44   0x08011c44   0x00000004   PAD
    0x08011c48   0x08011c48   0x00000010   Code   RO         3166    .text.USBD_CtlContinueRx  usbd_ioreq.o
    0x08011c58   0x08011c58   0x00000010   Code   RO         3162    .text.USBD_CtlContinueSendData  usbd_ioreq.o
    0x08011c68   0x08011c68   0x00000016   Code   RO         3141    .text.USBD_CtlError  usbd_ctlreq.o
    0x08011c7e   0x08011c7e   0x00000002   PAD
    0x08011c80   0x08011c80   0x0000001e   Code   RO         3164    .text.USBD_CtlPrepareRx  usbd_ioreq.o
    0x08011c9e   0x08011c9e   0x00000002   PAD
    0x08011ca0   0x08011ca0   0x00000016   Code   RO         3170    .text.USBD_CtlReceiveStatus  usbd_ioreq.o
    0x08011cb6   0x08011cb6   0x00000002   PAD
    0x08011cb8   0x08011cb8   0x0000001a   Code   RO         3160    .text.USBD_CtlSendData  usbd_ioreq.o
    0x08011cd2   0x08011cd2   0x00000006   PAD
    0x08011cd8   0x08011cd8   0x00000016   Code   RO         3168    .text.USBD_CtlSendStatus  usbd_ioreq.o
    0x08011cee   0x08011cee   0x00000002   PAD
    0x08011cf0   0x08011cf0   0x00000084   Code   RO         3127    .text.USBD_GetEpDesc  usbd_core.o
    0x08011d74   0x08011d74   0x00000004   PAD
    0x08011d78   0x08011d78   0x000000fc   Code   RO         3149    .text.USBD_GetString  usbd_ctlreq.o
    0x08011e74   0x08011e74   0x00000004   PAD
    0x08011e78   0x08011e78   0x00000024   Code   RO          340    .text.USBD_HS_ConfigStrDescriptor  usbd_desc.o
    0x08011e9c   0x08011e9c   0x00000004   PAD
    0x08011ea0   0x08011ea0   0x0000000e   Code   RO          330    .text.USBD_HS_DeviceDescriptor  usbd_desc.o
    0x08011eae   0x08011eae   0x00000002   PAD
    0x08011eb0   0x08011eb0   0x00000028   Code   RO          342    .text.USBD_HS_InterfaceStrDescriptor  usbd_desc.o
    0x08011ed8   0x08011ed8   0x0000000e   Code   RO          332    .text.USBD_HS_LangIDStrDescriptor  usbd_desc.o
    0x08011ee6   0x08011ee6   0x00000002   PAD
    0x08011ee8   0x08011ee8   0x0000002c   Code   RO          334    .text.USBD_HS_ManufacturerStrDescriptor  usbd_desc.o
    0x08011f14   0x08011f14   0x00000004   PAD
    0x08011f18   0x08011f18   0x00000030   Code   RO          336    .text.USBD_HS_ProductStrDescriptor  usbd_desc.o
    0x08011f48   0x08011f48   0x0000016e   Code   RO          338    .text.USBD_HS_SerialStrDescriptor  usbd_desc.o
    0x080120b6   0x080120b6   0x00000002   PAD
    0x080120b8   0x080120b8   0x00000028   Code   RO         3083    .text.USBD_Init     usbd_core.o
    0x080120e0   0x080120e0   0x00000022   Code   RO          427    .text.USBD_LL_ClearStallEP  usbd_conf.o
    0x08012102   0x08012102   0x00000006   PAD
    0x08012108   0x08012108   0x00000022   Code   RO          421    .text.USBD_LL_CloseEP  usbd_conf.o
    0x0801212a   0x0801212a   0x00000006   PAD
    0x08012130   0x08012130   0x000000ba   Code   RO         3107    .text.USBD_LL_DataInStage  usbd_core.o
    0x080121ea   0x080121ea   0x00000006   PAD
    0x080121f0   0x080121f0   0x00000078   Code   RO         3101    .text.USBD_LL_DataOutStage  usbd_core.o
    0x08012268   0x08012268   0x00000004   Code   RO         3123    .text.USBD_LL_DevConnected  usbd_core.o
    0x0801226c   0x0801226c   0x00000004   PAD
    0x08012270   0x08012270   0x00000020   Code   RO         3125    .text.USBD_LL_DevDisconnected  usbd_core.o
    0x08012290   0x08012290   0x00000008   Code   RO          437    .text.USBD_LL_GetRxDataSize  usbd_conf.o
    0x08012298   0x08012298   0x00000072   Code   RO          409    .text.USBD_LL_Init  usbd_conf.o
    0x0801230a   0x0801230a   0x00000006   PAD
    0x08012310   0x08012310   0x00000022   Code   RO          429    .text.USBD_LL_IsStallEP  usbd_conf.o
    0x08012332   0x08012332   0x00000006   PAD
    0x08012338   0x08012338   0x0000002c   Code   RO         3119    .text.USBD_LL_IsoINIncomplete  usbd_core.o
    0x08012364   0x08012364   0x00000004   PAD
    0x08012368   0x08012368   0x0000002c   Code   RO         3121    .text.USBD_LL_IsoOUTIncomplete  usbd_core.o
    0x08012394   0x08012394   0x00000004   PAD
    0x08012398   0x08012398   0x00000028   Code   RO          419    .text.USBD_LL_OpenEP  usbd_conf.o
    0x080123c0   0x080123c0   0x00000022   Code   RO          435    .text.USBD_LL_PrepareReceive  usbd_conf.o
    0x080123e2   0x080123e2   0x00000006   PAD
    0x080123e8   0x080123e8   0x00000060   Code   RO         3109    .text.USBD_LL_Reset  usbd_core.o
    0x08012448   0x08012448   0x00000014   Code   RO         3115    .text.USBD_LL_Resume  usbd_core.o
    0x0801245c   0x0801245c   0x00000004   PAD
    0x08012460   0x08012460   0x0000001e   Code   RO         3117    .text.USBD_LL_SOF   usbd_core.o
    0x0801247e   0x0801247e   0x00000002   PAD
    0x08012480   0x08012480   0x00000008   Code   RO         3111    .text.USBD_LL_SetSpeed  usbd_core.o
    0x08012488   0x08012488   0x00000022   Code   RO          431    .text.USBD_LL_SetUSBAddress  usbd_conf.o
    0x080124aa   0x080124aa   0x00000006   PAD
    0x080124b0   0x080124b0   0x00000062   Code   RO         3099    .text.USBD_LL_SetupStage  usbd_core.o
    0x08012512   0x08012512   0x00000006   PAD
    0x08012518   0x08012518   0x00000022   Code   RO          425    .text.USBD_LL_StallEP  usbd_conf.o
    0x0801253a   0x0801253a   0x00000006   PAD
    0x08012540   0x08012540   0x00000022   Code   RO          415    .text.USBD_LL_Start  usbd_conf.o
    0x08012562   0x08012562   0x00000006   PAD
    0x08012568   0x08012568   0x0000001c   Code   RO         3113    .text.USBD_LL_Suspend  usbd_core.o
    0x08012584   0x08012584   0x00000004   PAD
    0x08012588   0x08012588   0x00000022   Code   RO          433    .text.USBD_LL_Transmit  usbd_conf.o
    0x080125aa   0x080125aa   0x00000006   PAD
    0x080125b0   0x080125b0   0x00000016   Code   RO         3147    .text.USBD_ParseSetupRequest  usbd_ctlreq.o
    0x080125c6   0x080125c6   0x00000002   PAD
    0x080125c8   0x080125c8   0x00000046   Code   RO         3087    .text.USBD_RegisterClass  usbd_core.o
    0x0801260e   0x0801260e   0x00000002   PAD
    0x08012610   0x08012610   0x00000010   Code   RO         3095    .text.USBD_SetClassConfig  usbd_core.o
    0x08012620   0x08012620   0x00000004   Code   RO         3089    .text.USBD_Start    usbd_core.o
    0x08012624   0x08012624   0x00000004   PAD
    0x08012628   0x08012628   0x00000362   Code   RO         3139    .text.USBD_StdDevReq  usbd_ctlreq.o
    0x0801298a   0x0801298a   0x00000006   PAD
    0x08012990   0x08012990   0x00000166   Code   RO         3145    .text.USBD_StdEPReq  usbd_ctlreq.o
    0x08012af6   0x08012af6   0x00000002   PAD
    0x08012af8   0x08012af8   0x0000007c   Code   RO         3143    .text.USBD_StdItfReq  usbd_ctlreq.o
    0x08012b74   0x08012b74   0x00000004   PAD
    0x08012b78   0x08012b78   0x00000002   Code   RO          441    .text.USBD_static_free  usbd_conf.o
    0x08012b7a   0x08012b7a   0x00000006   PAD
    0x08012b80   0x08012b80   0x0000000a   Code   RO          439    .text.USBD_static_malloc  usbd_conf.o
    0x08012b8a   0x08012b8a   0x00000006   PAD
    0x08012b90   0x08012b90   0x0000008a   Code   RO          579    .text.USB_ActivateEndpoint  stm32h7xx_ll_usb.o
    0x08012c1a   0x08012c1a   0x00000006   PAD
    0x08012c20   0x08012c20   0x00000020   Code   RO          621    .text.USB_ActivateSetup  stm32h7xx_ll_usb.o
    0x08012c40   0x08012c40   0x0000022e   Code   RO          557    .text.USB_CoreInit  stm32h7xx_ll_usb.o
    0x08012e6e   0x08012e6e   0x00000002   PAD
    0x08012e70   0x08012e70   0x00000086   Code   RO          583    .text.USB_DeactivateEndpoint  stm32h7xx_ll_usb.o
    0x08012ef6   0x08012ef6   0x00000002   PAD
    0x08012ef8   0x08012ef8   0x0000001e   Code   RO          603    .text.USB_DevConnect  stm32h7xx_ll_usb.o
    0x08012f16   0x08012f16   0x00000002   PAD
    0x08012f18   0x08012f18   0x0000001e   Code   RO          605    .text.USB_DevDisconnect  stm32h7xx_ll_usb.o
    0x08012f36   0x08012f36   0x00000002   PAD
    0x08012f38   0x08012f38   0x0000049e   Code   RO          569    .text.USB_DevInit   stm32h7xx_ll_usb.o
    0x080133d6   0x080133d6   0x00000002   PAD
    0x080133d8   0x080133d8   0x0000000e   Code   RO          563    .text.USB_DisableGlobalInt  stm32h7xx_ll_usb.o
    0x080133e6   0x080133e6   0x00000002   PAD
    0x080133e8   0x080133e8   0x0000005a   Code   RO          623    .text.USB_EP0_OutStart  stm32h7xx_ll_usb.o
    0x08013442   0x08013442   0x00000006   PAD
    0x08013448   0x08013448   0x00000052   Code   RO          597    .text.USB_EPClearStall  stm32h7xx_ll_usb.o
    0x0801349a   0x0801349a   0x00000006   PAD
    0x080134a0   0x080134a0   0x00000040   Code   RO          595    .text.USB_EPSetStall  stm32h7xx_ll_usb.o
    0x080134e0   0x080134e0   0x00000210   Code   RO          587    .text.USB_EPStartXfer  stm32h7xx_ll_usb.o
    0x080136f0   0x080136f0   0x0000010e   Code   RO          591    .text.USB_EPStopXfer  stm32h7xx_ll_usb.o
    0x080137fe   0x080137fe   0x00000002   PAD
    0x08013800   0x08013800   0x0000000e   Code   RO          561    .text.USB_EnableGlobalInt  stm32h7xx_ll_usb.o
    0x0801380e   0x0801380e   0x00000002   PAD
    0x08013810   0x08013810   0x000000be   Code   RO          573    .text.USB_FlushTxFifo  stm32h7xx_ll_usb.o
    0x080138ce   0x080138ce   0x00000002   PAD
    0x080138d0   0x080138d0   0x0000001a   Code   RO          577    .text.USB_GetDevSpeed  stm32h7xx_ll_usb.o
    0x080138ea   0x080138ea   0x00000006   PAD
    0x080138f0   0x080138f0   0x00000008   Code   RO          567    .text.USB_GetMode   stm32h7xx_ll_usb.o
    0x080138f8   0x080138f8   0x0000000e   Code   RO          613    .text.USB_ReadDevAllInEpInterrupt  stm32h7xx_ll_usb.o
    0x08013906   0x08013906   0x00000002   PAD
    0x08013908   0x08013908   0x0000000e   Code   RO          611    .text.USB_ReadDevAllOutEpInterrupt  stm32h7xx_ll_usb.o
    0x08013916   0x08013916   0x00000002   PAD
    0x08013918   0x08013918   0x00000024   Code   RO          617    .text.USB_ReadDevInEPInterrupt  stm32h7xx_ll_usb.o
    0x0801393c   0x0801393c   0x00000004   PAD
    0x08013940   0x08013940   0x00000010   Code   RO          615    .text.USB_ReadDevOutEPInterrupt  stm32h7xx_ll_usb.o
    0x08013950   0x08013950   0x00000008   Code   RO          607    .text.USB_ReadInterrupts  stm32h7xx_ll_usb.o
    0x08013958   0x08013958   0x000000b0   Code   RO          593    .text.USB_ReadPacket  stm32h7xx_ll_usb.o
    0x08013a08   0x08013a08   0x00000368   Code   RO          565    .text.USB_SetCurrentMode  stm32h7xx_ll_usb.o
    0x08013d70   0x08013d70   0x00000022   Code   RO          601    .text.USB_SetDevAddress  stm32h7xx_ll_usb.o
    0x08013d92   0x08013d92   0x00000006   PAD
    0x08013d98   0x08013d98   0x00000118   Code   RO          559    .text.USB_SetTurnaroundTime  stm32h7xx_ll_usb.o
    0x08013eb0   0x08013eb0   0x00000078   Code   RO          589    .text.USB_WritePacket  stm32h7xx_ll_usb.o
    0x08013f28   0x08013f28   0x00000002   Code   RO          258    .text.UsageFault_Handler  stm32h7xx_it.o
    0x08013f2a   0x08013f2a   0x00000006   PAD
    0x08013f30   0x08013f30   0x000001d6   Code   RO         3311    .text.WS2812_Ctrl   ws2812.o
    0x08014106   0x08014106   0x00000002   PAD
    0x08014108   0x08014108   0x00000028   Code   RO         3600    .text.abs_limit     user_lib.o
    0x08014130   0x08014130   0x00000250   Code   RO         3323    .text.bmi088_accel_init  bmi088driver.o
    0x08014380   0x08014380   0x00000214   Code   RO         3325    .text.bmi088_gyro_init  bmi088driver.o
    0x08014594   0x08014594   0x00000004   PAD
    0x08014598   0x08014598   0x00000060   Code   RO         3366    .text.canfd_filter  can_bsp.o
    0x080145f8   0x080145f8   0x00000012   Code   RO         3608    .text.float_constrain  user_lib.o
    0x0801460a   0x0801460a   0x00000006   PAD
    0x08014610   0x08014610   0x00000006   Code   RO         3494    .text.key_line_init  bsp_ps2.o
    0x08014616   0x08014616   0x00000002   PAD
    0x08014618   0x08014618   0x00000054   Code   RO         3496    .text.key_line_scan  bsp_ps2.o
    0x0801466c   0x0801466c   0x00000004   PAD
    0x08014670   0x08014670   0x00000056   Code   RO           33    .text.main          main.o
    0x080146c6   0x080146c6   0x00000002   PAD
    0x080146c8   0x080146c8   0x00000010   Code   RO         2924    .text.osDelay       cmsis_os.o
    0x080146d8   0x080146d8   0x0000000a   Code   RO         2906    .text.osKernelStart  cmsis_os.o
    0x080146e2   0x080146e2   0x00000006   PAD
    0x080146e8   0x080146e8   0x00000060   Code   RO         2912    .text.osThreadCreate  cmsis_os.o
    0x08014748   0x08014748   0x00000180   Code   RO         3624    .text.pid_calc      motor_pid.o
    0x080148c8   0x080148c8   0x0000000e   Code   RO         3628    .text.pid_param_init  motor_pid.o
    0x080148d6   0x080148d6   0x00000002   PAD
    0x080148d8   0x080148d8   0x00000006   Code   RO         3630    .text.pid_reset     motor_pid.o
    0x080148de   0x080148de   0x00000002   PAD
    0x080148e0   0x080148e0   0x0000007e   Code   RO         2749    .text.prvAddCurrentTaskToDelayedList  tasks.o
    0x0801495e   0x0801495e   0x00000002   PAD
    0x08014960   0x08014960   0x000000fe   Code   RO         2739    .text.prvAddNewTaskToReadyList  tasks.o
    0x08014a5e   0x08014a5e   0x00000002   PAD
    0x08014a60   0x08014a60   0x00000086   Code   RO         2773    .text.prvIdleTask   tasks.o
    0x08014ae6   0x08014ae6   0x00000002   PAD
    0x08014ae8   0x08014ae8   0x00000126   Code   RO         2737    .text.prvInitialiseNewTask  tasks.o
    0x08014c0e   0x08014c0e   0x00000002   PAD
    0x08014c10   0x08014c10   0x00000028   Code   RO         3059    .text.prvPortStartFirstTask  port.o
    0x08014c38   0x08014c38   0x00000040   Code   RO         3049    .text.prvTaskExitError  port.o
    0x08014c78   0x08014c78   0x0000038a   Code   RO         2858    .text.prvTimerTask  timers.o
    0x08015002   0x08015002   0x00000006   PAD
    0x08015008   0x08015008   0x0000007a   Code   RO         2638    .text.prvUnlockQueue  queue.o
    0x08015082   0x08015082   0x00000006   PAD
    0x08015088   0x08015088   0x000001f4   Code   RO         3025    .text.pvPortMalloc  heap_4.o
    0x0801527c   0x0801527c   0x00000004   PAD
    0x08015280   0x08015280   0x0000002c   Code   RO         3047    .text.pxPortInitialiseStack  port.o
    0x080152ac   0x080152ac   0x00000004   PAD
    0x080152b0   0x080152b0   0x0000002a   Code   RO         2602    .text.uxListRemove  list.o
    0x080152da   0x080152da   0x00000006   PAD
    0x080152e0   0x080152e0   0x0000001a   Code   RO           64    .text.vApplicationGetIdleTaskMemory  freertos.o
    0x080152fa   0x080152fa   0x00000006   PAD
    0x08015300   0x08015300   0x0000001c   Code   RO           66    .text.vApplicationGetTimerTaskMemory  freertos.o
    0x0801531c   0x0801531c   0x00000004   PAD
    0x08015320   0x08015320   0x00000016   Code   RO         2594    .text.vListInitialise  list.o
    0x08015336   0x08015336   0x00000002   PAD
    0x08015338   0x08015338   0x00000006   Code   RO         2596    .text.vListInitialiseItem  list.o
    0x0801533e   0x0801533e   0x00000002   PAD
    0x08015340   0x08015340   0x00000062   Code   RO         2600    .text.vListInsert   list.o
    0x080153a2   0x080153a2   0x00000006   PAD
    0x080153a8   0x080153a8   0x0000001c   Code   RO         2598    .text.vListInsertEnd  list.o
    0x080153c4   0x080153c4   0x00000004   PAD
    0x080153c8   0x080153c8   0x00000014   Code   RO         3057    .text.vPortEnableVFP  port.o
    0x080153dc   0x080153dc   0x00000004   PAD
    0x080153e0   0x080153e0   0x0000004a   Code   RO         3063    .text.vPortEnterCritical  port.o
    0x0801542a   0x0801542a   0x00000006   PAD
    0x08015430   0x08015430   0x0000002e   Code   RO         3065    .text.vPortExitCritical  port.o
    0x0801545e   0x0801545e   0x00000002   PAD
    0x08015460   0x08015460   0x000000d4   Code   RO         3027    .text.vPortFree     heap_4.o
    0x08015534   0x08015534   0x00000004   PAD
    0x08015538   0x08015538   0x00000034   Code   RO         3055    .text.vPortSetupTimerInterrupt  port.o
    0x0801556c   0x0801556c   0x00000004   PAD
    0x08015570   0x08015570   0x000000b0   Code   RO         2672    .text.vQueueAddToRegistry  queue.o
    0x08015620   0x08015620   0x00000064   Code   RO         2676    .text.vQueueWaitForMessageRestricted  queue.o
    0x08015684   0x08015684   0x00000004   PAD
    0x08015688   0x08015688   0x0000009e   Code   RO         2753    .text.vTaskDelay    tasks.o
    0x08015726   0x08015726   0x00000002   PAD
    0x08015728   0x08015728   0x00000012   Code   RO         2803    .text.vTaskInternalSetTimeOutState  tasks.o
    0x0801573a   0x0801573a   0x00000006   PAD
    0x08015740   0x08015740   0x0000000e   Code   RO         2807    .text.vTaskMissedYield  tasks.o
    0x0801574e   0x0801574e   0x00000002   PAD
    0x08015750   0x08015750   0x00000036   Code   RO         2791    .text.vTaskPlaceOnEventList  tasks.o
    0x08015786   0x08015786   0x00000002   PAD
    0x08015788   0x08015788   0x0000008e   Code   RO         2795    .text.vTaskPlaceOnEventListRestricted  tasks.o
    0x08015816   0x08015816   0x00000002   PAD
    0x08015818   0x08015818   0x000000f0   Code   RO         2771    .text.vTaskStartScheduler  tasks.o
    0x08015908   0x08015908   0x00000010   Code   RO         2747    .text.vTaskSuspendAll  tasks.o
    0x08015918   0x08015918   0x0000006e   Code   RO         2765    .text.vTaskSwitchContext  tasks.o
    0x08015986   0x08015986   0x00000002   PAD
    0x08015988   0x08015988   0x00000044   Code   RO           17    .text.vofa_send_data  vofa.o
    0x080159cc   0x080159cc   0x00000004   PAD
    0x080159d0   0x080159d0   0x0000003c   Code   RO           19    .text.vofa_sendframetail  vofa.o
    0x08015a0c   0x08015a0c   0x00000004   PAD
    0x08015a10   0x08015a10   0x0000018a   Code   RO         3053    .text.xPortStartScheduler  port.o
    0x08015b9a   0x08015b9a   0x00000006   PAD
    0x08015ba0   0x08015ba0   0x000000de   Code   RO         2614    .text.xQueueGenericCreateStatic  queue.o
    0x08015c7e   0x08015c7e   0x00000002   PAD
    0x08015c80   0x08015c80   0x000002bc   Code   RO         2628    .text.xQueueGenericSend  queue.o
    0x08015f3c   0x08015f3c   0x00000004   PAD
    0x08015f40   0x08015f40   0x0000023e   Code   RO         2644    .text.xQueueReceive  queue.o
    0x0801617e   0x0801617e   0x00000002   PAD
    0x08016180   0x08016180   0x00000096   Code   RO         2805    .text.xTaskCheckForTimeOut  tasks.o
    0x08016216   0x08016216   0x00000002   PAD
    0x08016218   0x08016218   0x00000060   Code   RO         2741    .text.xTaskCreate   tasks.o
    0x08016278   0x08016278   0x0000007a   Code   RO         2735    .text.xTaskCreateStatic  tasks.o
    0x080162f2   0x080162f2   0x00000006   PAD
    0x080162f8   0x080162f8   0x0000001c   Code   RO         2819    .text.xTaskGetSchedulerState  tasks.o
    0x08016314   0x08016314   0x00000004   PAD
    0x08016318   0x08016318   0x0000000c   Code   RO         2779    .text.xTaskGetTickCount  tasks.o
    0x08016324   0x08016324   0x00000004   PAD
    0x08016328   0x08016328   0x00000106   Code   RO         2777    .text.xTaskIncrementTick  tasks.o
    0x0801642e   0x0801642e   0x00000002   PAD
    0x08016430   0x08016430   0x000000b6   Code   RO         2823    .text.xTaskPriorityDisinherit  tasks.o
    0x080164e6   0x080164e6   0x00000002   PAD
    0x080164e8   0x080164e8   0x00000078   Code   RO         2797    .text.xTaskRemoveFromEventList  tasks.o
    0x08016560   0x08016560   0x000000ea   Code   RO         2751    .text.xTaskResumeAll  tasks.o
    0x0801664a   0x0801664a   0x00000006   PAD
    0x08016650   0x08016650   0x000000b4   Code   RO         2856    .text.xTimerCreateTimerTask  timers.o
    0x08016704   0x08016704   0x0000003e   Code   RO         3839    CL$$btod_d2e        c_w.l(btod.o)
    0x08016742   0x08016742   0x00000046   Code   RO         3841    CL$$btod_d2e_denorm_low  c_w.l(btod.o)
    0x08016788   0x08016788   0x00000060   Code   RO         3840    CL$$btod_d2e_norm_op1  c_w.l(btod.o)
    0x080167e8   0x080167e8   0x00000338   Code   RO         3849    CL$$btod_div_common  c_w.l(btod.o)
    0x08016b20   0x08016b20   0x000000dc   Code   RO         3846    CL$$btod_e2e        c_w.l(btod.o)
    0x08016bfc   0x08016bfc   0x0000002a   Code   RO         3843    CL$$btod_ediv       c_w.l(btod.o)
    0x08016c26   0x08016c26   0x0000002a   Code   RO         3842    CL$$btod_emul       c_w.l(btod.o)
    0x08016c50   0x08016c50   0x00000244   Code   RO         3848    CL$$btod_mult_common  c_w.l(btod.o)
    0x08016e94   0x08016e94   0x00000030   Code   RO         3882    i.__ARM_fpclassify  m_wv.l(fpclassify.o)
    0x08016ec4   0x08016ec4   0x00000026   Code   RO         3773    i.__ARM_fpclassifyf  m_wv.l(fpclassifyf.o)
    0x08016eea   0x08016eea   0x00000002   PAD
    0x08016eec   0x08016eec   0x0000012c   Code   RO         3713    i.__hardfp_asinf    m_wv.l(asinf.o)
    0x08017018   0x08017018   0x000002ac   Code   RO         3719    i.__hardfp_atan2f   m_wv.l(atan2f.o)
    0x080172c4   0x080172c4   0x00000006   Code   RO         3776    i.__mathlib_flt_infnan  m_wv.l(funder.o)
    0x080172ca   0x080172ca   0x00000006   Code   RO         3777    i.__mathlib_flt_infnan2  m_wv.l(funder.o)
    0x080172d0   0x080172d0   0x00000010   Code   RO         3778    i.__mathlib_flt_invalid  m_wv.l(funder.o)
    0x080172e0   0x080172e0   0x00000010   Code   RO         3781    i.__mathlib_flt_underflow  m_wv.l(funder.o)
    0x080172f0   0x080172f0   0x0000003e   Code   RO         3799    i.sqrtf             m_wv.l(sqrtf.o)
    0x0801732e   0x0801732e   0x00000002   PAD
    0x08017330   0x08017330   0x0000002c   Code   RO         3872    locale$$code        c_w.l(lc_numeric_c.o)
    0x0801735c   0x0801735c   0x0000001a   Code   RO         4095    x$fpl$fpinit        fz_wv.l(fpinit.o)
    0x08017376   0x08017376   0x00000004   Code   RO         3711    x$fpl$printf1       fz_wv.l(printf1.o)
    0x0801737a   0x0801737a   0x00000000   Code   RO         3755    x$fpl$usenofp       fz_wv.l(usenofp.o)
    0x0801737a   0x0801737a   0x00000002   PAD
    0x0801737c   0x0801737c   0x00000094   Data   RO         3837    .constdata          c_w.l(bigflt0.o)
    0x08017410   0x08017410   0x0000004c   Data   RO         1810    .rodata..L__const.HAL_FDCAN_Init.CvtEltSize  stm32h7xx_hal_fdcan.o
    0x0801745c   0x0801745c   0x0000001c   Data   RO           94    .rodata..L__const.MX_FREERTOS_Init.os_thread_def_KeyTask  freertos.o
    0x08017478   0x08017478   0x0000001c   Data   RO           97    .rodata..L__const.MX_FREERTOS_Init.os_thread_def_LcdTask  freertos.o
    0x08017494   0x08017494   0x0000001c   Data   RO           91    .rodata..L__const.MX_FREERTOS_Init.os_thread_def_defaultTask  freertos.o
    0x080174b0   0x080174b0   0x00000006   Data   RO         2492    .rodata..Lswitch.table.UART_SetConfig.7  stm32h7xx_hal_uart.o
    0x080174b6   0x080174b6   0x00000006   Data   RO         2493    .rodata..Lswitch.table.UART_SetConfig.9  stm32h7xx_hal_uart.o
    0x080174bc   0x080174bc   0x00000010   Data   RO         2547    .rodata.D1CorePrescTable  system_stm32h7xx.o
    0x080174cc   0x080174cc   0x00000018   Data   RO         2491    .rodata.UARTPrescTable  stm32h7xx_hal_uart.o
    0x080174e4   0x080174e4   0x00000474   Data   RO         3295    .rodata.ascii_1206  lcd.o
    0x08017958   0x08017958   0x000005f0   Data   RO         3296    .rodata.ascii_1608  lcd.o
    0x08017f48   0x08017f48   0x000011d0   Data   RO         3297    .rodata.ascii_2412  lcd.o
    0x08019118   0x08019118   0x000017c0   Data   RO         3298    .rodata.ascii_3216  lcd.o
    0x0801a8d8   0x0801a8d8   0x00000010   Data   RO         1811    .rodata.cst16       stm32h7xx_hal_fdcan.o
    0x0801a8e8   0x0801a8e8   0x00000010   Data   RO         2534    .rodata.cst8        stm32h7xx_hal_uart_ex.o
    0x0801a8f8   0x0801a8f8   0x00000c80   Data   RO         3519    .rodata.gImage_1    lcd_task.o
    0x0801b578   0x0801b578   0x0000004a   Data   RO           90    .rodata.str1.1      freertos.o
    0x0801b5c2   0x0801b5c2   0x00000005   Data   RO         2896    .rodata.str1.1      timers.o
    0x0801b5c7   0x0801b5c7   0x00000006   Data   RO         3550    .rodata.str1.1      fun_test_task.o
    0x0801b5cd   0x0801b5cd   0x00000068   Data   RO         3299    .rodata.tfont12     lcd.o
    0x0801b635   0x0801b635   0x00000088   Data   RO         3300    .rodata.tfont16     lcd.o
    0x0801b6bd   0x0801b6bd   0x00000128   Data   RO         3301    .rodata.tfont24     lcd.o
    0x0801b7e5   0x0801b7e5   0x00000208   Data   RO         3302    .rodata.tfont32     lcd.o
    0x0801b9ed   0x0801b9ed   0x00000012   Data   RO         3329    .rodata.write_BMI088_accel_reg_data_error  bmi088driver.o
    0x0801b9ff   0x0801b9ff   0x00000012   Data   RO         3330    .rodata.write_BMI088_gyro_reg_data_error  bmi088driver.o
    0x0801ba11   0x0801ba11   0x00000003   PAD
    0x0801ba14   0x0801ba14   0x00000020   Data   RO         4178    Region$$Table       anon$$obj.o
    0x0801ba34   0x0801ba34   0x0000001c   Data   RO         3871    locale$$data        c_w.l(lc_numeric_c.o)


    Execution Region RW_IRAM1 (Exec base: 0x20000000, Load base: 0x0801ba50, Size: 0x00000000, Max: 0x00020000, ABSOLUTE)

    **** No section assigned to this execution region ****


    Execution Region RW_IRAM2 (Exec base: 0x24000000, Load base: 0x0801ba50, Size: 0x0000bd20, Max: 0x00050000, ABSOLUTE)

    Exec Addr    Load Addr    Size         Type   Attr      Idx    E Section Name        Object

    0x24000000   0x0801ba50   0x00000008   Data   RW         1271    .data..L_MergedGlobals  stm32h7xx_hal.o
    0x24000008   0x0801ba58   0x00000008   Data   RW         2548    .data..L_MergedGlobals  system_stm32h7xx.o
    0x24000010   0x0801ba60   0x00000008   Data   RW         3331    .data..L_MergedGlobals  bmi088driver.o
    0x24000018   0x0801ba68   0x00000020   Data   RW          346    .data.HS_Desc       usbd_desc.o
    0x24000038   0x0801ba88   0x00000038   Data   RW         3212    .data.USBD_CDC      usbd_cdc.o
    0x24000070   0x0801bac0   0x00000043   Data   RW         3214    .data.USBD_CDC_CfgDesc  usbd_cdc.o
    0x240000b3   0x0801bb03   0x00000001   PAD
    0x240000b4   0x0801bb04   0x0000000a   Data   RW         3213    .data.USBD_CDC_DeviceQualifierDesc  usbd_cdc.o
    0x240000be   0x0801bb0e   0x00000002   PAD
    0x240000c0   0x0801bb10   0x00000012   Data   RW          347    .data.USBD_HS_DeviceDesc  usbd_desc.o
    0x240000d2   0x0801bb22   0x00000002   PAD
    0x240000d4   0x0801bb24   0x00000014   Data   RW          372    .data.USBD_Interface_fops_HS  usbd_cdc_if.o
    0x240000e8   0x0801bb38   0x00000004   Data   RW          349    .data.USBD_LangIDDesc  usbd_desc.o
    0x240000ec   0x0801bb3c   0x0000001a   Data   RW          350    .data.USBD_StringSerial  usbd_desc.o
    0x24000106   0x0801bb56   0x00000002   PAD
    0x24000108   0x0801bb58   0x00000004   Data   RW         3649    .data.twoKp         mahonyahrs.o
    0x2400010c   0x0801bb5c   0x00000004   Data   RW         3073    .data.uxCriticalNesting  port.o
    0x24000110        -       0x00000060   Zero   RW         3890    .bss                c_w.l(libspace.o)
    0x24000170        -       0x00000008   Zero   RW           22    .bss..L_MergedGlobals  vofa.o
    0x24000178        -       0x00000020   Zero   RW          108    .bss..L_MergedGlobals  freertos.o
    0x24000198        -       0x00000078   Zero   RW         2846    .bss..L_MergedGlobals  tasks.o
    0x24000210        -       0x0000003c   Zero   RW         2897    .bss..L_MergedGlobals  timers.o
    0x2400024c        -       0x00000020   Zero   RW         3038    .bss..L_MergedGlobals  heap_4.o
    0x2400026c        -       0x00000008   Zero   RW         3074    .bss..L_MergedGlobals  port.o
    0x24000274        -       0x00000008   Zero   RW         3225    .bss..L_MergedGlobals  bsp_user_key.o
    0x2400027c        -       0x0000005c   Zero   RW         3386    .bss..L_MergedGlobals  can_bsp.o
    0x240002d8        -       0x0000000c   Zero   RW         3509    .bss..L_MergedGlobals  key_task.o
    0x240002e4        -       0x00000048   Zero   RW         3535    .bss..L_MergedGlobals  imu_task.o
    0x2400032c        -       0x00000012   Zero   RW         3552    .bss..L_MergedGlobals  fun_test_task.o
    0x2400033e   0x0801bb60   0x00000002   PAD
    0x24000340        -       0x00000030   Zero   RW         3565    .bss..L_MergedGlobals  ctr_task.o
    0x24000370        -       0x00000010   Zero   RW         3650    .bss..L_MergedGlobals  mahonyahrs.o
    0x24000380        -       0x00000078   Zero   RW         3387    .bss..L_MergedGlobals.1  can_bsp.o
    0x240003f8        -       0x00000028   Zero   RW         2847    .bss..L_MergedGlobals.2  tasks.o
    0x24000420        -       0x00001000   Zero   RW          106    .bss.CommunicationBuffer  freertos.o
    0x24001420        -       0x0000005c   Zero   RW          107    .bss.CommunicationControlBlock  freertos.o
    0x2400147c        -       0x00001000   Zero   RW          102    .bss.CtrTaskBuffer  freertos.o
    0x2400247c        -       0x0000005c   Zero   RW          103    .bss.CtrTaskControlBlock  freertos.o
    0x240024d8        -       0x00000200   Zero   RW          100    .bss.FunTestBuffer  freertos.o
    0x240026d8        -       0x0000005c   Zero   RW          101    .bss.FunTestControlBlock  freertos.o
    0x24002734        -       0x00000004   Zero   RW          155    .bss.HAL_RCC_FDCAN_CLK_ENABLED  fdcan.o
    0x24002738        -       0x00001000   Zero   RW           98    .bss.ImuTaskBuffer  freertos.o
    0x24003738        -       0x0000005c   Zero   RW           99    .bss.ImuTaskControlBlock  freertos.o
    0x24003794        -       0x00000200   Zero   RW           92    .bss.KeyTaskBuffer  freertos.o
    0x24003994        -       0x0000005c   Zero   RW           93    .bss.KeyTaskControlBlock  freertos.o
    0x240039f0        -       0x00000400   Zero   RW           95    .bss.LcdTaskBuffer  freertos.o
    0x24003df0        -       0x0000005c   Zero   RW           96    .bss.LcdTaskControlBlock  freertos.o
    0x24003e4c   0x0801bb60   0x00000004   PAD
    0x24003e50        -       0x00000300   Zero   RW         3465    .bss.Motors         cybergear.o
    0x24004150        -       0x00000200   Zero   RW          104    .bss.RgbTaskBuffer  freertos.o
    0x24004350        -       0x0000005c   Zero   RW          105    .bss.RgbTaskControlBlock  freertos.o
    0x240043ac        -       0x00000001   Zero   RW         3151    .bss.USBD_SetConfig.cfgidx  usbd_ctlreq.o
    0x240043ad   0x0801bb60   0x00000003   PAD
    0x240043b0        -       0x00000200   Zero   RW          351    .bss.USBD_StrDesc   usbd_desc.o
    0x240045b0        -       0x00000220   Zero   RW          446    .bss.USBD_static_malloc.mem  usbd_conf.o
    0x240047d0        -       0x00000800   Zero   RW          373    .bss.UserRxBufferHS  usbd_cdc_if.o
    0x24004fd0        -       0x00000800   Zero   RW          374    .bss.UserTxBufferHS  usbd_cdc_if.o
    0x240057d0        -       0x00000004   Zero   RW         3464    .bss.byte           cybergear.o
    0x240057d4        -       0x000002dc   Zero   RW          323    .bss.hUsbDeviceHS   usb_device.o
    0x24005ab0        -       0x00000070   Zero   RW          123    .bss.hadc1          adc.o
    0x24005b20        -       0x00000078   Zero   RW          124    .bss.hdma_adc1      adc.o
    0x24005b98        -       0x000000a0   Zero   RW          152    .bss.hfdcan1        fdcan.o
    0x24005c38        -       0x000000a0   Zero   RW          153    .bss.hfdcan2        fdcan.o
    0x24005cd8        -       0x000000a0   Zero   RW          154    .bss.hfdcan3        fdcan.o
    0x24005d78        -       0x0000005c   Zero   RW          171    .bss.hospi2         octospi.o
    0x24005dd4        -       0x000004e4   Zero   RW          445    .bss.hpcd_USB_OTG_HS  usbd_conf.o
    0x240062b8        -       0x00000088   Zero   RW          190    .bss.hspi1          spi.o
    0x24006340        -       0x00000088   Zero   RW          191    .bss.hspi2          spi.o
    0x240063c8        -       0x00000088   Zero   RW          192    .bss.hspi6          spi.o
    0x24006450        -       0x0000004c   Zero   RW          212    .bss.htim12         tim.o
    0x2400649c        -       0x0000004c   Zero   RW          312    .bss.htim23         stm32h7xx_hal_timebase_tim.o
    0x240064e8        -       0x0000004c   Zero   RW          211    .bss.htim3          tim.o
    0x24006534        -       0x00000094   Zero   RW          238    .bss.huart1         usart.o
    0x240065c8        -       0x00000094   Zero   RW          241    .bss.huart10        usart.o
    0x2400665c        -       0x00000094   Zero   RW          239    .bss.huart2         usart.o
    0x240066f0        -       0x00000094   Zero   RW          240    .bss.huart3         usart.o
    0x24006784        -       0x00000094   Zero   RW          237    .bss.huart7         usart.o
    0x24006818        -       0x00000004   Zero   RW         3498    .bss.key_line       bsp_ps2.o
    0x2400681c        -       0x0000006c   Zero   RW         3632    .bss.pid_pit        motor_pid.o
    0x24006888        -       0x000001b0   Zero   RW         3634    .bss.pid_spd        motor_pid.o
    0x24006a38        -       0x0000006c   Zero   RW         3633    .bss.pid_yaw        motor_pid.o
    0x24006aa4        -       0x000000a0   Zero   RW         2895    .bss.prvCheckForValidListAndQueue.ucStaticTimerQueueStorage  timers.o
    0x24006b44        -       0x00000050   Zero   RW         2894    .bss.prvCheckForValidListAndQueue.xStaticTimerQueue  timers.o
    0x24006b94        -       0x0000008c   Zero   RW         2845    .bss.pxReadyTasksLists  tasks.o
    0x24006c20        -       0x00000400   Zero   RW           21    .bss.send_buf       vofa.o
    0x24007020        -       0x00003c00   Zero   RW         3037    .bss.ucHeap         heap_4.o
    0x2400ac20        -       0x00000004   Zero   RW         1270    .bss.uwTick         stm32h7xx_hal.o
    0x2400ac24        -       0x00000200   Zero   RW           87    .bss.xIdleStack     freertos.o
    0x2400ae24        -       0x0000005c   Zero   RW           86    .bss.xIdleTaskTCBBuffer  freertos.o
    0x2400ae80        -       0x00000040   Zero   RW         2678    .bss.xQueueRegistry  queue.o
    0x2400aec0        -       0x00000400   Zero   RW           89    .bss.xTimerStack    freertos.o
    0x2400b2c0        -       0x0000005c   Zero   RW           88    .bss.xTimerTaskTCBBuffer  freertos.o
    0x2400b31c   0x0801bb60   0x00000004   PAD
    0x2400b320        -       0x00000200   Zero   RW            2    HEAP                startup_stm32h723xx.o
    0x2400b520        -       0x00000800   Zero   RW            1    STACK               startup_stm32h723xx.o


==============================================================================

Image component sizes


      Code (inc. data)   RO Data    RW Data    ZI Data      Debug   Object Name

       496          0          0          0        232       9718   adc.o
      1558          0         36          8          0       5598   bmi088driver.o
       282          0          0          0          0       3969   bmi088middleware.o
        14          0          0          0          0       4662   bsp_buzzer.o
        58          0          0          0          0       2335   bsp_power_enable.o
        90          0          0          0          4       1589   bsp_ps2.o
       100          0          0          0          8       1559   bsp_user_key.o
       314          0          0          0        212       9422   can_bsp.o
       122          0          0          0          0      27044   cmsis_os.o
       176          4          0          0          0       1406   communication_task.o
       660         68          0          0         48       2280   ctr_task.o
      1838         68          0          0        772      19307   cybergear.o
        52          0          0          0          0       5429   dma.o
       778          0          0          0        484      12382   fdcan.o
       562        140        158          0      17244       5786   freertos.o
       270          0          6          0         18       5338   fun_test_task.o
       474          0          0          0          0       3531   gpio.o
       712          0          0          0      15392       5762   heap_4.o
       460         24          0          0         72       3801   imu_task.o
       140          8          0          0         12       1789   key_task.o
      9366          6      14356          0          0      33586   lcd.o
       204         20       3200          0          0       1320   lcd_task.o
       196          0          0          0          0       2356   list.o
       512          8          0          4         16       6098   mahonyahrs.o
       336          0          0          0          0       9930   main.o
       436          4          0          0        648       2931   motor_pid.o
       592          0          0          0         92       9502   octospi.o
       916         16          0          4          8       4348   port.o
      1894          0          0          0         64      28980   queue.o
      1934          0          0          0          0       2900   rgb_task.o
       790          0          0          0        408       9847   spi.o
        64         26        716          0       2560        880   startup_stm32h723xx.o
       178          0          0          8          4      15965   stm32h7xx_hal.o
      3124         14          0          0          0      30989   stm32h7xx_hal_adc.o
       392          0          0          0          0      31938   stm32h7xx_hal_adc_ex.o
       156          0          0          0          0      12438   stm32h7xx_hal_cortex.o
      7724         12          0          0          0      17955   stm32h7xx_hal_dma.o
      2966          0         92          0          0      61511   stm32h7xx_hal_fdcan.o
       710          0          0          0          0       7019   stm32h7xx_hal_gpio.o
        42          0          0          0          0       5471   stm32h7xx_hal_msp.o
      1892          0          0          0          0      29905   stm32h7xx_hal_ospi.o
      3790          0          0          0          0      17475   stm32h7xx_hal_pcd.o
       266          0          0          0          0       6407   stm32h7xx_hal_pcd_ex.o
        94          0          0          0          0       9658   stm32h7xx_hal_pwr_ex.o
      2740         16          0          0          0      11381   stm32h7xx_hal_rcc.o
      5148        212          0          0          0      19734   stm32h7xx_hal_rcc_ex.o
      2344          0          0          0          0      23325   stm32h7xx_hal_spi.o
      2798         24          0          0          0      65778   stm32h7xx_hal_tim.o
       228          0          0          0          0      26307   stm32h7xx_hal_tim_ex.o
       160          0          0          0         76       9674   stm32h7xx_hal_timebase_tim.o
      7988        332         36          0          0      43600   stm32h7xx_hal_uart.o
       480          0         16          0          0      11590   stm32h7xx_hal_uart_ex.o
       180          0          0          0          0      12863   stm32h7xx_it.o
      4960          0          0          0          0      40176   stm32h7xx_ll_usb.o
       176          0         16          8          0       5290   system_stm32h7xx.o
      2766          8          0          0        300      41476   tasks.o
       554          0          0          0        152       9181   tim.o
      1086         20          5          0        300      16508   timers.o
      1304          0          0          0        740      13454   usart.o
       108          0          0          0        732       3311   usb_device.o
      1232         12          0        133          0      11797   usbd_cdc.o
       138          0          0         20       4096       4944   usbd_cdc_if.o
       754          0          0          0       1796      22317   usbd_conf.o
       998          0          0          0          0      11239   usbd_core.o
      1644         36          0          0          1      10260   usbd_ctlreq.o
       562         72          0         80        512       4405   usbd_desc.o
       132          0          0          0          0       4778   usbd_ioreq.o
        58          0          0          0          0       3778   user_lib.o
       128          0          0          0       1032       2801   vofa.o
       470          0          0          0          0       1995   ws2812.o

    ----------------------------------------------------------------------
     88156       1202      18672        272      48048     924078   Object Totals
         0          0         32          0          0          0   (incl. Generated)
      1290         52          3          7         13          0   (incl. Padding)

    ----------------------------------------------------------------------

      Code (inc. data)   RO Data    RW Data    ZI Data      Debug   Library Member Name

         8          0          0          0          0         68   __main.o
         0          0          0          0          0          0   __rtentry.o
        12          0          0          0          0          0   __rtentry2.o
         6          0          0          0          0          0   __rtentry4.o
        94          8          0          0          0          0   __scatter.o
        26          0          0          0          0          0   __scatter_copy.o
        28          0          0          0          0          0   __scatter_zi.o
         6          0          0          0          0          0   _printf_d.o
       120         16          0          0          0         92   _printf_dec.o
         6          0          0          0          0          0   _printf_f.o
      1052          0          0          0          0        148   _printf_fp_dec.o
       128         16          0          0          0         84   _printf_fp_infnan.o
       178          0          0          0          0         88   _printf_intcommon.o
         0          0          0          0          0          0   _printf_percent.o
         4          0          0          0          0          0   _printf_percent_end.o
        22          0          0          0          0        100   _rserrno.o
        16          0          0          0          0         68   aeabi_memset4.o
       228          4        148          0          0         96   bigflt0.o
      1936        128          0          0          0        668   btod.o
        18          0          0          0          0         80   exit.o
         6          0          0          0          0        152   heapauxi.o
         0          0          0          0          0          0   indicate_semi.o
        44         10         28          0          0         76   lc_numeric_c.o
         2          0          0          0          0          0   libinit.o
        22          0          0          0          0          0   libinit2.o
         2          0          0          0          0          0   libshutdown.o
         2          0          0          0          0          0   libshutdown2.o
         8          4          0          0         96         68   libspace.o
       138          0          0          0          0         80   lludiv10.o
       240          0          0          0          0        100   lludivv7m.o
        88          0          0          0          0         76   memcmp.o
         8          4          0          0          0         68   rt_errno_addr_intlibspace.o
         8          4          0          0          0         68   rt_locale_intlibspace.o
        78          0          0          0          0         80   rt_memclr_w.o
       138          0          0          0          0         68   rt_memcpy_v6.o
       100          0          0          0          0         80   rt_memcpy_w.o
         2          0          0          0          0          0   rtexit.o
        10          0          0          0          0          0   rtexit2.o
       124          0          0          0          0         88   strcmpv7m_pel.o
        12          4          0          0          0         68   sys_exit.o
        74          0          0          0          0         80   sys_stackheap_outer.o
         2          0          0          0          0         68   use_no_semi.o
        26          0          0          0          0        116   fpinit.o
         4          0          0          0          0        116   printf1.o
         0          0          0          0          0          0   usenofp.o
       300         42          0          0          0        176   asinf.o
       684         90          0          0          0        208   atan2f.o
        48          0          0          0          0        124   fpclassify.o
        38          0          0          0          0        116   fpclassifyf.o
        44         12          0          0          0        464   funder.o
        62          0          0          0          0        136   sqrtf.o

    ----------------------------------------------------------------------
      6228        342        176          0         96       4168   Library Totals
        26          0          0          0          0          0   (incl. Padding)

    ----------------------------------------------------------------------

      Code (inc. data)   RO Data    RW Data    ZI Data      Debug   Library Name

      4996        198        176          0         96       2712   c_w.l
        30          0          0          0          0        232   fz_wv.l
      1176        144          0          0          0       1224   m_wv.l

    ----------------------------------------------------------------------
      6228        342        176          0         96       4168   Library Totals

    ----------------------------------------------------------------------

==============================================================================


      Code (inc. data)   RO Data    RW Data    ZI Data      Debug   

     94384       1544      18848        272      48144     924598   Grand Totals
     94384       1544      18848        272      48144     924598   ELF Image Totals
     94384       1544      18848        272          0          0   ROM Totals

==============================================================================

    Total RO  Size (Code + RO Data)               113232 ( 110.58kB)
    Total RW  Size (RW Data + ZI Data)             48416 (  47.28kB)
    Total ROM Size (Code + RO Data + RW Data)     113504 ( 110.84kB)

==============================================================================

