<html>
<body>
<pre>
<h1>µVision Build Log</h1>
<h2>Tool Versions:</h2>
IDE-Version: ¦ÌVision V5.39.0.0
Copyright (C) 2023 ARM Ltd and ARM Germany GmbH. All rights reserved.
License Information: 1 ALIN, 1, LIC=76F5U-SKAQ9-2ZDW4-FWKPL-VLY2E-ZQCHK
 
Tool Versions:
Toolchain:       MDK-ARM Plus  Version: 5.39.0.0
Toolchain Path:  D:\KEIL_539\ARM\ARMCLANG\Bin
C Compiler:      ArmClang.exe V6.21
Assembler:       Armasm.exe V6.21
Linker/Locator:  ArmLink.exe V6.21
Library Manager: ArmAr.exe V6.21
Hex Converter:   FromElf.exe V6.21
CPU DLL:         SARMCM3.DLL V5.39.0.0
Dialog DLL:      DCM.DLL V1.17.5.0
Target DLL:      CMSIS_AGDI.dll V1.33.16.0
Dialog DLL:      TCM.DLL V1.56.4.0
 
<h2>Project:</h2>
c:\Users\ALIN\Desktop\Robo_Balance\2.Firmware\RoboticBalance_CtrBoard_H7_AC6_KEY\MDK-ARM\CtrBoard-H7_ALL.uvprojx
Project File Date:  12/18/2024

<h2>Output:</h2>
*** Using Compiler 'V6.21', folder: 'D:\KEIL_539\ARM\ARMCLANG\Bin'
Build target 'CtrBoard-H7_ALL'
assembling startup_stm32h723xx.s...
compiling dma.c...
compiling stm32h7xx_hal_msp.c...
compiling memorymap.c...
compiling vofa.c...
compiling gpio.c...
compiling tim.c...
compiling usart.c...
compiling adc.c...
compiling freertos.c...
compiling stm32h7xx_it.c...
compiling octospi.c...
compiling spi.c...
compiling fdcan.c...
compiling main.c...
compiling stm32h7xx_hal_timebase_tim.c...
compiling usb_device.c...
compiling usbd_desc.c...
compiling usbd_cdc_if.c...
compiling usbd_conf.c...
compiling stm32h7xx_hal_hsem.c...
compiling stm32h7xx_hal_pcd_ex.c...
compiling stm32h7xx_hal_rcc_ex.c...
compiling stm32h7xx_hal_flash.c...
compiling stm32h7xx_hal_rcc.c...
compiling stm32h7xx_hal_gpio.c...
compiling stm32h7xx_hal_flash_ex.c...
compiling stm32h7xx_hal_pwr.c...
compiling stm32h7xx_hal_dma_ex.c...
compiling stm32h7xx_hal_pwr_ex.c...
compiling stm32h7xx_hal_pcd.c...
compiling stm32h7xx_hal_mdma.c...
compiling stm32h7xx_hal_dma.c...
compiling stm32h7xx_ll_usb.c...
compiling stm32h7xx_hal_cortex.c...
compiling stm32h7xx_hal.c...
compiling stm32h7xx_hal_i2c_ex.c...
compiling stm32h7xx_hal_exti.c...
compiling stm32h7xx_hal_spi_ex.c...
compiling list.c...
compiling croutine.c...
compiling stm32h7xx_hal_tim_ex.c...
compiling stm32h7xx_hal_adc.c...
compiling stm32h7xx_hal_spi.c...
compiling event_groups.c...
compiling stm32h7xx_hal_ospi.c...
compiling system_stm32h7xx.c...
compiling stm32h7xx_hal_adc_ex.c...
compiling stm32h7xx_hal_uart_ex.c...
compiling stm32h7xx_hal_i2c.c...
compiling timers.c...
compiling queue.c...
compiling stm32h7xx_hal_uart.c...
compiling heap_4.c...
compiling port.c...
compiling stm32h7xx_hal_tim.c...
compiling stm32h7xx_hal_fdcan.c...
compiling cmsis_os.c...
compiling stream_buffer.c...
compiling usbd_ioreq.c...
compiling usbd_cdc.c...
compiling bsp_user_key.c...
compiling usbd_ctlreq.c...
compiling usbd_core.c...
compiling tasks.c...
compiling ws2812.c...
compiling bsp_buzzer.c...
compiling can_bsp.c...
compiling bsp_power_enable.c...
compiling w25q64.c...
compiling BMI088driver.c...
compiling BMI088Middleware.c...
compiling bsp_ps2.c...
compiling cybergear.c...
compiling key_task.c...
compiling imu_task.c...
compiling fun_test_task.c...
compiling lcd_task.c...
compiling user_lib.c...
compiling ctr_task.c...
compiling lcd.c...
compiling rgb_task.c...
compiling MahonyAHRS.c...
compiling communication_task.c...
compiling motor_pid.c...
linking...
Program Size: Code=94384 RO-data=18848 RW-data=272 ZI-data=48144  
FromELF: creating hex file...
"CtrBoard-H7_ALL\CtrBoard-H7_ALL.axf" - 0 Error(s), 0 Warning(s).

<h2>Software Packages used:</h2>

Package Vendor: ARM
                http://www.keil.com/pack/ARM.CMSIS.5.9.0.pack
                ARM::CMSIS@5.9.0
                CMSIS (Common Microcontroller Software Interface Standard)
   * Component: CORE Version: 5.6.0

Package Vendor: Keil
                https://www.keil.com/pack/Keil.STM32H7xx_DFP.4.0.0.pack
                Keil::STM32H7xx_DFP@4.0.0
                STMicroelectronics STM32H7 Series Device Support

<h2>Collection of Component include folders:</h2>
  ./RTE/_CtrBoard-H7_ALL
  C:/Users/ALIN/AppData/Local/Arm/Packs/ARM/CMSIS/5.9.0/CMSIS/Core/Include

<h2>Collection of Component Files used:</h2>

   * Component: ARM::CMSIS:CORE@5.6.0
      Include file:  CMSIS/Core/Include/tz_context.h
Build Time Elapsed:  00:00:07
</pre>
</body>
</html>
