Component: Arm Compiler for Embedded 6.21 Tool: armlink [5ec1fa00]

==============================================================================

Section Cross References

    startup_stm32h723xx.o(STACK) refers (Special) to heapauxi.o(.text) for __use_two_region_memory
    startup_stm32h723xx.o(HEAP) refers (Special) to heapauxi.o(.text) for __use_two_region_memory
    startup_stm32h723xx.o(RESET) refers (Special) to heapauxi.o(.text) for __use_two_region_memory
    startup_stm32h723xx.o(RESET) refers to startup_stm32h723xx.o(STACK) for __initial_sp
    startup_stm32h723xx.o(RESET) refers to startup_stm32h723xx.o(.text) for Reset_Handler
    startup_stm32h723xx.o(RESET) refers to stm32h7xx_it.o(.text.NMI_Handler) for NMI_Handler
    startup_stm32h723xx.o(RESET) refers to stm32h7xx_it.o(.text.HardFault_Handler) for HardFault_Handler
    startup_stm32h723xx.o(RESET) refers to stm32h7xx_it.o(.text.MemManage_Handler) for MemManage_Handler
    startup_stm32h723xx.o(RESET) refers to stm32h7xx_it.o(.text.BusFault_Handler) for BusFault_Handler
    startup_stm32h723xx.o(RESET) refers to stm32h7xx_it.o(.text.UsageFault_Handler) for UsageFault_Handler
    startup_stm32h723xx.o(RESET) refers to port.o(.text.SVC_Handler) for SVC_Handler
    startup_stm32h723xx.o(RESET) refers to stm32h7xx_it.o(.text.DebugMon_Handler) for DebugMon_Handler
    startup_stm32h723xx.o(RESET) refers to port.o(.text.PendSV_Handler) for PendSV_Handler
    startup_stm32h723xx.o(RESET) refers to port.o(.text.SysTick_Handler) for SysTick_Handler
    startup_stm32h723xx.o(RESET) refers to stm32h7xx_it.o(.text.DMA1_Stream0_IRQHandler) for DMA1_Stream0_IRQHandler
    startup_stm32h723xx.o(RESET) refers to stm32h7xx_it.o(.text.FDCAN1_IT0_IRQHandler) for FDCAN1_IT0_IRQHandler
    startup_stm32h723xx.o(RESET) refers to stm32h7xx_it.o(.text.FDCAN2_IT0_IRQHandler) for FDCAN2_IT0_IRQHandler
    startup_stm32h723xx.o(RESET) refers to stm32h7xx_it.o(.text.FDCAN1_IT1_IRQHandler) for FDCAN1_IT1_IRQHandler
    startup_stm32h723xx.o(RESET) refers to stm32h7xx_it.o(.text.FDCAN2_IT1_IRQHandler) for FDCAN2_IT1_IRQHandler
    startup_stm32h723xx.o(RESET) refers to stm32h7xx_it.o(.text.USART1_IRQHandler) for USART1_IRQHandler
    startup_stm32h723xx.o(RESET) refers to stm32h7xx_it.o(.text.USART2_IRQHandler) for USART2_IRQHandler
    startup_stm32h723xx.o(RESET) refers to stm32h7xx_it.o(.text.USART3_IRQHandler) for USART3_IRQHandler
    startup_stm32h723xx.o(RESET) refers to stm32h7xx_it.o(.text.OTG_HS_IRQHandler) for OTG_HS_IRQHandler
    startup_stm32h723xx.o(RESET) refers to stm32h7xx_it.o(.text.UART7_IRQHandler) for UART7_IRQHandler
    startup_stm32h723xx.o(RESET) refers to stm32h7xx_it.o(.text.USART10_IRQHandler) for USART10_IRQHandler
    startup_stm32h723xx.o(RESET) refers to stm32h7xx_it.o(.text.FDCAN3_IT0_IRQHandler) for FDCAN3_IT0_IRQHandler
    startup_stm32h723xx.o(RESET) refers to stm32h7xx_it.o(.text.FDCAN3_IT1_IRQHandler) for FDCAN3_IT1_IRQHandler
    startup_stm32h723xx.o(RESET) refers to stm32h7xx_it.o(.text.TIM23_IRQHandler) for TIM23_IRQHandler
    startup_stm32h723xx.o(.text) refers (Special) to heapauxi.o(.text) for __use_two_region_memory
    startup_stm32h723xx.o(.text) refers to system_stm32h7xx.o(.text.SystemInit) for SystemInit
    startup_stm32h723xx.o(.text) refers to __main.o(!!!main) for __main
    startup_stm32h723xx.o(.text) refers to startup_stm32h723xx.o(HEAP) for Heap_Mem
    startup_stm32h723xx.o(.text) refers to startup_stm32h723xx.o(STACK) for Stack_Mem
    vofa.o(.text.vofa_start) refers to vofa.o(.text.vofa_demo) for vofa_demo
    vofa.o(.ARM.exidx.text.vofa_start) refers to vofa.o(.text.vofa_start) for [Anonymous Symbol]
    vofa.o(.text.vofa_demo) refers to vofa.o(.bss..L_MergedGlobals) for .L_MergedGlobals
    vofa.o(.text.vofa_demo) refers to sin.o(i.__hardfp_sin) for __hardfp_sin
    vofa.o(.text.vofa_demo) refers to vofa.o(.bss.send_buf) for send_buf
    vofa.o(.text.vofa_demo) refers to usbd_cdc_if.o(.text.CDC_Transmit_HS) for CDC_Transmit_HS
    vofa.o(.ARM.exidx.text.vofa_demo) refers to vofa.o(.text.vofa_demo) for [Anonymous Symbol]
    vofa.o(.text.vofa_transmit) refers to usbd_cdc_if.o(.text.CDC_Transmit_HS) for CDC_Transmit_HS
    vofa.o(.ARM.exidx.text.vofa_transmit) refers to vofa.o(.text.vofa_transmit) for [Anonymous Symbol]
    vofa.o(.text.vofa_send_data) refers to vofa.o(.bss..L_MergedGlobals) for .L_MergedGlobals
    vofa.o(.text.vofa_send_data) refers to vofa.o(.bss.send_buf) for send_buf
    vofa.o(.ARM.exidx.text.vofa_send_data) refers to vofa.o(.text.vofa_send_data) for [Anonymous Symbol]
    vofa.o(.text.vofa_sendframetail) refers to vofa.o(.bss..L_MergedGlobals) for .L_MergedGlobals
    vofa.o(.text.vofa_sendframetail) refers to vofa.o(.bss.send_buf) for send_buf
    vofa.o(.text.vofa_sendframetail) refers to usbd_cdc_if.o(.text.CDC_Transmit_HS) for CDC_Transmit_HS
[...]
    0x08000388   0x08000388   0x00000000   Code   RO         3992    .ARM.Collect$$libinit$$00000017  c_w.l(libinit2.o)
    0x08000388   0x08000388   0x0000000a   Code   RO         3993    .ARM.Collect$$libinit$$00000018  c_w.l(libinit2.o)
    0x08000392   0x08000392   0x00000000   Code   RO         3994    .ARM.Collect$$libinit$$00000019  c_w.l(libinit2.o)
    0x08000392   0x08000392   0x00000000   Code   RO         3996    .ARM.Collect$$libinit$$0000001B  c_w.l(libinit2.o)
    0x08000392   0x08000392   0x00000000   Code   RO         3998    .ARM.Collect$$libinit$$0000001D  c_w.l(libinit2.o)
    0x08000392   0x08000392   0x00000000   Code   RO         4000    .ARM.Collect$$libinit$$0000001F  c_w.l(libinit2.o)
    0x08000392   0x08000392   0x00000000   Code   RO         4002    .ARM.Collect$$libinit$$00000021  c_w.l(libinit2.o)
    0x08000392   0x08000392   0x00000000   Code   RO         4004    .ARM.Collect$$libinit$$00000023  c_w.l(libinit2.o)
    0x08000392   0x08000392   0x00000000   Code   RO         4006    .ARM.Collect$$libinit$$00000025  c_w.l(libinit2.o)
    0x08000392   0x08000392   0x00000000   Code   RO         4008    .ARM.Collect$$libinit$$00000027  c_w.l(libinit2.o)
    0x08000392   0x08000392   0x00000000   Code   RO         4012    .ARM.Collect$$libinit$$0000002E  c_w.l(libinit2.o)
    0x08000392   0x08000392   0x00000000   Code   RO         4014    .ARM.Collect$$libinit$$00000030  c_w.l(libinit2.o)
    0x08000392   0x08000392   0x00000000   Code   RO         4016    .ARM.Collect$$libinit$$00000032  c_w.l(libinit2.o)
    0x08000392   0x08000392   0x00000000   Code   RO         4018    .ARM.Collect$$libinit$$00000034  c_w.l(libinit2.o)
    0x08000392   0x08000392   0x00000002   Code   RO         4019    .ARM.Collect$$libinit$$00000035  c_w.l(libinit2.o)
    0x08000394   0x08000394   0x00000002   Code   RO         4148    .ARM.Collect$$libshutdown$$00000000  c_w.l(libshutdown.o)
    0x08000396   0x08000396   0x00000000   Code   RO         4021    .ARM.Collect$$libshutdown$$00000002  c_w.l(libshutdown2.o)
    0x08000396   0x08000396   0x00000000   Code   RO         4023    .ARM.Collect$$libshutdown$$00000004  c_w.l(libshutdown2.o)
    0x08000396   0x08000396   0x00000000   Code   RO         4026    .ARM.Collect$$libshutdown$$00000007  c_w.l(libshutdown2.o)
    0x08000396   0x08000396   0x00000000   Code   RO         4029    .ARM.Collect$$libshutdown$$0000000A  c_w.l(libshutdown2.o)
    0x08000396   0x08000396   0x00000000   Code   RO         4031    .ARM.Collect$$libshutdown$$0000000C  c_w.l(libshutdown2.o)
    0x08000396   0x08000396   0x00000000   Code   RO         4034    .ARM.Collect$$libshutdown$$0000000F  c_w.l(libshutdown2.o)
    0x08000396   0x08000396   0x00000002   Code   RO         4035    .ARM.Collect$$libshutdown$$00000010  c_w.l(libshutdown2.o)
    0x08000398   0x08000398   0x00000000   Code   RO         3719    .ARM.Collect$$rtentry$$00000000  c_w.l(__rtentry.o)
    0x08000398   0x08000398   0x00000000   Code   RO         3792    .ARM.Collect$$rtentry$$00000002  c_w.l(__rtentry2.o)
    0x08000398   0x08000398   0x00000006   Code   RO         3804    .ARM.Collect$$rtentry$$00000004  c_w.l(__rtentry4.o)
    0x0800039e   0x0800039e   0x00000000   Code   RO         3794    .ARM.Collect$$rtentry$$00000009  c_w.l(__rtentry2.o)
    0x0800039e   0x0800039e   0x00000004   Code   RO         3795    .ARM.Collect$$rtentry$$0000000A  c_w.l(__rtentry2.o)
    0x080003a2   0x080003a2   0x00000000   Code   RO         3797    .ARM.Collect$$rtentry$$0000000C  c_w.l(__rtentry2.o)
    0x080003a2   0x080003a2   0x00000008   Code   RO         3798    .ARM.Collect$$rtentry$$0000000D  c_w.l(__rtentry2.o)
    0x080003aa   0x080003aa   0x00000002   Code   RO         4040    .ARM.Collect$$rtexit$$00000000  c_w.l(rtexit.o)
    0x080003ac   0x080003ac   0x00000000   Code   RO         4093    .ARM.Collect$$rtexit$$00000002  c_w.l(rtexit2.o)
    0x080003ac   0x080003ac   0x00000004   Code   RO         4094    .ARM.Collect$$rtexit$$00000003  c_w.l(rtexit2.o)
    0x080003b0   0x080003b0   0x00000006   Code   RO         4095    .ARM.Collect$$rtexit$$00000004  c_w.l(rtexit2.o)
    0x080003b6   0x080003b6   0x00000002   PAD
    0x080003b8   0x080003b8   0x00000040   Code   RO            4    .text               startup_stm32h723xx.o
    0x080003f8   0x080003f8   0x000000f0   Code   RO         3648    .text               c_w.l(lludivv7m.o)
    0x080004e8   0x080004e8   0x00000078   Code   RO         3656    .text               c_w.l(_printf_dec.o)
    0x08000560   0x08000560   0x00000058   Code   RO         3683    .text               c_w.l(memcmp.o)
    0x080005b8   0x080005b8   0x0000008a   Code   RO         3685    .text               c_w.l(rt_memcpy_v6.o)
    0x08000642   0x08000642   0x00000010   Code   RO         3689    .text               c_w.l(aeabi_memset4.o)
    0x08000652   0x08000652   0x0000004e   Code   RO         3693    .text               c_w.l(rt_memclr_w.o)
    0x080006a0   0x080006a0   0x00000006   Code   RO         3695    .text               c_w.l(heapauxi.o)
    0x080006a6   0x080006a6   0x00000016   Code   RO         3724    .text               c_w.l(_rserrno.o)
    0x080006bc   0x080006bc   0x000000b2   Code   RO         3726    .text               c_w.l(_printf_intcommon.o)
    0x0800076e   0x0800076e   0x0000041c   Code   RO         3728    .text               c_w.l(_printf_fp_dec.o)
    0x08000b8a   0x08000b8a   0x00000064   Code   RO         3741    .text               c_w.l(rt_memcpy_w.o)
    0x08000bee   0x08000bee   0x00000002   PAD
    0x08000bf0   0x08000bf0   0x00000008   Code   RO         3811    .text               c_w.l(rt_locale_intlibspace.o)
    0x08000bf8   0x08000bf8   0x00000008   Code   RO         3816    .text               c_w.l(rt_errno_addr_intlibspace.o)
    0x08000c00   0x08000c00   0x0000008a   Code   RO         3818    .text               c_w.l(lludiv10.o)
    0x08000c8a   0x08000c8a   0x00000002   PAD
    0x08000c8c   0x08000c8c   0x00000080   Code   RO         3822    .text               c_w.l(_printf_fp_infnan.o)
    0x08000d0c   0x08000d0c   0x000000e4   Code   RO         3824    .text               c_w.l(bigflt0.o)
    0x08000df0   0x08000df0   0x00000008   Code   RO         3877    .text               c_w.l(libspace.o)
    0x08000df8   0x08000df8   0x0000004a   Code   RO         3882    .text               c_w.l(sys_stackheap_outer.o)
    0x08000e42   0x08000e42   0x00000012   Code   RO         3955    .text               c_w.l(exit.o)
    0x08000e54   0x08000e54   0x00000004   PAD
    0x08000e58   0x08000e58   0x0000007c   Code   RO         3965    .text               c_w.l(strcmpv7m_pel.o)
    0x08000ed4   0x08000ed4   0x0000000c   Code   RO         4085    .text               c_w.l(sys_exit.o)
    0x08000ee0   0x08000ee0   0x00000002   Code   RO         4089    .text               c_w.l(use_no_semi.o)
    0x08000ee2   0x08000ee2   0x00000000   Code   RO         4091    .text               c_w.l(indicate_semi.o)
    0x08000ee2   0x08000ee2   0x00000006   PAD
    0x08000ee8   0x08000ee8   0x00000104   Code   RO         1490    .text.ADC_ConfigureBoostMode  stm32h7xx_hal_adc.o
    0x08000fec   0x08000fec   0x00000004   PAD
    0x08000ff0   0x08000ff0   0x0000005e   Code   RO         1516    .text.ADC_DMAConvCplt  stm32h7xx_hal_adc.o
    0x0800104e   0x0800104e   0x00000002   PAD
    0x08001050   0x08001050   0x00000016   Code   RO         1520    .text.ADC_DMAError  stm32h7xx_hal_adc.o
    0x08001066   0x08001066   0x00000002   PAD
    0x08001068   0x08001068   0x00000006   Code   RO         1518    .text.ADC_DMAHalfConvCplt  stm32h7xx_hal_adc.o
    0x0800106e   0x0800106e   0x00000002   PAD
    0x08001070   0x08001070   0x00000078   Code   RO         1496    .text.ADC_Disable   stm32h7xx_hal_adc.o
    0x080010e8   0x080010e8   0x000000ae   Code   RO         1502    .text.ADC_Enable    stm32h7xx_hal_adc.o
    0x08001196   0x08001196   0x00000002   PAD
    0x08001198   0x08001198   0x00000010   Code   RO         3356    .text.BMI088_ACCEL_NS_H  bmi088middleware.o
    0x080011a8   0x080011a8   0x00000010   Code   RO         3354    .text.BMI088_ACCEL_NS_L  bmi088middleware.o
    0x080011b8   0x080011b8   0x00000002   Code   RO         3346    .text.BMI088_GPIO_init  bmi088middleware.o
    0x080011ba   0x080011ba   0x00000006   PAD
    0x080011c0   0x080011c0   0x00000010   Code   RO         3360    .text.BMI088_GYRO_NS_H  bmi088middleware.o
    0x080011d0   0x080011d0   0x00000010   Code   RO         3358    .text.BMI088_GYRO_NS_L  bmi088middleware.o
    0x080011e0   0x080011e0   0x00000002   Code   RO         3348    .text.BMI088_com_init  bmi088middleware.o
    0x080011e2   0x080011e2   0x00000006   PAD
    0x080011e8   0x080011e8   0x0000005e   Code   RO         3350    .text.BMI088_delay_ms  bmi088middleware.o
    0x08001246   0x08001246   0x00000002   PAD
    0x08001248   0x08001248   0x0000004a   Code   RO         3352    .text.BMI088_delay_us  bmi088middleware.o
    0x08001292   0x08001292   0x00000006   PAD
    0x08001298   0x08001298   0x00000018   Code   RO         3327    .text.BMI088_init   bmi088driver.o
    0x080012b0   0x080012b0   0x0000019a   Code   RO         3333    .text.BMI088_read   bmi088driver.o
    0x0800144a   0x0800144a   0x00000006   PAD
    0x08001450   0x08001450   0x0000002e   Code   RO         3362    .text.BMI088_read_write_byte  bmi088middleware.o
    0x0800147e   0x0800147e   0x00000002   PAD
    0x08001480   0x08001480   0x0000000e   Code   RO         3239    .text.BSP_Buzzer_Init  bsp_buzzer.o
    0x0800148e   0x0800148e   0x00000002   PAD
    0x08001490   0x08001490   0x00000064   Code   RO         3229    .text.BSP_UserKey_Detect  bsp_user_key.o
    0x080014f4   0x080014f4   0x00000004   PAD
    0x080014f8   0x080014f8   0x00000002   Code   RO          262    .text.BusFault_Handler  stm32h7xx_it.o
    0x080014fa   0x080014fa   0x00000006   PAD
    0x08001500   0x08001500   0x00000004   Code   RO          370    .text.CDC_Control_HS  usbd_cdc_if.o
    0x08001504   0x08001504   0x00000004   PAD
    0x08001508   0x08001508   0x00000004   Code   RO          368    .text.CDC_DeInit_HS  usbd_cdc_if.o
    0x0800150c   0x0800150c   0x00000004   PAD
    0x08001510   0x08001510   0x0000002c   Code   RO          366    .text.CDC_Init_HS   usbd_cdc_if.o
    0x0800153c   0x0800153c   0x00000004   PAD
    0x08001540   0x08001540   0x0000001c   Code   RO          372    .text.CDC_Receive_HS  usbd_cdc_if.o
    0x0800155c   0x0800155c   0x00000004   PAD
    0x08001560   0x08001560   0x00000004   Code   RO          374    .text.CDC_TransmitCplt_HS  usbd_cdc_if.o
    0x08001564   0x08001564   0x00000004   PAD
    0x08001568   0x08001568   0x00000036   Code   RO          376    .text.CDC_Transmit_HS  usbd_cdc_if.o
    0x0800159e   0x0800159e   0x00000002   PAD
    0x080015a0   0x080015a0   0x000000b8   Code   RO         3573    .text.CommunicationTask_Entry  communication_task.o
    0x08001658   0x08001658   0x0000006c   Code   RO         3554    .text.CtrTask_Entry  ctr_task.o
    0x080016c4   0x080016c4   0x00000004   PAD
    0x080016c8   0x080016c8   0x0000000c   Code   RO          268    .text.DMA1_Stream0_IRQHandler  stm32h7xx_it.o
    0x080016d4   0x080016d4   0x00000004   PAD
    0x080016d8   0x080016d8   0x00000128   Code   RO          884    .text.DMA_CalcBaseAndBitshift  stm32h7xx_hal_dma.o
    0x08001800   0x08001800   0x00000308   Code   RO          890    .text.DMA_SetConfig  stm32h7xx_hal_dma.o
    0x08001b08   0x08001b08   0x00000002   Code   RO          266    .text.DebugMon_Handler  stm32h7xx_it.o
    0x08001b0a   0x08001b0a   0x00000006   PAD
    0x08001b10   0x08001b10   0x0000000a   Code   RO           37    .text.Error_Handler  main.o
    0x08001b1a   0x08001b1a   0x00000006   PAD
    0x08001b20   0x08001b20   0x0000000c   Code   RO          270    .text.FDCAN1_IT0_IRQHandler  stm32h7xx_it.o
    0x08001b2c   0x08001b2c   0x00000004   PAD
    0x08001b30   0x08001b30   0x0000000c   Code   RO          274    .text.FDCAN1_IT1_IRQHandler  stm32h7xx_it.o
    0x08001b3c   0x08001b3c   0x00000004   PAD
    0x08001b40   0x08001b40   0x00000028   Code   RO         3374    .text.FDCAN1_Send_Msg  can_bsp.o
    0x08001b68   0x08001b68   0x0000000c   Code   RO          272    .text.FDCAN2_IT0_IRQHandler  stm32h7xx_it.o
    0x08001b74   0x08001b74   0x00000004   PAD
    0x08001b78   0x08001b78   0x0000000c   Code   RO          276    .text.FDCAN2_IT1_IRQHandler  stm32h7xx_it.o
    0x08001b84   0x08001b84   0x00000004   PAD
    0x08001b88   0x08001b88   0x0000000c   Code   RO          290    .text.FDCAN3_IT0_IRQHandler  stm32h7xx_it.o
    0x08001b94   0x08001b94   0x00000004   PAD
    0x08001b98   0x08001b98   0x0000000c   Code   RO          292    .text.FDCAN3_IT1_IRQHandler  stm32h7xx_it.o
    0x08001ba4   0x08001ba4   0x00000004   PAD
    0x08001ba8   0x08001ba8   0x00000088   Code   RO         3537    .text.FunTest_Entry  fun_test_task.o
    0x08001c30   0x08001c30   0x000000d8   Code   RO         1552    .text.HAL_ADCEx_Calibration_Start  stm32h7xx_hal_adc_ex.o
    0x08001d08   0x08001d08   0x000000b0   Code   RO         1602    .text.HAL_ADCEx_MultiModeConfigChannel  stm32h7xx_hal_adc_ex.o
    0x08001db8   0x08001db8   0x00000546   Code   RO         1536    .text.HAL_ADC_ConfigChannel  stm32h7xx_hal_adc.o
    0x080022fe   0x080022fe   0x00000002   PAD
    0x08002300   0x08002300   0x00000002   Code   RO         1528    .text.HAL_ADC_ConvCpltCallback  stm32h7xx_hal_adc.o
    0x08002302   0x08002302   0x00000006   PAD
    0x08002308   0x08002308   0x00000002   Code   RO         1534    .text.HAL_ADC_ConvHalfCpltCallback  stm32h7xx_hal_adc.o
    0x0800230a   0x0800230a   0x00000006   PAD
    0x08002310   0x08002310   0x00000002   Code   RO         1532    .text.HAL_ADC_ErrorCallback  stm32h7xx_hal_adc.o
    0x08002312   0x08002312   0x00000006   PAD
    0x08002318   0x08002318   0x00000310   Code   RO         1486    .text.HAL_ADC_Init  stm32h7xx_hal_adc.o
    0x08002628   0x08002628   0x00000122   Code   RO          119    .text.HAL_ADC_MspInit  adc.o
    0x0800274a   0x0800274a   0x00000006   PAD
    0x08002750   0x08002750   0x00000134   Code   RO         1514    .text.HAL_ADC_Start_DMA  stm32h7xx_hal_adc.o
    0x08002884   0x08002884   0x00000004   PAD
    0x08002888   0x08002888   0x0000052e   Code   RO          894    .text.HAL_DMA_Abort  stm32h7xx_hal_dma.o
    0x08002db6   0x08002db6   0x00000002   PAD
    0x08002db8   0x08002db8   0x000002b8   Code   RO          896    .text.HAL_DMA_Abort_IT  stm32h7xx_hal_dma.o
    0x08003070   0x08003070   0x00000818   Code   RO          900    .text.HAL_DMA_IRQHandler  stm32h7xx_hal_dma.o
    0x08003888   0x08003888   0x00000658   Code   RO          882    .text.HAL_DMA_Init  stm32h7xx_hal_dma.o
    0x08003ee0   0x08003ee0   0x000003a6   Code   RO          892    .text.HAL_DMA_Start_IT  stm32h7xx_hal_dma.o
    0x08004286   0x08004286   0x00000002   PAD
    0x08004288   0x08004288   0x00000028   Code   RO         1188    .text.HAL_Delay     stm32h7xx_hal.o
    0x080042b0   0x080042b0   0x0000008c   Code   RO         1768    .text.HAL_FDCAN_ActivateNotification  stm32h7xx_hal_fdcan.o
    0x0800433c   0x0800433c   0x00000004   PAD
    0x08004340   0x08004340   0x000000ea   Code   RO         1690    .text.HAL_FDCAN_AddMessageToTxFifoQ  stm32h7xx_hal_fdcan.o
    0x0800442a   0x0800442a   0x00000006   PAD
    0x08004430   0x08004430   0x00000002   Code   RO         1782    .text.HAL_FDCAN_ClockCalibrationCallback  stm32h7xx_hal_fdcan.o
    0x08004432   0x08004432   0x00000006   PAD
    0x08004438   0x08004438   0x0000008c   Code   RO         1642    .text.HAL_FDCAN_ConfigFilter  stm32h7xx_hal_fdcan.o
    0x080044c4   0x080044c4   0x00000004   PAD
    0x080044c8   0x080044c8   0x00000038   Code   RO         1644    .text.HAL_FDCAN_ConfigGlobalFilter  stm32h7xx_hal_fdcan.o
    0x08004500   0x08004500   0x00000002   Code   RO         1810    .text.HAL_FDCAN_ErrorCallback  stm32h7xx_hal_fdcan.o
    0x08004502   0x08004502   0x00000006   PAD
    0x08004508   0x08004508   0x00000002   Code   RO         1800    .text.HAL_FDCAN_ErrorStatusCallback  stm32h7xx_hal_fdcan.o
    0x0800450a   0x0800450a   0x00000006   PAD
    0x08004510   0x08004510   0x000001e6   Code   RO         1700    .text.HAL_FDCAN_GetRxMessage  stm32h7xx_hal_fdcan.o
    0x080046f6   0x080046f6   0x00000002   PAD
    0x080046f8   0x080046f8   0x00000002   Code   RO         1778    .text.HAL_FDCAN_HighPriorityMessageCallback  stm32h7xx_hal_fdcan.o
    0x080046fa   0x080046fa   0x00000006   PAD
    0x08004700   0x08004700   0x00000322   Code   RO         1776    .text.HAL_FDCAN_IRQHandler  stm32h7xx_hal_fdcan.o
    0x08004a22   0x08004a22   0x00000006   PAD
    0x08004a28   0x08004a28   0x00000400   Code   RO         1620    .text.HAL_FDCAN_Init  stm32h7xx_hal_fdcan.o
    0x08004e28   0x08004e28   0x000001c4   Code   RO          148    .text.HAL_FDCAN_MspInit  fdcan.o
    0x08004fec   0x08004fec   0x00000004   PAD
    0x08004ff0   0x08004ff0   0x00000002   Code   RO         1794    .text.HAL_FDCAN_RxBufferNewMessageCallback  stm32h7xx_hal_fdcan.o
    0x08004ff2   0x08004ff2   0x00000006   PAD
    0x08004ff8   0x08004ff8   0x000000b2   Code   RO         3384    .text.HAL_FDCAN_RxFifo0Callback  can_bsp.o
    0x080050aa   0x080050aa   0x00000006   PAD
    0x080050b0   0x080050b0   0x00000002   Code   RO         1788    .text.HAL_FDCAN_RxFifo1Callback  stm32h7xx_hal_fdcan.o
    0x080050b2   0x080050b2   0x00000006   PAD
    0x080050b8   0x080050b8   0x00000034   Code   RO         1688    .text.HAL_FDCAN_Start  stm32h7xx_hal_fdcan.o
    0x080050ec   0x080050ec   0x00000004   PAD
    0x080050f0   0x080050f0   0x00000002   Code   RO         1808    .text.HAL_FDCAN_TT_GlobalTimeCallback  stm32h7xx_hal_fdcan.o
    0x080050f2   0x080050f2   0x00000006   PAD
    0x080050f8   0x080050f8   0x00000002   Code   RO         1802    .text.HAL_FDCAN_TT_ScheduleSyncCallback  stm32h7xx_hal_fdcan.o
    0x080050fa   0x080050fa   0x00000006   PAD
    0x08005100   0x08005100   0x00000002   Code   RO         1806    .text.HAL_FDCAN_TT_StopWatchCallback  stm32h7xx_hal_fdcan.o
    0x08005102   0x08005102   0x00000006   PAD
    0x08005108   0x08005108   0x00000002   Code   RO         1804    .text.HAL_FDCAN_TT_TimeMarkCallback  stm32h7xx_hal_fdcan.o
    0x0800510a   0x0800510a   0x00000006   PAD
    0x08005110   0x08005110   0x00000002   Code   RO         1798    .text.HAL_FDCAN_TimeoutOccurredCallback  stm32h7xx_hal_fdcan.o
    0x08005112   0x08005112   0x00000006   PAD
    0x08005118   0x08005118   0x00000002   Code   RO         1796    .text.HAL_FDCAN_TimestampWraparoundCallback  stm32h7xx_hal_fdcan.o
    0x0800511a   0x0800511a   0x00000006   PAD
    0x08005120   0x08005120   0x00000002   Code   RO         1780    .text.HAL_FDCAN_TxBufferAbortCallback  stm32h7xx_hal_fdcan.o
    0x08005122   0x08005122   0x00000006   PAD
    0x08005128   0x08005128   0x00000002   Code   RO         1792    .text.HAL_FDCAN_TxBufferCompleteCallback  stm32h7xx_hal_fdcan.o
    0x0800512a   0x0800512a   0x00000006   PAD
    0x08005130   0x08005130   0x00000002   Code   RO         1784    .text.HAL_FDCAN_TxEventFifoCallback  stm32h7xx_hal_fdcan.o
    0x08005132   0x08005132   0x00000006   PAD
    0x08005138   0x08005138   0x00000002   Code   RO         1790    .text.HAL_FDCAN_TxFifoEmptyCallback  stm32h7xx_hal_fdcan.o
    0x0800513a   0x0800513a   0x00000006   PAD
    0x08005140   0x08005140   0x00000110   Code   RO          830    .text.HAL_GPIO_DeInit  stm32h7xx_hal_gpio.o
    0x08005250   0x08005250   0x000001a2   Code   RO          828    .text.HAL_GPIO_Init  stm32h7xx_hal_gpio.o
    0x080053f2   0x080053f2   0x00000006   PAD
    0x080053f8   0x080053f8   0x0000000a   Code   RO          832    .text.HAL_GPIO_ReadPin  stm32h7xx_hal_gpio.o
    0x08005402   0x08005402   0x00000006   PAD
    0x08005408   0x08005408   0x0000000a   Code   RO          834    .text.HAL_GPIO_WritePin  stm32h7xx_hal_gpio.o
    0x08005412   0x08005412   0x00000006   PAD
    0x08005418   0x08005418   0x0000000c   Code   RO         1180    .text.HAL_GetTick   stm32h7xx_hal.o
    0x08005424   0x08005424   0x00000004   PAD
    0x08005428   0x08005428   0x0000001a   Code   RO         1178    .text.HAL_IncTick   stm32h7xx_hal.o
    0x08005442   0x08005442   0x00000006   PAD
    0x08005448   0x08005448   0x00000064   Code   RO         1168    .text.HAL_Init      stm32h7xx_hal.o
    0x080054ac   0x080054ac   0x00000004   PAD
    0x080054b0   0x080054b0   0x000000a0   Code   RO          312    .text.HAL_InitTick  stm32h7xx_hal_timebase_tim.o
    0x08005550   0x08005550   0x0000002a   Code   RO          303    .text.HAL_MspInit   stm32h7xx_hal_msp.o
    0x0800557a   0x0800557a   0x00000006   PAD
    0x08005580   0x08005580   0x00000022   Code   RO         1120    .text.HAL_NVIC_EnableIRQ  stm32h7xx_hal_cortex.o
    0x080055a2   0x080055a2   0x00000006   PAD
    0x080055a8   0x080055a8   0x0000005a   Code   RO         1118    .text.HAL_NVIC_SetPriority  stm32h7xx_hal_cortex.o
    0x08005602   0x08005602   0x00000006   PAD
    0x08005608   0x08005608   0x00000020   Code   RO         1116    .text.HAL_NVIC_SetPriorityGrouping  stm32h7xx_hal_cortex.o
    0x08005628   0x08005628   0x00000614   Code   RO         1904    .text.HAL_OSPIM_Config  stm32h7xx_hal_ospi.o
    0x08005c3c   0x08005c3c   0x00000004   PAD
    0x08005c40   0x08005c40   0x00000028   Code   RO         1832    .text.HAL_OSPI_DeInit  stm32h7xx_hal_ospi.o
    0x08005c68   0x08005c68   0x00000128   Code   RO         1826    .text.HAL_OSPI_Init  stm32h7xx_hal_ospi.o
    0x08005d90   0x08005d90   0x0000005e   Code   RO          169    .text.HAL_OSPI_MspDeInit  octospi.o
    0x08005dee   0x08005dee   0x00000002   PAD
    0x08005df0   0x08005df0   0x0000015e   Code   RO          167    .text.HAL_OSPI_MspInit  octospi.o
    0x08005f4e   0x08005f4e   0x00000002   PAD
    0x08005f50   0x08005f50   0x00000026   Code   RO          541    .text.HAL_PCDEx_ActivateLPM  stm32h7xx_hal_pcd_ex.o
    0x08005f76   0x08005f76   0x00000002   PAD
    0x08005f78   0x08005f78   0x00000002   Code   RO          553    .text.HAL_PCDEx_LPM_Callback  stm32h7xx_hal_pcd_ex.o
    0x08005f7a   0x08005f7a   0x00000006   PAD
    0x08005f80   0x08005f80   0x00000008   Code   RO          539    .text.HAL_PCDEx_SetRxFiFo  stm32h7xx_hal_pcd_ex.o
    0x08005f88   0x08005f88   0x000000da   Code   RO          537    .text.HAL_PCDEx_SetTxFiFo  stm32h7xx_hal_pcd_ex.o
    0x08006062   0x08006062   0x00000006   PAD
    0x08006068   0x08006068   0x00000008   Code   RO          411    .text.HAL_PCD_ConnectCallback  usbd_conf.o
    0x08006070   0x08006070   0x00000012   Code   RO          397    .text.HAL_PCD_DataInStageCallback  usbd_conf.o
    0x08006082   0x08006082   0x00000006   PAD
    0x08006088   0x08006088   0x00000014   Code   RO          395    .text.HAL_PCD_DataOutStageCallback  usbd_conf.o
    0x0800609c   0x0800609c   0x00000004   PAD
    0x080060a0   0x080060a0   0x00000008   Code   RO          413    .text.HAL_PCD_DisconnectCallback  usbd_conf.o
    0x080060a8   0x080060a8   0x00000056   Code   RO          507    .text.HAL_PCD_EP_Close  stm32h7xx_hal_pcd.o
    0x080060fe   0x080060fe   0x00000002   PAD
    0x08006100   0x08006100   0x00000068   Code   RO          517    .text.HAL_PCD_EP_ClrStall  stm32h7xx_hal_pcd.o
    0x08006168   0x08006168   0x00000012   Code   RO          511    .text.HAL_PCD_EP_GetRxCount  stm32h7xx_hal_pcd.o
    0x0800617a   0x0800617a   0x00000006   PAD
    0x08006180   0x08006180   0x00000068   Code   RO          505    .text.HAL_PCD_EP_Open  stm32h7xx_hal_pcd.o
    0x080061e8   0x080061e8   0x0000003a   Code   RO          509    .text.HAL_PCD_EP_Receive  stm32h7xx_hal_pcd.o
    0x08006222   0x08006222   0x00000006   PAD
    0x08006228   0x08006228   0x0000007c   Code   RO          515    .text.HAL_PCD_EP_SetStall  stm32h7xx_hal_pcd.o
    0x080062a4   0x080062a4   0x00000004   PAD
    0x080062a8   0x080062a8   0x0000003e   Code   RO          513    .text.HAL_PCD_EP_Transmit  stm32h7xx_hal_pcd.o
    0x080062e6   0x080062e6   0x00000002   PAD
    0x080062e8   0x080062e8   0x000009bc   Code   RO          473    .text.HAL_PCD_IRQHandler  stm32h7xx_hal_pcd.o
    0x08006ca4   0x08006ca4   0x00000004   PAD
    0x08006ca8   0x08006ca8   0x00000008   Code   RO          409    .text.HAL_PCD_ISOINIncompleteCallback  usbd_conf.o
    0x08006cb0   0x08006cb0   0x00000008   Code   RO          407    .text.HAL_PCD_ISOOUTIncompleteCallback  usbd_conf.o
    0x08006cb8   0x08006cb8   0x00000282   Code   RO          461    .text.HAL_PCD_Init  stm32h7xx_hal_pcd.o
    0x08006f3a   0x08006f3a   0x00000006   PAD
    0x08006f40   0x08006f40   0x00000072   Code   RO          389    .text.HAL_PCD_MspInit  usbd_conf.o
    0x08006fb2   0x08006fb2   0x00000006   PAD
    0x08006fb8   0x08006fb8   0x0000002a   Code   RO          401    .text.HAL_PCD_ResetCallback  usbd_conf.o
    0x08006fe2   0x08006fe2   0x00000006   PAD
    0x08006fe8   0x08006fe8   0x00000008   Code   RO          405    .text.HAL_PCD_ResumeCallback  usbd_conf.o
    0x08006ff0   0x08006ff0   0x00000008   Code   RO          399    .text.HAL_PCD_SOFCallback  usbd_conf.o
    0x08006ff8   0x08006ff8   0x00000026   Code   RO          503    .text.HAL_PCD_SetAddress  stm32h7xx_hal_pcd.o
    0x0800701e   0x0800701e   0x00000002   PAD
    0x08007020   0x08007020   0x0000000e   Code   RO          393    .text.HAL_PCD_SetupStageCallback  usbd_conf.o
    0x0800702e   0x0800702e   0x00000002   PAD
    0x08007030   0x08007030   0x0000003e   Code   RO          469    .text.HAL_PCD_Start  stm32h7xx_hal_pcd.o
    0x0800706e   0x0800706e   0x00000002   PAD
    0x08007070   0x08007070   0x00000034   Code   RO          403    .text.HAL_PCD_SuspendCallback  usbd_conf.o
    0x080070a4   0x080070a4   0x00000004   PAD
    0x080070a8   0x080070a8   0x0000004c   Code   RO         1032    .text.HAL_PWREx_ConfigSupply  stm32h7xx_hal_pwr_ex.o
    0x080070f4   0x080070f4   0x00000004   PAD
    0x080070f8   0x080070f8   0x00000012   Code   RO         1082    .text.HAL_PWREx_EnableUSBVoltageDetector  stm32h7xx_hal_pwr_ex.o
    0x0800710a   0x0800710a   0x00000006   PAD
    0x08007110   0x08007110   0x00000026   Code   RO          719    .text.HAL_RCCEx_GetD3PCLK1Freq  stm32h7xx_hal_rcc_ex.o
    0x08007136   0x08007136   0x00000002   PAD
    0x08007138   0x08007138   0x00000134   Code   RO          713    .text.HAL_RCCEx_GetPLL1ClockFreq  stm32h7xx_hal_rcc_ex.o
    0x0800726c   0x0800726c   0x00000004   PAD
    0x08007270   0x08007270   0x0000012c   Code   RO          715    .text.HAL_RCCEx_GetPLL2ClockFreq  stm32h7xx_hal_rcc_ex.o
    0x0800739c   0x0800739c   0x00000004   PAD
    0x080073a0   0x080073a0   0x0000012c   Code   RO          717    .text.HAL_RCCEx_GetPLL3ClockFreq  stm32h7xx_hal_rcc_ex.o
    0x080074cc   0x080074cc   0x00000004   PAD
    0x080074d0   0x080074d0   0x0000037e   Code   RO          711    .text.HAL_RCCEx_GetPeriphCLKFreq  stm32h7xx_hal_rcc_ex.o
    0x0800784e   0x0800784e   0x00000002   PAD
    0x08007850   0x08007850   0x00000aa8   Code   RO          703    .text.HAL_RCCEx_PeriphCLKConfig  stm32h7xx_hal_rcc_ex.o
    0x080082f8   0x080082f8   0x00000268   Code   RO          671    .text.HAL_RCC_ClockConfig  stm32h7xx_hal_rcc.o
    0x08008560   0x08008560   0x00000058   Code   RO          689    .text.HAL_RCC_GetClockConfig  stm32h7xx_hal_rcc.o
    0x080085b8   0x080085b8   0x0000004c   Code   RO          681    .text.HAL_RCC_GetHCLKFreq  stm32h7xx_hal_rcc.o
    0x08008604   0x08008604   0x00000004   PAD
    0x08008608   0x08008608   0x00000060   Code   RO          683    .text.HAL_RCC_GetPCLK1Freq  stm32h7xx_hal_rcc.o
    0x08008668   0x08008668   0x00000060   Code   RO          685    .text.HAL_RCC_GetPCLK2Freq  stm32h7xx_hal_rcc.o
    0x080086c8   0x080086c8   0x00000118   Code   RO          673    .text.HAL_RCC_GetSysClockFreq  stm32h7xx_hal_rcc.o
    0x080087e0   0x080087e0   0x000000a4   Code   RO          675    .text.HAL_RCC_MCOConfig  stm32h7xx_hal_rcc.o
    0x08008884   0x08008884   0x00000004   PAD
    0x08008888   0x08008888   0x0000052c   Code   RO          669    .text.HAL_RCC_OscConfig  stm32h7xx_hal_rcc.o
    0x08008db4   0x08008db4   0x00000004   PAD
    0x08008db8   0x08008db8   0x00000084   Code   RO         2508    .text.HAL_RS485Ex_Init  stm32h7xx_hal_uart_ex.o
    0x08008e3c   0x08008e3c   0x00000004   PAD
    0x08008e40   0x08008e40   0x000001ba   Code   RO         1916    .text.HAL_SPI_Init  stm32h7xx_hal_spi.o
    0x08008ffa   0x08008ffa   0x00000006   PAD
    0x08009000   0x08009000   0x000001e8   Code   RO          186    .text.HAL_SPI_MspInit  spi.o
    0x080091e8   0x080091e8   0x00000298   Code   RO         1924    .text.HAL_SPI_Transmit  stm32h7xx_hal_spi.o
    0x08009480   0x08009480   0x00000406   Code   RO         1930    .text.HAL_SPI_TransmitReceive  stm32h7xx_hal_spi.o
    0x08009886   0x08009886   0x00000002   PAD
    0x08009888   0x08009888   0x00000002   Code   RO         2349    .text.HAL_TIMEx_Break2Callback  stm32h7xx_hal_tim_ex.o
    0x0800988a   0x0800988a   0x00000006   PAD
    0x08009890   0x08009890   0x00000002   Code   RO         2347    .text.HAL_TIMEx_BreakCallback  stm32h7xx_hal_tim_ex.o
    0x08009892   0x08009892   0x00000006   PAD
    0x08009898   0x08009898   0x00000002   Code   RO         2343    .text.HAL_TIMEx_CommutCallback  stm32h7xx_hal_tim_ex.o
    0x0800989a   0x0800989a   0x00000006   PAD
    0x080098a0   0x080098a0   0x000000c8   Code   RO         2329    .text.HAL_TIMEx_ConfigBreakDeadTime  stm32h7xx_hal_tim_ex.o
    0x08009968   0x08009968   0x000000de   Code   RO         2327    .text.HAL_TIMEx_MasterConfigSynchronization  stm32h7xx_hal_tim_ex.o
    0x08009a46   0x08009a46   0x00000002   PAD
    0x08009a48   0x08009a48   0x00000060   Code   RO         2032    .text.HAL_TIM_Base_Init  stm32h7xx_hal_tim.o
    0x08009aa8   0x08009aa8   0x00000002   Code   RO         2034    .text.HAL_TIM_Base_MspInit  stm32h7xx_hal_tim.o
    0x08009aaa   0x08009aaa   0x00000006   PAD
    0x08009ab0   0x08009ab0   0x000000dc   Code   RO         2046    .text.HAL_TIM_Base_Start_IT  stm32h7xx_hal_tim.o
    0x08009b8c   0x08009b8c   0x00000004   PAD
    0x08009b90   0x08009b90   0x00000002   Code   RO         2168    .text.HAL_TIM_IC_CaptureCallback  stm32h7xx_hal_tim.o
    0x08009b92   0x08009b92   0x00000006   PAD
    0x08009b98   0x08009b98   0x0000016c   Code   RO         2166    .text.HAL_TIM_IRQHandler  stm32h7xx_hal_tim.o
    0x08009d04   0x08009d04   0x00000004   PAD
    0x08009d08   0x08009d08   0x00000108   Code   RO          203    .text.HAL_TIM_MspPostInit  tim.o
    0x08009e10   0x08009e10   0x00000002   Code   RO         2170    .text.HAL_TIM_OC_DelayElapsedCallback  stm32h7xx_hal_tim.o
    0x08009e12   0x08009e12   0x00000006   PAD
    0x08009e18   0x08009e18   0x000004b8   Code   RO         2186    .text.HAL_TIM_PWM_ConfigChannel  stm32h7xx_hal_tim.o
    0x0800a2d0   0x0800a2d0   0x00000060   Code   RO         2086    .text.HAL_TIM_PWM_Init  stm32h7xx_hal_tim.o
    0x0800a330   0x0800a330   0x000000a2   Code   RO          211    .text.HAL_TIM_PWM_MspInit  tim.o
    0x0800a3d2   0x0800a3d2   0x00000006   PAD
    0x0800a3d8   0x0800a3d8   0x00000002   Code   RO         2172    .text.HAL_TIM_PWM_PulseFinishedCallback  stm32h7xx_hal_tim.o
    0x0800a3da   0x0800a3da   0x00000006   PAD
    0x0800a3e0   0x0800a3e0   0x000001a0   Code   RO         2094    .text.HAL_TIM_PWM_Start  stm32h7xx_hal_tim.o
    0x0800a580   0x0800a580   0x00000014   Code   RO           39    .text.HAL_TIM_PeriodElapsedCallback  main.o
    0x0800a594   0x0800a594   0x00000004   PAD
    0x0800a598   0x0800a598   0x00000002   Code   RO         2176    .text.HAL_TIM_TriggerCallback  stm32h7xx_hal_tim.o
    0x0800a59a   0x0800a59a   0x00000006   PAD
    0x0800a5a0   0x0800a5a0   0x00000036   Code   RO         2526    .text.HAL_UARTEx_DisableFifoMode  stm32h7xx_hal_uart_ex.o
    0x0800a5d6   0x0800a5d6   0x00000002   PAD
    0x0800a5d8   0x0800a5d8   0x00000002   Code   RO         2453    .text.HAL_UARTEx_RxEventCallback  stm32h7xx_hal_uart.o
    0x0800a5da   0x0800a5da   0x00000006   PAD
    0x0800a5e0   0x0800a5e0   0x00000002   Code   RO         2512    .text.HAL_UARTEx_RxFifoFullCallback  stm32h7xx_hal_uart_ex.o
    0x0800a5e2   0x0800a5e2   0x00000006   PAD
    0x0800a5e8   0x0800a5e8   0x00000090   Code   RO         2530    .text.HAL_UARTEx_SetRxFifoThreshold  stm32h7xx_hal_uart_ex.o
    0x0800a678   0x0800a678   0x00000090   Code   RO         2528    .text.HAL_UARTEx_SetTxFifoThreshold  stm32h7xx_hal_uart_ex.o
    0x0800a708   0x0800a708   0x00000002   Code   RO         2514    .text.HAL_UARTEx_TxFifoEmptyCallback  stm32h7xx_hal_uart_ex.o
    0x0800a70a   0x0800a70a   0x00000006   PAD
    0x0800a710   0x0800a710   0x00000002   Code   RO         2510    .text.HAL_UARTEx_WakeupCallback  stm32h7xx_hal_uart_ex.o
    0x0800a712   0x0800a712   0x00000006   PAD
    0x0800a718   0x0800a718   0x00000002   Code   RO         2451    .text.HAL_UART_ErrorCallback  stm32h7xx_hal_uart.o
    0x0800a71a   0x0800a71a   0x00000006   PAD
    0x0800a720   0x0800a720   0x00000760   Code   RO         2447    .text.HAL_UART_IRQHandler  stm32h7xx_hal_uart.o
    0x0800ae80   0x0800ae80   0x00000064   Code   RO         2363    .text.HAL_UART_Init  stm32h7xx_hal_uart.o
    0x0800aee4   0x0800aee4   0x00000004   PAD
    0x0800aee8   0x0800aee8   0x000002a4   Code   RO          237    .text.HAL_UART_MspInit  usart.o
    0x0800b18c   0x0800b18c   0x00000004   PAD
    0x0800b190   0x0800b190   0x000000ac   Code   RO         2399    .text.HAL_UART_Receive_IT  stm32h7xx_hal_uart.o
    0x0800b23c   0x0800b23c   0x00000004   PAD
    0x0800b240   0x0800b240   0x000000ca   Code   RO         3539    .text.HAL_UART_RxCpltCallback  fun_test_task.o
    0x0800b30a   0x0800b30a   0x00000006   PAD
    0x0800b310   0x0800b310   0x00000002   Code   RO         2455    .text.HAL_UART_TxCpltCallback  stm32h7xx_hal_uart.o
    0x0800b312   0x0800b312   0x00000006   PAD
    0x0800b318   0x0800b318   0x00000002   Code   RO          258    .text.HardFault_Handler  stm32h7xx_it.o
    0x0800b31a   0x0800b31a   0x00000006   PAD
    0x0800b320   0x0800b320   0x000001cc   Code   RO         3526    .text.ImuTask_Entry  imu_task.o
    0x0800b4ec   0x0800b4ec   0x00000004   PAD
    0x0800b4f0   0x0800b4f0   0x00000202   Code   RO         3438    .text.Init_Motor    cybergear.o
    0x0800b6f2   0x0800b6f2   0x00000006   PAD
    0x0800b6f8   0x0800b6f8   0x0000006e   Code   RO         3446    .text.Init_Motor_All  cybergear.o
    0x0800b766   0x0800b766   0x00000002   PAD
    0x0800b768   0x0800b768   0x00000078   Code   RO         3500    .text.KeyTask_Entry  key_task.o
    0x0800b7e0   0x0800b7e0   0x00000268   Code   RO         3263    .text.LCD_Address_Set  lcd.o
    0x0800ba48   0x0800ba48   0x00000116   Code   RO         3269    .text.LCD_DrawLine  lcd.o
    0x0800bb5e   0x0800bb5e   0x00000002   PAD
    0x0800bb60   0x0800bb60   0x000000c8   Code   RO         3265    .text.LCD_Fill      lcd.o
    0x0800bc28   0x0800bc28   0x00000c2c   Code   RO         3299    .text.LCD_Init      lcd.o
    0x0800c854   0x0800c854   0x00000004   PAD
    0x0800c858   0x0800c858   0x0000030e   Code   RO         3285    .text.LCD_ShowChar  lcd.o
    0x0800cb66   0x0800cb66   0x00000002   PAD
    0x0800cb68   0x0800cb68   0x000000da   Code   RO         3275    .text.LCD_ShowChinese  lcd.o
    0x0800cc42   0x0800cc42   0x00000006   PAD
    0x0800cc48   0x0800cc48   0x0000034a   Code   RO         3277    .text.LCD_ShowChinese12x12  lcd.o
    0x0800cf92   0x0800cf92   0x00000006   PAD
    0x0800cf98   0x0800cf98   0x00000356   Code   RO         3279    .text.LCD_ShowChinese16x16  lcd.o
    0x0800d2ee   0x0800d2ee   0x00000002   PAD
    0x0800d2f0   0x0800d2f0   0x0000034a   Code   RO         3281    .text.LCD_ShowChinese24x24  lcd.o
    0x0800d63a   0x0800d63a   0x00000006   PAD
    0x0800d640   0x0800d640   0x00000356   Code   RO         3283    .text.LCD_ShowChinese32x32  lcd.o
    0x0800d996   0x0800d996   0x00000002   PAD
    0x0800d998   0x0800d998   0x000001ee   Code   RO         3293    .text.LCD_ShowFloatNum  lcd.o
    0x0800db86   0x0800db86   0x00000002   PAD
    0x0800db88   0x0800db88   0x000000ca   Code   RO         3297    .text.LCD_ShowPicture  lcd.o
    0x0800dc52   0x0800dc52   0x00000006   PAD
    0x0800dc58   0x0800dc58   0x00000044   Code   RO         3287    .text.LCD_ShowString  lcd.o
    0x0800dc9c   0x0800dc9c   0x00000004   PAD
    0x0800dca0   0x0800dca0   0x000000cc   Code   RO         3510    .text.LcdTask_Entry  lcd_task.o
    0x0800dd6c   0x0800dd6c   0x00000004   PAD
    0x0800dd70   0x0800dd70   0x000000ce   Code   RO          117    .text.MX_ADC1_Init  adc.o
    0x0800de3e   0x0800de3e   0x00000002   PAD
    0x0800de40   0x0800de40   0x00000034   Code   RO          133    .text.MX_DMA_Init   dma.o
    0x0800de74   0x0800de74   0x00000004   PAD
    0x0800de78   0x0800de78   0x00000072   Code   RO          142    .text.MX_FDCAN1_Init  fdcan.o
    0x0800deea   0x0800deea   0x00000006   PAD
    0x0800def0   0x0800def0   0x0000006a   Code   RO          144    .text.MX_FDCAN2_Init  fdcan.o
    0x0800df5a   0x0800df5a   0x00000006   PAD
    0x0800df60   0x0800df60   0x0000006a   Code   RO          146    .text.MX_FDCAN3_Init  fdcan.o
    0x0800dfca   0x0800dfca   0x00000006   PAD
    0x0800dfd0   0x0800dfd0   0x000001f0   Code   RO           68    .text.MX_FREERTOS_Init  freertos.o
    0x0800e1c0   0x0800e1c0   0x000001a6   Code   RO           54    .text.MX_GPIO_Init  gpio.o
    0x0800e366   0x0800e366   0x00000002   PAD
    0x0800e368   0x0800e368   0x00000094   Code   RO          165    .text.MX_OCTOSPI2_Init  octospi.o
    0x0800e3fc   0x0800e3fc   0x00000004   PAD
    0x0800e400   0x0800e400   0x00000066   Code   RO          180    .text.MX_SPI1_Init  spi.o
    0x0800e466   0x0800e466   0x00000002   PAD
    0x0800e468   0x0800e468   0x00000062   Code   RO          182    .text.MX_SPI2_Init  spi.o
    0x0800e4ca   0x0800e4ca   0x00000006   PAD
    0x0800e4d0   0x0800e4d0   0x00000066   Code   RO          184    .text.MX_SPI6_Init  spi.o
    0x0800e536   0x0800e536   0x00000002   PAD
    0x0800e538   0x0800e538   0x00000086   Code   RO          209    .text.MX_TIM12_Init  tim.o
    0x0800e5be   0x0800e5be   0x00000002   PAD
    0x0800e5c0   0x0800e5c0   0x000000e8   Code   RO          201    .text.MX_TIM1_Init  tim.o
    0x0800e6a8   0x0800e6a8   0x0000009c   Code   RO          205    .text.MX_TIM2_Init  tim.o
    0x0800e744   0x0800e744   0x00000004   PAD
    0x0800e748   0x0800e748   0x00000088   Code   RO          207    .text.MX_TIM3_Init  tim.o
    0x0800e7d0   0x0800e7d0   0x0000007c   Code   RO          227    .text.MX_UART7_Init  usart.o
    0x0800e84c   0x0800e84c   0x00000004   PAD
    0x0800e850   0x0800e850   0x0000007c   Code   RO          235    .text.MX_USART10_UART_Init  usart.o
    0x0800e8cc   0x0800e8cc   0x00000004   PAD
    0x0800e8d0   0x0800e8d0   0x0000007c   Code   RO          229    .text.MX_USART1_UART_Init  usart.o
    0x0800e94c   0x0800e94c   0x00000004   PAD
    0x0800e950   0x0800e950   0x00000080   Code   RO          231    .text.MX_USART2_UART_Init  usart.o
    0x0800e9d0   0x0800e9d0   0x00000080   Code   RO          233    .text.MX_USART3_UART_Init  usart.o
    0x0800ea50   0x0800ea50   0x0000006c   Code   RO          327    .text.MX_USB_DEVICE_Init  usb_device.o
    0x0800eabc   0x0800eabc   0x00000004   PAD
    0x0800eac0   0x0800eac0   0x00000200   Code   RO         3633    .text.MahonyAHRSupdateIMU  mahonyahrs.o
    0x0800ecc0   0x0800ecc0   0x00000002   Code   RO          260    .text.MemManage_Handler  stm32h7xx_it.o
    0x0800ecc2   0x0800ecc2   0x00000006   PAD
    0x0800ecc8   0x0800ecc8   0x000002d8   Code   RO         3452    .text.Motor_Data_Handler  cybergear.o
    0x0800efa0   0x0800efa0   0x00000002   Code   RO          256    .text.NMI_Handler   stm32h7xx_it.o
    0x0800efa2   0x0800efa2   0x00000006   PAD
    0x0800efa8   0x0800efa8   0x0000000c   Code   RO          284    .text.OTG_HS_IRQHandler  stm32h7xx_it.o
    0x0800efb4   0x0800efb4   0x00000004   PAD
    0x0800efb8   0x0800efb8   0x00000020   Code   RO         3616    .text.PID_struct_init  motor_pid.o
    0x0800efd8   0x0800efd8   0x00000008   PAD
    0x0800efe0   0x0800efe0   0x00000064   Code   RO         3073    .text.PendSV_Handler  port.o
    0x0800f044   0x0800f044   0x00000004   PAD
    0x0800f048   0x0800f048   0x00000122   Code   RO          705    .text.RCCEx_PLL2_Config  stm32h7xx_hal_rcc_ex.o
    0x0800f16a   0x0800f16a   0x00000006   PAD
    0x0800f170   0x0800f170   0x00000122   Code   RO          707    .text.RCCEx_PLL3_Config  stm32h7xx_hal_rcc_ex.o
    0x0800f292   0x0800f292   0x00000006   PAD
    0x0800f298   0x0800f298   0x0000078e   Code   RO         3564    .text.RgbTask_Entry  rgb_task.o
    0x0800fa26   0x0800fa26   0x00000002   PAD
    0x0800fa28   0x0800fa28   0x000000d0   Code   RO         1926    .text.SPI_CloseTransfer  stm32h7xx_hal_spi.o
    0x0800faf8   0x0800faf8   0x00000008   PAD
    0x0800fb00   0x0800fb00   0x00000024   Code   RO         3057    .text.SVC_Handler   port.o
    0x0800fb24   0x0800fb24   0x00000004   PAD
    0x0800fb28   0x0800fb28   0x0000005c   Code   RO         3464    .text.Set_ZeroPos   cybergear.o
    0x0800fb84   0x0800fb84   0x00000004   PAD
    0x0800fb88   0x0800fb88   0x00000196   Code   RO         3460    .text.SpeedMode_Enable_Set  cybergear.o
    0x0800fd1e   0x0800fd1e   0x00000002   PAD
    0x0800fd20   0x0800fd20   0x0000000c   Code   RO           70    .text.StartDefaultTask  freertos.o
    0x0800fd2c   0x0800fd2c   0x00000004   PAD
    0x0800fd30   0x0800fd30   0x00000050   Code   RO         3450    .text.Stop_Motor    cybergear.o
    0x0800fd80   0x0800fd80   0x0000002e   Code   RO         3075    .text.SysTick_Handler  port.o
    0x0800fdae   0x0800fdae   0x00000002   PAD
    0x0800fdb0   0x0800fdb0   0x000000dc   Code   RO           35    .text.SystemClock_Config  main.o
    0x0800fe8c   0x0800fe8c   0x00000004   PAD
    0x0800fe90   0x0800fe90   0x000000b0   Code   RO         2549    .text.SystemInit    system_stm32h7xx.o
    0x0800ff40   0x0800ff40   0x0000000c   Code   RO          294    .text.TIM23_IRQHandler  stm32h7xx_it.o
    0x0800ff4c   0x0800ff4c   0x00000004   PAD
    0x0800ff50   0x0800ff50   0x00000184   Code   RO         2036    .text.TIM_Base_SetConfig  stm32h7xx_hal_tim.o
    0x080100d4   0x080100d4   0x00000004   PAD
    0x080100d8   0x080100d8   0x0000000c   Code   RO          286    .text.UART7_IRQHandler  stm32h7xx_it.o
    0x080100e4   0x080100e4   0x00000004   PAD
    0x080100e8   0x080100e8   0x000000e0   Code   RO         2367    .text.UART_AdvFeatureConfig  stm32h7xx_hal_uart.o
    0x080101c8   0x080101c8   0x00000176   Code   RO         2371    .text.UART_CheckIdleState  stm32h7xx_hal_uart.o
    0x0801033e   0x0801033e   0x00000002   PAD
    0x08010340   0x08010340   0x00000010   Code   RO         2449    .text.UART_DMAAbortOnError  stm32h7xx_hal_uart.o
    0x08010350   0x08010350   0x000001c4   Code   RO         2489    .text.UART_RxISR_16BIT  stm32h7xx_hal_uart.o
    0x08010514   0x08010514   0x00000004   PAD
    0x08010518   0x08010518   0x00000330   Code   RO         2485    .text.UART_RxISR_16BIT_FIFOEN  stm32h7xx_hal_uart.o
    0x08010848   0x08010848   0x000001c8   Code   RO         2491    .text.UART_RxISR_8BIT  stm32h7xx_hal_uart.o
    0x08010a10   0x08010a10   0x00000334   Code   RO         2487    .text.UART_RxISR_8BIT_FIFOEN  stm32h7xx_hal_uart.o
    0x08010d44   0x08010d44   0x00000004   PAD
    0x08010d48   0x08010d48   0x0000049c   Code   RO         2369    .text.UART_SetConfig  stm32h7xx_hal_uart.o
    0x080111e4   0x080111e4   0x00000004   PAD
    0x080111e8   0x080111e8   0x00000274   Code   RO         2401    .text.UART_Start_Receive_IT  stm32h7xx_hal_uart.o
    0x0801145c   0x0801145c   0x00000004   PAD
    0x08011460   0x08011460   0x00000358   Code   RO         2385    .text.UART_WaitOnFlagUntilTimeout  stm32h7xx_hal_uart.o
    0x080117b8   0x080117b8   0x0000000c   Code   RO          288    .text.USART10_IRQHandler  stm32h7xx_it.o
    0x080117c4   0x080117c4   0x00000004   PAD
    0x080117c8   0x080117c8   0x0000000c   Code   RO          278    .text.USART1_IRQHandler  stm32h7xx_it.o
    0x080117d4   0x080117d4   0x00000004   PAD
    0x080117d8   0x080117d8   0x0000000c   Code   RO          280    .text.USART2_IRQHandler  stm32h7xx_it.o
    0x080117e4   0x080117e4   0x00000004   PAD
    0x080117e8   0x080117e8   0x0000000c   Code   RO          282    .text.USART3_IRQHandler  stm32h7xx_it.o
    0x080117f4   0x080117f4   0x00000004   PAD
    0x080117f8   0x080117f8   0x00000072   Code   RO         3196    .text.USBD_CDC_DataIn  usbd_cdc.o
    0x0801186a   0x0801186a   0x00000006   PAD
    0x08011870   0x08011870   0x0000003c   Code   RO         3198    .text.USBD_CDC_DataOut  usbd_cdc.o
    0x080118ac   0x080118ac   0x00000004   PAD
    0x080118b0   0x080118b0   0x0000005a   Code   RO         3190    .text.USBD_CDC_DeInit  usbd_cdc.o
    0x0801190a   0x0801190a   0x00000006   PAD
    0x08011910   0x08011910   0x00000038   Code   RO         3194    .text.USBD_CDC_EP0_RxReady  usbd_cdc.o
    0x08011948   0x08011948   0x00000010   Code   RO         3206    .text.USBD_CDC_GetDeviceQualifierDescriptor  usbd_cdc.o
    0x08011958   0x08011958   0x00000052   Code   RO         3202    .text.USBD_CDC_GetFSCfgDesc  usbd_cdc.o
    0x080119aa   0x080119aa   0x00000006   PAD
    0x080119b0   0x080119b0   0x00000056   Code   RO         3200    .text.USBD_CDC_GetHSCfgDesc  usbd_cdc.o
    0x08011a06   0x08011a06   0x00000002   PAD
    0x08011a08   0x08011a08   0x00000052   Code   RO         3204    .text.USBD_CDC_GetOtherSpeedCfgDesc  usbd_cdc.o
    0x08011a5a   0x08011a5a   0x00000006   PAD
    0x08011a60   0x08011a60   0x000000ce   Code   RO         3188    .text.USBD_CDC_Init  usbd_cdc.o
    0x08011b2e   0x08011b2e   0x00000002   PAD
    0x08011b30   0x08011b30   0x00000030   Code   RO         3216    .text.USBD_CDC_ReceivePacket  usbd_cdc.o
    0x08011b60   0x08011b60   0x00000018   Code   RO         3208    .text.USBD_CDC_RegisterInterface  usbd_cdc.o
    0x08011b78   0x08011b78   0x0000001c   Code   RO         3212    .text.USBD_CDC_SetRxBuffer  usbd_cdc.o
    0x08011b94   0x08011b94   0x00000004   PAD
    0x08011b98   0x08011b98   0x00000020   Code   RO         3210    .text.USBD_CDC_SetTxBuffer  usbd_cdc.o
    0x08011bb8   0x08011bb8   0x000000f0   Code   RO         3192    .text.USBD_CDC_Setup  usbd_cdc.o
    0x08011ca8   0x08011ca8   0x00000044   Code   RO         3214    .text.USBD_CDC_TransmitPacket  usbd_cdc.o
    0x08011cec   0x08011cec   0x00000004   PAD
    0x08011cf0   0x08011cf0   0x00000012   Code   RO         3103    .text.USBD_ClrClassConfig  usbd_core.o
    0x08011d02   0x08011d02   0x00000006   PAD
    0x08011d08   0x08011d08   0x00000004   Code   RO         3111    .text.USBD_CoreFindEP  usbd_core.o
    0x08011d0c   0x08011d0c   0x00000004   PAD
    0x08011d10   0x08011d10   0x00000004   Code   RO         3109    .text.USBD_CoreFindIF  usbd_core.o
    0x08011d14   0x08011d14   0x00000004   PAD
    0x08011d18   0x08011d18   0x00000010   Code   RO         3172    .text.USBD_CtlContinueRx  usbd_ioreq.o
    0x08011d28   0x08011d28   0x00000010   Code   RO         3168    .text.USBD_CtlContinueSendData  usbd_ioreq.o
    0x08011d38   0x08011d38   0x00000016   Code   RO         3147    .text.USBD_CtlError  usbd_ctlreq.o
    0x08011d4e   0x08011d4e   0x00000002   PAD
    0x08011d50   0x08011d50   0x0000001e   Code   RO         3170    .text.USBD_CtlPrepareRx  usbd_ioreq.o
    0x08011d6e   0x08011d6e   0x00000002   PAD
    0x08011d70   0x08011d70   0x00000016   Code   RO         3176    .text.USBD_CtlReceiveStatus  usbd_ioreq.o
    0x08011d86   0x08011d86   0x00000002   PAD
    0x08011d88   0x08011d88   0x0000001a   Code   RO         3166    .text.USBD_CtlSendData  usbd_ioreq.o
    0x08011da2   0x08011da2   0x00000006   PAD
    0x08011da8   0x08011da8   0x00000016   Code   RO         3174    .text.USBD_CtlSendStatus  usbd_ioreq.o
    0x08011dbe   0x08011dbe   0x00000002   PAD
    0x08011dc0   0x08011dc0   0x00000084   Code   RO         3133    .text.USBD_GetEpDesc  usbd_core.o
    0x08011e44   0x08011e44   0x00000004   PAD
    0x08011e48   0x08011e48   0x000000fc   Code   RO         3155    .text.USBD_GetString  usbd_ctlreq.o
    0x08011f44   0x08011f44   0x00000004   PAD
    0x08011f48   0x08011f48   0x00000024   Code   RO          346    .text.USBD_HS_ConfigStrDescriptor  usbd_desc.o
    0x08011f6c   0x08011f6c   0x00000004   PAD
    0x08011f70   0x08011f70   0x0000000e   Code   RO          336    .text.USBD_HS_DeviceDescriptor  usbd_desc.o
    0x08011f7e   0x08011f7e   0x00000002   PAD
    0x08011f80   0x08011f80   0x00000028   Code   RO          348    .text.USBD_HS_InterfaceStrDescriptor  usbd_desc.o
    0x08011fa8   0x08011fa8   0x0000000e   Code   RO          338    .text.USBD_HS_LangIDStrDescriptor  usbd_desc.o
    0x08011fb6   0x08011fb6   0x00000002   PAD
    0x08011fb8   0x08011fb8   0x0000002c   Code   RO          340    .text.USBD_HS_ManufacturerStrDescriptor  usbd_desc.o
    0x08011fe4   0x08011fe4   0x00000004   PAD
    0x08011fe8   0x08011fe8   0x00000030   Code   RO          342    .text.USBD_HS_ProductStrDescriptor  usbd_desc.o
    0x08012018   0x08012018   0x0000016e   Code   RO          344    .text.USBD_HS_SerialStrDescriptor  usbd_desc.o
    0x08012186   0x08012186   0x00000002   PAD
    0x08012188   0x08012188   0x00000028   Code   RO         3089    .text.USBD_Init     usbd_core.o
    0x080121b0   0x080121b0   0x00000022   Code   RO          433    .text.USBD_LL_ClearStallEP  usbd_conf.o
    0x080121d2   0x080121d2   0x00000006   PAD
    0x080121d8   0x080121d8   0x00000022   Code   RO          427    .text.USBD_LL_CloseEP  usbd_conf.o
    0x080121fa   0x080121fa   0x00000006   PAD
    0x08012200   0x08012200   0x000000ba   Code   RO         3113    .text.USBD_LL_DataInStage  usbd_core.o
    0x080122ba   0x080122ba   0x00000006   PAD
    0x080122c0   0x080122c0   0x00000078   Code   RO         3107    .text.USBD_LL_DataOutStage  usbd_core.o
    0x08012338   0x08012338   0x00000004   Code   RO         3129    .text.USBD_LL_DevConnected  usbd_core.o
    0x0801233c   0x0801233c   0x00000004   PAD
    0x08012340   0x08012340   0x00000020   Code   RO         3131    .text.USBD_LL_DevDisconnected  usbd_core.o
    0x08012360   0x08012360   0x00000008   Code   RO          443    .text.USBD_LL_GetRxDataSize  usbd_conf.o
    0x08012368   0x08012368   0x00000072   Code   RO          415    .text.USBD_LL_Init  usbd_conf.o
    0x080123da   0x080123da   0x00000006   PAD
    0x080123e0   0x080123e0   0x00000022   Code   RO          435    .text.USBD_LL_IsStallEP  usbd_conf.o
    0x08012402   0x08012402   0x00000006   PAD
    0x08012408   0x08012408   0x0000002c   Code   RO         3125    .text.USBD_LL_IsoINIncomplete  usbd_core.o
    0x08012434   0x08012434   0x00000004   PAD
    0x08012438   0x08012438   0x0000002c   Code   RO         3127    .text.USBD_LL_IsoOUTIncomplete  usbd_core.o
    0x08012464   0x08012464   0x00000004   PAD
    0x08012468   0x08012468   0x00000028   Code   RO          425    .text.USBD_LL_OpenEP  usbd_conf.o
    0x08012490   0x08012490   0x00000022   Code   RO          441    .text.USBD_LL_PrepareReceive  usbd_conf.o
    0x080124b2   0x080124b2   0x00000006   PAD
    0x080124b8   0x080124b8   0x00000060   Code   RO         3115    .text.USBD_LL_Reset  usbd_core.o
    0x08012518   0x08012518   0x00000014   Code   RO         3121    .text.USBD_LL_Resume  usbd_core.o
    0x0801252c   0x0801252c   0x00000004   PAD
    0x08012530   0x08012530   0x0000001e   Code   RO         3123    .text.USBD_LL_SOF   usbd_core.o
    0x0801254e   0x0801254e   0x00000002   PAD
    0x08012550   0x08012550   0x00000008   Code   RO         3117    .text.USBD_LL_SetSpeed  usbd_core.o
    0x08012558   0x08012558   0x00000022   Code   RO          437    .text.USBD_LL_SetUSBAddress  usbd_conf.o
    0x0801257a   0x0801257a   0x00000006   PAD
    0x08012580   0x08012580   0x00000062   Code   RO         3105    .text.USBD_LL_SetupStage  usbd_core.o
    0x080125e2   0x080125e2   0x00000006   PAD
    0x080125e8   0x080125e8   0x00000022   Code   RO          431    .text.USBD_LL_StallEP  usbd_conf.o
    0x0801260a   0x0801260a   0x00000006   PAD
    0x08012610   0x08012610   0x00000022   Code   RO          421    .text.USBD_LL_Start  usbd_conf.o
    0x08012632   0x08012632   0x00000006   PAD
    0x08012638   0x08012638   0x0000001c   Code   RO         3119    .text.USBD_LL_Suspend  usbd_core.o
    0x08012654   0x08012654   0x00000004   PAD
    0x08012658   0x08012658   0x00000022   Code   RO          439    .text.USBD_LL_Transmit  usbd_conf.o
    0x0801267a   0x0801267a   0x00000006   PAD
    0x08012680   0x08012680   0x00000016   Code   RO         3153    .text.USBD_ParseSetupRequest  usbd_ctlreq.o
    0x08012696   0x08012696   0x00000002   PAD
    0x08012698   0x08012698   0x00000046   Code   RO         3093    .text.USBD_RegisterClass  usbd_core.o
    0x080126de   0x080126de   0x00000002   PAD
    0x080126e0   0x080126e0   0x00000010   Code   RO         3101    .text.USBD_SetClassConfig  usbd_core.o
    0x080126f0   0x080126f0   0x00000004   Code   RO         3095    .text.USBD_Start    usbd_core.o
    0x080126f4   0x080126f4   0x00000004   PAD
    0x080126f8   0x080126f8   0x00000362   Code   RO         3145    .text.USBD_StdDevReq  usbd_ctlreq.o
    0x08012a5a   0x08012a5a   0x00000006   PAD
    0x08012a60   0x08012a60   0x00000166   Code   RO         3151    .text.USBD_StdEPReq  usbd_ctlreq.o
    0x08012bc6   0x08012bc6   0x00000002   PAD
    0x08012bc8   0x08012bc8   0x0000007c   Code   RO         3149    .text.USBD_StdItfReq  usbd_ctlreq.o
    0x08012c44   0x08012c44   0x00000004   PAD
    0x08012c48   0x08012c48   0x00000002   Code   RO          447    .text.USBD_static_free  usbd_conf.o
    0x08012c4a   0x08012c4a   0x00000006   PAD
    0x08012c50   0x08012c50   0x0000000a   Code   RO          445    .text.USBD_static_malloc  usbd_conf.o
    0x08012c5a   0x08012c5a   0x00000006   PAD
    0x08012c60   0x08012c60   0x0000008a   Code   RO          585    .text.USB_ActivateEndpoint  stm32h7xx_ll_usb.o
    0x08012cea   0x08012cea   0x00000006   PAD
    0x08012cf0   0x08012cf0   0x00000020   Code   RO          627    .text.USB_ActivateSetup  stm32h7xx_ll_usb.o
    0x08012d10   0x08012d10   0x0000022e   Code   RO          563    .text.USB_CoreInit  stm32h7xx_ll_usb.o
    0x08012f3e   0x08012f3e   0x00000002   PAD
    0x08012f40   0x08012f40   0x00000086   Code   RO          589    .text.USB_DeactivateEndpoint  stm32h7xx_ll_usb.o
    0x08012fc6   0x08012fc6   0x00000002   PAD
    0x08012fc8   0x08012fc8   0x0000001e   Code   RO          609    .text.USB_DevConnect  stm32h7xx_ll_usb.o
    0x08012fe6   0x08012fe6   0x00000002   PAD
    0x08012fe8   0x08012fe8   0x0000001e   Code   RO          611    .text.USB_DevDisconnect  stm32h7xx_ll_usb.o
    0x08013006   0x08013006   0x00000002   PAD
    0x08013008   0x08013008   0x0000049e   Code   RO          575    .text.USB_DevInit   stm32h7xx_ll_usb.o
    0x080134a6   0x080134a6   0x00000002   PAD
    0x080134a8   0x080134a8   0x0000000e   Code   RO          569    .text.USB_DisableGlobalInt  stm32h7xx_ll_usb.o
    0x080134b6   0x080134b6   0x00000002   PAD
    0x080134b8   0x080134b8   0x0000005a   Code   RO          629    .text.USB_EP0_OutStart  stm32h7xx_ll_usb.o
    0x08013512   0x08013512   0x00000006   PAD
    0x08013518   0x08013518   0x00000052   Code   RO          603    .text.USB_EPClearStall  stm32h7xx_ll_usb.o
    0x0801356a   0x0801356a   0x00000006   PAD
    0x08013570   0x08013570   0x00000040   Code   RO          601    .text.USB_EPSetStall  stm32h7xx_ll_usb.o
    0x080135b0   0x080135b0   0x00000210   Code   RO          593    .text.USB_EPStartXfer  stm32h7xx_ll_usb.o
    0x080137c0   0x080137c0   0x0000010e   Code   RO          597    .text.USB_EPStopXfer  stm32h7xx_ll_usb.o
    0x080138ce   0x080138ce   0x00000002   PAD
    0x080138d0   0x080138d0   0x0000000e   Code   RO          567    .text.USB_EnableGlobalInt  stm32h7xx_ll_usb.o
    0x080138de   0x080138de   0x00000002   PAD
    0x080138e0   0x080138e0   0x000000be   Code   RO          579    .text.USB_FlushTxFifo  stm32h7xx_ll_usb.o
    0x0801399e   0x0801399e   0x00000002   PAD
    0x080139a0   0x080139a0   0x0000001a   Code   RO          583    .text.USB_GetDevSpeed  stm32h7xx_ll_usb.o
    0x080139ba   0x080139ba   0x00000006   PAD
    0x080139c0   0x080139c0   0x00000008   Code   RO          573    .text.USB_GetMode   stm32h7xx_ll_usb.o
    0x080139c8   0x080139c8   0x0000000e   Code   RO          619    .text.USB_ReadDevAllInEpInterrupt  stm32h7xx_ll_usb.o
    0x080139d6   0x080139d6   0x00000002   PAD
    0x080139d8   0x080139d8   0x0000000e   Code   RO          617    .text.USB_ReadDevAllOutEpInterrupt  stm32h7xx_ll_usb.o
    0x080139e6   0x080139e6   0x00000002   PAD
    0x080139e8   0x080139e8   0x00000024   Code   RO          623    .text.USB_ReadDevInEPInterrupt  stm32h7xx_ll_usb.o
    0x08013a0c   0x08013a0c   0x00000004   PAD
    0x08013a10   0x08013a10   0x00000010   Code   RO          621    .text.USB_ReadDevOutEPInterrupt  stm32h7xx_ll_usb.o
    0x08013a20   0x08013a20   0x00000008   Code   RO          613    .text.USB_ReadInterrupts  stm32h7xx_ll_usb.o
    0x08013a28   0x08013a28   0x000000b0   Code   RO          599    .text.USB_ReadPacket  stm32h7xx_ll_usb.o
    0x08013ad8   0x08013ad8   0x00000368   Code   RO          571    .text.USB_SetCurrentMode  stm32h7xx_ll_usb.o
    0x08013e40   0x08013e40   0x00000022   Code   RO          607    .text.USB_SetDevAddress  stm32h7xx_ll_usb.o
    0x08013e62   0x08013e62   0x00000006   PAD
    0x08013e68   0x08013e68   0x00000118   Code   RO          565    .text.USB_SetTurnaroundTime  stm32h7xx_ll_usb.o
    0x08013f80   0x08013f80   0x00000078   Code   RO          595    .text.USB_WritePacket  stm32h7xx_ll_usb.o
    0x08013ff8   0x08013ff8   0x00000002   Code   RO          264    .text.UsageFault_Handler  stm32h7xx_it.o
    0x08013ffa   0x08013ffa   0x00000006   PAD
    0x08014000   0x08014000   0x000001d6   Code   RO         3317    .text.WS2812_Ctrl   ws2812.o
    0x080141d6   0x080141d6   0x00000002   PAD
    0x080141d8   0x080141d8   0x00000028   Code   RO         3590    .text.abs_limit     user_lib.o
    0x08014200   0x08014200   0x00000250   Code   RO         3329    .text.bmi088_accel_init  bmi088driver.o
    0x08014450   0x08014450   0x00000214   Code   RO         3331    .text.bmi088_gyro_init  bmi088driver.o
    0x08014664   0x08014664   0x00000004   PAD
    0x08014668   0x08014668   0x00000060   Code   RO         3372    .text.canfd_filter  can_bsp.o
    0x080146c8   0x080146c8   0x0000005e   Code   RO           33    .text.main          main.o
    0x08014726   0x08014726   0x00000002   PAD
    0x08014728   0x08014728   0x00000010   Code   RO         2930    .text.osDelay       cmsis_os.o
    0x08014738   0x08014738   0x0000000a   Code   RO         2912    .text.osKernelStart  cmsis_os.o
    0x08014742   0x08014742   0x00000006   PAD
    0x08014748   0x08014748   0x00000060   Code   RO         2918    .text.osThreadCreate  cmsis_os.o
    0x080147a8   0x080147a8   0x00000180   Code   RO         3614    .text.pid_calc      motor_pid.o
    0x08014928   0x08014928   0x0000000e   Code   RO         3618    .text.pid_param_init  motor_pid.o
    0x08014936   0x08014936   0x00000002   PAD
    0x08014938   0x08014938   0x00000006   Code   RO         3620    .text.pid_reset     motor_pid.o
    0x0801493e   0x0801493e   0x00000002   PAD
    0x08014940   0x08014940   0x0000007e   Code   RO         2755    .text.prvAddCurrentTaskToDelayedList  tasks.o
    0x080149be   0x080149be   0x00000002   PAD
    0x080149c0   0x080149c0   0x000000fe   Code   RO         2745    .text.prvAddNewTaskToReadyList  tasks.o
    0x08014abe   0x08014abe   0x00000002   PAD
    0x08014ac0   0x08014ac0   0x00000086   Code   RO         2779    .text.prvIdleTask   tasks.o
    0x08014b46   0x08014b46   0x00000002   PAD
    0x08014b48   0x08014b48   0x00000126   Code   RO         2743    .text.prvInitialiseNewTask  tasks.o
    0x08014c6e   0x08014c6e   0x00000002   PAD
    0x08014c70   0x08014c70   0x00000028   Code   RO         3065    .text.prvPortStartFirstTask  port.o
    0x08014c98   0x08014c98   0x00000040   Code   RO         3055    .text.prvTaskExitError  port.o
    0x08014cd8   0x08014cd8   0x0000038a   Code   RO         2864    .text.prvTimerTask  timers.o
    0x08015062   0x08015062   0x00000006   PAD
    0x08015068   0x08015068   0x0000007a   Code   RO         2644    .text.prvUnlockQueue  queue.o
    0x080150e2   0x080150e2   0x00000006   PAD
    0x080150e8   0x080150e8   0x000001f4   Code   RO         3031    .text.pvPortMalloc  heap_4.o
    0x080152dc   0x080152dc   0x00000004   PAD
    0x080152e0   0x080152e0   0x0000002c   Code   RO         3053    .text.pxPortInitialiseStack  port.o
    0x0801530c   0x0801530c   0x00000004   PAD
    0x08015310   0x08015310   0x0000002a   Code   RO         2608    .text.uxListRemove  list.o
    0x0801533a   0x0801533a   0x00000006   PAD
    0x08015340   0x08015340   0x0000001a   Code   RO           64    .text.vApplicationGetIdleTaskMemory  freertos.o
    0x0801535a   0x0801535a   0x00000006   PAD
    0x08015360   0x08015360   0x0000001c   Code   RO           66    .text.vApplicationGetTimerTaskMemory  freertos.o
    0x0801537c   0x0801537c   0x00000004   PAD
    0x08015380   0x08015380   0x00000016   Code   RO         2600    .text.vListInitialise  list.o
    0x08015396   0x08015396   0x00000002   PAD
    0x08015398   0x08015398   0x00000006   Code   RO         2602    .text.vListInitialiseItem  list.o
    0x0801539e   0x0801539e   0x00000002   PAD
    0x080153a0   0x080153a0   0x00000062   Code   RO         2606    .text.vListInsert   list.o
    0x08015402   0x08015402   0x00000006   PAD
    0x08015408   0x08015408   0x0000001c   Code   RO         2604    .text.vListInsertEnd  list.o
    0x08015424   0x08015424   0x00000004   PAD
    0x08015428   0x08015428   0x00000014   Code   RO         3063    .text.vPortEnableVFP  port.o
    0x0801543c   0x0801543c   0x00000004   PAD
    0x08015440   0x08015440   0x0000004a   Code   RO         3069    .text.vPortEnterCritical  port.o
    0x0801548a   0x0801548a   0x00000006   PAD
    0x08015490   0x08015490   0x0000002e   Code   RO         3071    .text.vPortExitCritical  port.o
    0x080154be   0x080154be   0x00000002   PAD
    0x080154c0   0x080154c0   0x000000d4   Code   RO         3033    .text.vPortFree     heap_4.o
    0x08015594   0x08015594   0x00000004   PAD
    0x08015598   0x08015598   0x00000034   Code   RO         3061    .text.vPortSetupTimerInterrupt  port.o
    0x080155cc   0x080155cc   0x00000004   PAD
    0x080155d0   0x080155d0   0x000000b0   Code   RO         2678    .text.vQueueAddToRegistry  queue.o
    0x08015680   0x08015680   0x00000064   Code   RO         2682    .text.vQueueWaitForMessageRestricted  queue.o
    0x080156e4   0x080156e4   0x00000004   PAD
    0x080156e8   0x080156e8   0x0000009e   Code   RO         2759    .text.vTaskDelay    tasks.o
    0x08015786   0x08015786   0x00000002   PAD
    0x08015788   0x08015788   0x00000012   Code   RO         2809    .text.vTaskInternalSetTimeOutState  tasks.o
    0x0801579a   0x0801579a   0x00000006   PAD
    0x080157a0   0x080157a0   0x0000000e   Code   RO         2813    .text.vTaskMissedYield  tasks.o
    0x080157ae   0x080157ae   0x00000002   PAD
    0x080157b0   0x080157b0   0x00000036   Code   RO         2797    .text.vTaskPlaceOnEventList  tasks.o
    0x080157e6   0x080157e6   0x00000002   PAD
    0x080157e8   0x080157e8   0x0000008e   Code   RO         2801    .text.vTaskPlaceOnEventListRestricted  tasks.o
    0x08015876   0x08015876   0x00000002   PAD
    0x08015878   0x08015878   0x000000f0   Code   RO         2777    .text.vTaskStartScheduler  tasks.o
    0x08015968   0x08015968   0x00000010   Code   RO         2753    .text.vTaskSuspendAll  tasks.o
    0x08015978   0x08015978   0x0000006e   Code   RO         2771    .text.vTaskSwitchContext  tasks.o
    0x080159e6   0x080159e6   0x00000002   PAD
    0x080159e8   0x080159e8   0x00000044   Code   RO           17    .text.vofa_send_data  vofa.o
    0x08015a2c   0x08015a2c   0x00000004   PAD
    0x08015a30   0x08015a30   0x0000003c   Code   RO           19    .text.vofa_sendframetail  vofa.o
    0x08015a6c   0x08015a6c   0x00000004   PAD
    0x08015a70   0x08015a70   0x0000018a   Code   RO         3059    .text.xPortStartScheduler  port.o
    0x08015bfa   0x08015bfa   0x00000006   PAD
    0x08015c00   0x08015c00   0x000000de   Code   RO         2620    .text.xQueueGenericCreateStatic  queue.o
    0x08015cde   0x08015cde   0x00000002   PAD
    0x08015ce0   0x08015ce0   0x000002bc   Code   RO         2634    .text.xQueueGenericSend  queue.o
    0x08015f9c   0x08015f9c   0x00000004   PAD
    0x08015fa0   0x08015fa0   0x0000023e   Code   RO         2650    .text.xQueueReceive  queue.o
    0x080161de   0x080161de   0x00000002   PAD
    0x080161e0   0x080161e0   0x00000096   Code   RO         2811    .text.xTaskCheckForTimeOut  tasks.o
    0x08016276   0x08016276   0x00000002   PAD
    0x08016278   0x08016278   0x00000060   Code   RO         2747    .text.xTaskCreate   tasks.o
    0x080162d8   0x080162d8   0x0000007a   Code   RO         2741    .text.xTaskCreateStatic  tasks.o
    0x08016352   0x08016352   0x00000006   PAD
    0x08016358   0x08016358   0x0000001c   Code   RO         2825    .text.xTaskGetSchedulerState  tasks.o
    0x08016374   0x08016374   0x00000004   PAD
    0x08016378   0x08016378   0x0000000c   Code   RO         2785    .text.xTaskGetTickCount  tasks.o
    0x08016384   0x08016384   0x00000004   PAD
    0x08016388   0x08016388   0x00000106   Code   RO         2783    .text.xTaskIncrementTick  tasks.o
    0x0801648e   0x0801648e   0x00000002   PAD
    0x08016490   0x08016490   0x000000b6   Code   RO         2829    .text.xTaskPriorityDisinherit  tasks.o
    0x08016546   0x08016546   0x00000002   PAD
    0x08016548   0x08016548   0x00000078   Code   RO         2803    .text.xTaskRemoveFromEventList  tasks.o
    0x080165c0   0x080165c0   0x000000ea   Code   RO         2757    .text.xTaskResumeAll  tasks.o
    0x080166aa   0x080166aa   0x00000006   PAD
    0x080166b0   0x080166b0   0x000000b4   Code   RO         2862    .text.xTimerCreateTimerTask  timers.o
    0x08016764   0x08016764   0x0000003e   Code   RO         3827    CL$$btod_d2e        c_w.l(btod.o)
    0x080167a2   0x080167a2   0x00000046   Code   RO         3829    CL$$btod_d2e_denorm_low  c_w.l(btod.o)
    0x080167e8   0x080167e8   0x00000060   Code   RO         3828    CL$$btod_d2e_norm_op1  c_w.l(btod.o)
    0x08016848   0x08016848   0x00000338   Code   RO         3837    CL$$btod_div_common  c_w.l(btod.o)
    0x08016b80   0x08016b80   0x000000dc   Code   RO         3834    CL$$btod_e2e        c_w.l(btod.o)
    0x08016c5c   0x08016c5c   0x0000002a   Code   RO         3831    CL$$btod_ediv       c_w.l(btod.o)
    0x08016c86   0x08016c86   0x0000002a   Code   RO         3830    CL$$btod_emul       c_w.l(btod.o)
    0x08016cb0   0x08016cb0   0x00000244   Code   RO         3836    CL$$btod_mult_common  c_w.l(btod.o)
    0x08016ef4   0x08016ef4   0x00000030   Code   RO         3870    i.__ARM_fpclassify  m_wv.l(fpclassify.o)
    0x08016f24   0x08016f24   0x00000026   Code   RO         3761    i.__ARM_fpclassifyf  m_wv.l(fpclassifyf.o)
    0x08016f4a   0x08016f4a   0x00000002   PAD
    0x08016f4c   0x08016f4c   0x0000012c   Code   RO         3701    i.__hardfp_asinf    m_wv.l(asinf.o)
    0x08017078   0x08017078   0x000002ac   Code   RO         3707    i.__hardfp_atan2f   m_wv.l(atan2f.o)
    0x08017324   0x08017324   0x00000006   Code   RO         3764    i.__mathlib_flt_infnan  m_wv.l(funder.o)
    0x0801732a   0x0801732a   0x00000006   Code   RO         3765    i.__mathlib_flt_infnan2  m_wv.l(funder.o)
    0x08017330   0x08017330   0x00000010   Code   RO         3766    i.__mathlib_flt_invalid  m_wv.l(funder.o)
    0x08017340   0x08017340   0x00000010   Code   RO         3769    i.__mathlib_flt_underflow  m_wv.l(funder.o)
    0x08017350   0x08017350   0x0000003e   Code   RO         3787    i.sqrtf             m_wv.l(sqrtf.o)
    0x0801738e   0x0801738e   0x00000002   PAD
    0x08017390   0x08017390   0x0000002c   Code   RO         3860    locale$$code        c_w.l(lc_numeric_c.o)
    0x080173bc   0x080173bc   0x0000001a   Code   RO         4083    x$fpl$fpinit        fz_wv.l(fpinit.o)
    0x080173d6   0x080173d6   0x00000004   Code   RO         3699    x$fpl$printf1       fz_wv.l(printf1.o)
    0x080173da   0x080173da   0x00000000   Code   RO         3743    x$fpl$usenofp       fz_wv.l(usenofp.o)
    0x080173da   0x080173da   0x00000002   PAD
    0x080173dc   0x080173dc   0x00000094   Data   RO         3825    .constdata          c_w.l(bigflt0.o)
    0x08017470   0x08017470   0x0000004c   Data   RO         1816    .rodata..L__const.HAL_FDCAN_Init.CvtEltSize  stm32h7xx_hal_fdcan.o
    0x080174bc   0x080174bc   0x0000001c   Data   RO           94    .rodata..L__const.MX_FREERTOS_Init.os_thread_def_KeyTask  freertos.o
    0x080174d8   0x080174d8   0x0000001c   Data   RO           97    .rodata..L__const.MX_FREERTOS_Init.os_thread_def_LcdTask  freertos.o
    0x080174f4   0x080174f4   0x0000001c   Data   RO           91    .rodata..L__const.MX_FREERTOS_Init.os_thread_def_defaultTask  freertos.o
    0x08017510   0x08017510   0x00000006   Data   RO         2498    .rodata..Lswitch.table.UART_SetConfig.7  stm32h7xx_hal_uart.o
    0x08017516   0x08017516   0x00000006   Data   RO         2499    .rodata..Lswitch.table.UART_SetConfig.9  stm32h7xx_hal_uart.o
    0x0801751c   0x0801751c   0x00000010   Data   RO         2553    .rodata.D1CorePrescTable  system_stm32h7xx.o
    0x0801752c   0x0801752c   0x00000018   Data   RO         2497    .rodata.UARTPrescTable  stm32h7xx_hal_uart.o
    0x08017544   0x08017544   0x00000474   Data   RO         3301    .rodata.ascii_1206  lcd.o
    0x080179b8   0x080179b8   0x000005f0   Data   RO         3302    .rodata.ascii_1608  lcd.o
    0x08017fa8   0x08017fa8   0x000011d0   Data   RO         3303    .rodata.ascii_2412  lcd.o
    0x08019178   0x08019178   0x000017c0   Data   RO         3304    .rodata.ascii_3216  lcd.o
    0x0801a938   0x0801a938   0x00000010   Data   RO         1817    .rodata.cst16       stm32h7xx_hal_fdcan.o
    0x0801a948   0x0801a948   0x00000010   Data   RO         2540    .rodata.cst8        stm32h7xx_hal_uart_ex.o
    0x0801a958   0x0801a958   0x00000c80   Data   RO         3512    .rodata.gImage_1    lcd_task.o
    0x0801b5d8   0x0801b5d8   0x0000004a   Data   RO           90    .rodata.str1.1      freertos.o
    0x0801b622   0x0801b622   0x00000005   Data   RO         2902    .rodata.str1.1      timers.o
    0x0801b627   0x0801b627   0x00000006   Data   RO         3543    .rodata.str1.1      fun_test_task.o
    0x0801b62d   0x0801b62d   0x00000068   Data   RO         3305    .rodata.tfont12     lcd.o
    0x0801b695   0x0801b695   0x00000088   Data   RO         3306    .rodata.tfont16     lcd.o
    0x0801b71d   0x0801b71d   0x00000128   Data   RO         3307    .rodata.tfont24     lcd.o
    0x0801b845   0x0801b845   0x00000208   Data   RO         3308    .rodata.tfont32     lcd.o
    0x0801ba4d   0x0801ba4d   0x00000012   Data   RO         3335    .rodata.write_BMI088_accel_reg_data_error  bmi088driver.o
    0x0801ba5f   0x0801ba5f   0x00000012   Data   RO         3336    .rodata.write_BMI088_gyro_reg_data_error  bmi088driver.o
    0x0801ba71   0x0801ba71   0x00000003   PAD
    0x0801ba74   0x0801ba74   0x00000020   Data   RO         4166    Region$$Table       anon$$obj.o
    0x0801ba94   0x0801ba94   0x0000001c   Data   RO         3859    locale$$data        c_w.l(lc_numeric_c.o)


    Execution Region RW_IRAM1 (Exec base: 0x20000000, Load base: 0x0801bab0, Size: 0x00000000, Max: 0x00020000, ABSOLUTE)

    **** No section assigned to this execution region ****


    Execution Region RW_IRAM2 (Exec base: 0x24000000, Load base: 0x0801bab0, Size: 0x0000bb70, Max: 0x00050000, ABSOLUTE)

    Exec Addr    Load Addr    Size         Type   Attr      Idx    E Section Name        Object

    0x24000000   0x0801bab0   0x00000008   Data   RW         1277    .data..L_MergedGlobals  stm32h7xx_hal.o
    0x24000008   0x0801bab8   0x00000008   Data   RW         2554    .data..L_MergedGlobals  system_stm32h7xx.o
    0x24000010   0x0801bac0   0x00000008   Data   RW         3337    .data..L_MergedGlobals  bmi088driver.o
    0x24000018   0x0801bac8   0x00000020   Data   RW          352    .data.HS_Desc       usbd_desc.o
    0x24000038   0x0801bae8   0x00000038   Data   RW         3218    .data.USBD_CDC      usbd_cdc.o
    0x24000070   0x0801bb20   0x00000043   Data   RW         3220    .data.USBD_CDC_CfgDesc  usbd_cdc.o
    0x240000b3   0x0801bb63   0x00000001   PAD
    0x240000b4   0x0801bb64   0x0000000a   Data   RW         3219    .data.USBD_CDC_DeviceQualifierDesc  usbd_cdc.o
    0x240000be   0x0801bb6e   0x00000002   PAD
    0x240000c0   0x0801bb70   0x00000012   Data   RW          353    .data.USBD_HS_DeviceDesc  usbd_desc.o
    0x240000d2   0x0801bb82   0x00000002   PAD
    0x240000d4   0x0801bb84   0x00000014   Data   RW          378    .data.USBD_Interface_fops_HS  usbd_cdc_if.o
    0x240000e8   0x0801bb98   0x00000004   Data   RW          355    .data.USBD_LangIDDesc  usbd_desc.o
    0x240000ec   0x0801bb9c   0x0000001a   Data   RW          356    .data.USBD_StringSerial  usbd_desc.o
    0x24000106   0x0801bbb6   0x00000002   PAD
    0x24000108   0x0801bbb8   0x00000004   Data   RW         3637    .data.twoKp         mahonyahrs.o
    0x2400010c   0x0801bbbc   0x00000004   Data   RW         3079    .data.uxCriticalNesting  port.o
    0x24000110        -       0x00000060   Zero   RW         3878    .bss                c_w.l(libspace.o)
    0x24000170        -       0x00000008   Zero   RW           22    .bss..L_MergedGlobals  vofa.o
    0x24000178        -       0x00000020   Zero   RW          108    .bss..L_MergedGlobals  freertos.o
    0x24000198        -       0x00000078   Zero   RW         2852    .bss..L_MergedGlobals  tasks.o
    0x24000210        -       0x0000003c   Zero   RW         2903    .bss..L_MergedGlobals  timers.o
    0x2400024c        -       0x00000020   Zero   RW         3044    .bss..L_MergedGlobals  heap_4.o
    0x2400026c        -       0x00000008   Zero   RW         3080    .bss..L_MergedGlobals  port.o
    0x24000274        -       0x00000008   Zero   RW         3231    .bss..L_MergedGlobals  bsp_user_key.o
    0x2400027c        -       0x0000005c   Zero   RW         3392    .bss..L_MergedGlobals  can_bsp.o
    0x240002d8        -       0x0000000c   Zero   RW         3502    .bss..L_MergedGlobals  key_task.o
    0x240002e4        -       0x00000048   Zero   RW         3528    .bss..L_MergedGlobals  imu_task.o
    0x2400032c        -       0x00000012   Zero   RW         3545    .bss..L_MergedGlobals  fun_test_task.o
    0x2400033e   0x0801bbc0   0x00000002   PAD
    0x24000340        -       0x00000010   Zero   RW         3638    .bss..L_MergedGlobals  mahonyahrs.o
    0x24000350        -       0x00000078   Zero   RW         3393    .bss..L_MergedGlobals.1  can_bsp.o
    0x240003c8        -       0x00000028   Zero   RW         2853    .bss..L_MergedGlobals.2  tasks.o
    0x240003f0        -       0x00001000   Zero   RW          106    .bss.CommunicationBuffer  freertos.o
    0x240013f0        -       0x0000005c   Zero   RW          107    .bss.CommunicationControlBlock  freertos.o
    0x2400144c        -       0x00001000   Zero   RW          102    .bss.CtrTaskBuffer  freertos.o
    0x2400244c        -       0x0000005c   Zero   RW          103    .bss.CtrTaskControlBlock  freertos.o
    0x240024a8        -       0x00000200   Zero   RW          100    .bss.FunTestBuffer  freertos.o
    0x240026a8        -       0x0000005c   Zero   RW          101    .bss.FunTestControlBlock  freertos.o
    0x24002704        -       0x00000004   Zero   RW          155    .bss.HAL_RCC_FDCAN_CLK_ENABLED  fdcan.o
    0x24002708        -       0x00001000   Zero   RW           98    .bss.ImuTaskBuffer  freertos.o
    0x24003708        -       0x0000005c   Zero   RW           99    .bss.ImuTaskControlBlock  freertos.o
    0x24003764        -       0x00000200   Zero   RW           92    .bss.KeyTaskBuffer  freertos.o
    0x24003964        -       0x0000005c   Zero   RW           93    .bss.KeyTaskControlBlock  freertos.o
    0x240039c0        -       0x00000400   Zero   RW           95    .bss.LcdTaskBuffer  freertos.o
    0x24003dc0        -       0x0000005c   Zero   RW           96    .bss.LcdTaskControlBlock  freertos.o
    0x24003e1c   0x0801bbc0   0x00000004   PAD
    0x24003e20        -       0x00000300   Zero   RW         3471    .bss.Motors         cybergear.o
    0x24004120        -       0x00000200   Zero   RW          104    .bss.RgbTaskBuffer  freertos.o
    0x24004320        -       0x0000005c   Zero   RW          105    .bss.RgbTaskControlBlock  freertos.o
    0x2400437c        -       0x00000001   Zero   RW         3157    .bss.USBD_SetConfig.cfgidx  usbd_ctlreq.o
    0x2400437d   0x0801bbc0   0x00000003   PAD
    0x24004380        -       0x00000200   Zero   RW          357    .bss.USBD_StrDesc   usbd_desc.o
    0x24004580        -       0x00000220   Zero   RW          452    .bss.USBD_static_malloc.mem  usbd_conf.o
    0x240047a0        -       0x00000800   Zero   RW          379    .bss.UserRxBufferHS  usbd_cdc_if.o
    0x24004fa0        -       0x00000800   Zero   RW          380    .bss.UserTxBufferHS  usbd_cdc_if.o
    0x240057a0        -       0x00000004   Zero   RW         3470    .bss.byte           cybergear.o
    0x240057a4        -       0x000002dc   Zero   RW          329    .bss.hUsbDeviceHS   usb_device.o
    0x24005a80        -       0x00000070   Zero   RW          123    .bss.hadc1          adc.o
    0x24005af0        -       0x00000078   Zero   RW          124    .bss.hdma_adc1      adc.o
    0x24005b68        -       0x000000a0   Zero   RW          152    .bss.hfdcan1        fdcan.o
    0x24005c08        -       0x000000a0   Zero   RW          153    .bss.hfdcan2        fdcan.o
    0x24005ca8        -       0x000000a0   Zero   RW          154    .bss.hfdcan3        fdcan.o
    0x24005d48        -       0x0000005c   Zero   RW          171    .bss.hospi2         octospi.o
    0x24005da4        -       0x000004e4   Zero   RW          451    .bss.hpcd_USB_OTG_HS  usbd_conf.o
    0x24006288        -       0x00000088   Zero   RW          190    .bss.hspi1          spi.o
    0x24006310        -       0x00000088   Zero   RW          191    .bss.hspi2          spi.o
    0x24006398        -       0x00000088   Zero   RW          192    .bss.hspi6          spi.o
    0x24006420        -       0x0000004c   Zero   RW          215    .bss.htim1          tim.o
    0x2400646c        -       0x0000004c   Zero   RW          218    .bss.htim12         tim.o
    0x240064b8        -       0x0000004c   Zero   RW          216    .bss.htim2          tim.o
    0x24006504        -       0x0000004c   Zero   RW          318    .bss.htim23         stm32h7xx_hal_timebase_tim.o
    0x24006550        -       0x0000004c   Zero   RW          217    .bss.htim3          tim.o
    0x2400659c        -       0x00000094   Zero   RW          244    .bss.huart1         usart.o
    0x24006630        -       0x00000094   Zero   RW          247    .bss.huart10        usart.o
    0x240066c4        -       0x00000094   Zero   RW          245    .bss.huart2         usart.o
    0x24006758        -       0x00000094   Zero   RW          246    .bss.huart3         usart.o
    0x240067ec        -       0x00000094   Zero   RW          243    .bss.huart7         usart.o
    0x24006880        -       0x00000008   Zero   RW         3556    .bss.motor_pid_out  ctr_task.o
    0x24006888        -       0x0000006c   Zero   RW         3622    .bss.pid_pit        motor_pid.o
    0x240068f4        -       0x000000a0   Zero   RW         2901    .bss.prvCheckForValidListAndQueue.ucStaticTimerQueueStorage  timers.o
    0x24006994        -       0x00000050   Zero   RW         2900    .bss.prvCheckForValidListAndQueue.xStaticTimerQueue  timers.o
    0x240069e4        -       0x0000008c   Zero   RW         2851    .bss.pxReadyTasksLists  tasks.o
    0x24006a70        -       0x00000400   Zero   RW           21    .bss.send_buf       vofa.o
    0x24006e70        -       0x00003c00   Zero   RW         3043    .bss.ucHeap         heap_4.o
    0x2400aa70        -       0x00000004   Zero   RW         1276    .bss.uwTick         stm32h7xx_hal.o
    0x2400aa74        -       0x00000200   Zero   RW           87    .bss.xIdleStack     freertos.o
    0x2400ac74        -       0x0000005c   Zero   RW           86    .bss.xIdleTaskTCBBuffer  freertos.o
    0x2400acd0        -       0x00000040   Zero   RW         2684    .bss.xQueueRegistry  queue.o
    0x2400ad10        -       0x00000400   Zero   RW           89    .bss.xTimerStack    freertos.o
    0x2400b110        -       0x0000005c   Zero   RW           88    .bss.xTimerTaskTCBBuffer  freertos.o
    0x2400b16c   0x0801bbc0   0x00000004   PAD
    0x2400b170        -       0x00000200   Zero   RW            2    HEAP                startup_stm32h723xx.o
    0x2400b370        -       0x00000800   Zero   RW            1    STACK               startup_stm32h723xx.o


==============================================================================

Image component sizes


      Code (inc. data)   RO Data    RW Data    ZI Data      Debug   Object Name

       496          0          0          0        232       9711   adc.o
      1558          0         36          8          0       5591   bmi088driver.o
       282          0          0          0          0       3962   bmi088middleware.o
        14          0          0          0          0       4655   bsp_buzzer.o
       100          0          0          0          8       1552   bsp_user_key.o
       314          0          0          0        212       9415   can_bsp.o
       122          0          0          0          0      27037   cmsis_os.o
       184          4          0          0          0       1398   communication_task.o
       108         12          0          0          8       1322   ctr_task.o
      1930         68          0          0        772      19377   cybergear.o
        52          0          0          0          0       5422   dma.o
       778          0          0          0        484      12375   fdcan.o
       562        140        158          0      17244       5779   freertos.o
       338          0          6          0         18       6484   fun_test_task.o
       422          0          0          0          0       3472   gpio.o
       712          0          0          0      15392       5755   heap_4.o
       460         24          0          0         72       3794   imu_task.o
       120          8          0          0         12       1780   key_task.o
      9366          6      14356          0          0      33579   lcd.o
       204         20       3200          0          0       1313   lcd_task.o
       196          0          0          0          0       2349   list.o
       512          8          0          4         16       6091   mahonyahrs.o
       344          0          0          0          0       9925   main.o
       436          4          0          0        108       2862   motor_pid.o
       592          0          0          0         92       9495   octospi.o
       916         16          0          4          8       4341   port.o
      1894          0          0          0         64      28973   queue.o
      1934          0          0          0          0       2893   rgb_task.o
       790          0          0          0        408       9840   spi.o
        64         26        716          0       2560        876   startup_stm32h723xx.o
       178          0          0          8          4      15958   stm32h7xx_hal.o
      3124         14          0          0          0      30982   stm32h7xx_hal_adc.o
       392          0          0          0          0      31931   stm32h7xx_hal_adc_ex.o
       156          0          0          0          0      12431   stm32h7xx_hal_cortex.o
      7724         12          0          0          0      17948   stm32h7xx_hal_dma.o
      2966          0         92          0          0      61504   stm32h7xx_hal_fdcan.o
       710          0          0          0          0       7012   stm32h7xx_hal_gpio.o
        42          0          0          0          0       5464   stm32h7xx_hal_msp.o
      1892          0          0          0          0      29898   stm32h7xx_hal_ospi.o
      3790          0          0          0          0      17468   stm32h7xx_hal_pcd.o
       266          0          0          0          0       6400   stm32h7xx_hal_pcd_ex.o
        94          0          0          0          0       9651   stm32h7xx_hal_pwr_ex.o
      2740         16          0          0          0      11374   stm32h7xx_hal_rcc.o
      5148        212          0          0          0      19727   stm32h7xx_hal_rcc_ex.o
      2344          0          0          0          0      23318   stm32h7xx_hal_spi.o
      2798         24          0          0          0      65771   stm32h7xx_hal_tim.o
       428          0          0          0          0      26300   stm32h7xx_hal_tim_ex.o
       160          0          0          0         76       9667   stm32h7xx_hal_timebase_tim.o
      7988        332         36          0          0      43593   stm32h7xx_hal_uart.o
       480          0         16          0          0      11583   stm32h7xx_hal_uart_ex.o
       180          0          0          0          0      12856   stm32h7xx_it.o
      4960          0          0          0          0      40169   stm32h7xx_ll_usb.o
       176          0         16          8          0       5283   system_stm32h7xx.o
      2766          8          0          0        300      41469   tasks.o
      1084          0          0          0        304      10314   tim.o
      1086         20          5          0        300      16501   timers.o
      1304          0          0          0        740      13447   usart.o
       108          0          0          0        732       3304   usb_device.o
      1232         12          0        133          0      11790   usbd_cdc.o
       138          0          0         20       4096       4937   usbd_cdc_if.o
       754          0          0          0       1796      22310   usbd_conf.o
       998          0          0          0          0      11232   usbd_core.o
      1644         36          0          0          1      10253   usbd_ctlreq.o
       562         72          0         80        512       4398   usbd_desc.o
       132          0          0          0          0       4771   usbd_ioreq.o
        40          0          0          0          0       3771   user_lib.o
       128          0          0          0       1032       2794   vofa.o
       470          0          0          0          0       1988   ws2812.o

    ----------------------------------------------------------------------
     88252       1142      18672        272      47616     920985   Object Totals
         0          0         32          0          0          0   (incl. Generated)
      1270         48          3          7         13          0   (incl. Padding)

    ----------------------------------------------------------------------

      Code (inc. data)   RO Data    RW Data    ZI Data      Debug   Library Member Name

         8          0          0          0          0         68   __main.o
         0          0          0          0          0          0   __rtentry.o
        12          0          0          0          0          0   __rtentry2.o
         6          0          0          0          0          0   __rtentry4.o
        94          8          0          0          0          0   __scatter.o
        26          0          0          0          0          0   __scatter_copy.o
        28          0          0          0          0          0   __scatter_zi.o
         6          0          0          0          0          0   _printf_d.o
       120         16          0          0          0         92   _printf_dec.o
         6          0          0          0          0          0   _printf_f.o
      1052          0          0          0          0        148   _printf_fp_dec.o
       128         16          0          0          0         84   _printf_fp_infnan.o
       178          0          0          0          0         88   _printf_intcommon.o
         0          0          0          0          0          0   _printf_percent.o
         4          0          0          0          0          0   _printf_percent_end.o
        22          0          0          0          0        100   _rserrno.o
        16          0          0          0          0         68   aeabi_memset4.o
       228          4        148          0          0         96   bigflt0.o
      1936        128          0          0          0        668   btod.o
        18          0          0          0          0         80   exit.o
         6          0          0          0          0        152   heapauxi.o
         0          0          0          0          0          0   indicate_semi.o
        44         10         28          0          0         76   lc_numeric_c.o
         2          0          0          0          0          0   libinit.o
        22          0          0          0          0          0   libinit2.o
         2          0          0          0          0          0   libshutdown.o
         2          0          0          0          0          0   libshutdown2.o
         8          4          0          0         96         68   libspace.o
       138          0          0          0          0         80   lludiv10.o
       240          0          0          0          0        100   lludivv7m.o
        88          0          0          0          0         76   memcmp.o
         8          4          0          0          0         68   rt_errno_addr_intlibspace.o
         8          4          0          0          0         68   rt_locale_intlibspace.o
        78          0          0          0          0         80   rt_memclr_w.o
       138          0          0          0          0         68   rt_memcpy_v6.o
       100          0          0          0          0         80   rt_memcpy_w.o
         2          0          0          0          0          0   rtexit.o
        10          0          0          0          0          0   rtexit2.o
       124          0          0          0          0         88   strcmpv7m_pel.o
        12          4          0          0          0         68   sys_exit.o
        74          0          0          0          0         80   sys_stackheap_outer.o
         2          0          0          0          0         68   use_no_semi.o
        26          0          0          0          0        116   fpinit.o
         4          0          0          0          0        116   printf1.o
         0          0          0          0          0          0   usenofp.o
       300         42          0          0          0        176   asinf.o
       684         90          0          0          0        208   atan2f.o
        48          0          0          0          0        124   fpclassify.o
        38          0          0          0          0        116   fpclassifyf.o
        44         12          0          0          0        464   funder.o
        62          0          0          0          0        136   sqrtf.o

    ----------------------------------------------------------------------
      6228        342        176          0         96       4168   Library Totals
        26          0          0          0          0          0   (incl. Padding)

    ----------------------------------------------------------------------

      Code (inc. data)   RO Data    RW Data    ZI Data      Debug   Library Name

      4996        198        176          0         96       2712   c_w.l
        30          0          0          0          0        232   fz_wv.l
      1176        144          0          0          0       1224   m_wv.l

    ----------------------------------------------------------------------
      6228        342        176          0         96       4168   Library Totals

    ----------------------------------------------------------------------

==============================================================================


      Code (inc. data)   RO Data    RW Data    ZI Data      Debug   

     94480       1484      18848        272      47712     921545   Grand Totals
     94480       1484      18848        272      47712     921545   ELF Image Totals
     94480       1484      18848        272          0          0   ROM Totals

==============================================================================

    Total RO  Size (Code + RO Data)               113328 ( 110.67kB)
    Total RW  Size (RW Data + ZI Data)             47984 (  46.86kB)
    Total ROM Size (Code + RO Data + RW Data)     113600 ( 110.94kB)

==============================================================================

