Component: Arm Compiler for Embedded 6.21 Tool: armlink [5ec1fa00]

==============================================================================

Section Cross References

    startup_stm32h723xx.o(STACK) refers (Special) to heapauxi.o(.text) for __use_two_region_memory
    startup_stm32h723xx.o(HEAP) refers (Special) to heapauxi.o(.text) for __use_two_region_memory
    startup_stm32h723xx.o(RESET) refers (Special) to heapauxi.o(.text) for __use_two_region_memory
    startup_stm32h723xx.o(RESET) refers to startup_stm32h723xx.o(STACK) for __initial_sp
    startup_stm32h723xx.o(RESET) refers to startup_stm32h723xx.o(.text) for Reset_Handler
    startup_stm32h723xx.o(RESET) refers to stm32h7xx_it.o(.text.NMI_Handler) for NMI_Handler
    startup_stm32h723xx.o(RESET) refers to stm32h7xx_it.o(.text.HardFault_Handler) for HardFault_Handler
    startup_stm32h723xx.o(RESET) refers to stm32h7xx_it.o(.text.MemManage_Handler) for MemManage_Handler
    startup_stm32h723xx.o(RESET) refers to stm32h7xx_it.o(.text.BusFault_Handler) for BusFault_Handler
    startup_stm32h723xx.o(RESET) refers to stm32h7xx_it.o(.text.UsageFault_Handler) for UsageFault_Handler
    startup_stm32h723xx.o(RESET) refers to port.o(.text.SVC_Handler) for SVC_Handler
    startup_stm32h723xx.o(RESET) refers to stm32h7xx_it.o(.text.DebugMon_Handler) for DebugMon_Handler
    startup_stm32h723xx.o(RESET) refers to port.o(.text.PendSV_Handler) for PendSV_Handler
    startup_stm32h723xx.o(RESET) refers to port.o(.text.SysTick_Handler) for SysTick_Handler
    startup_stm32h723xx.o(RESET) refers to stm32h7xx_it.o(.text.DMA1_Stream0_IRQHandler) for DMA1_Stream0_IRQHandler
    startup_stm32h723xx.o(RESET) refers to stm32h7xx_it.o(.text.FDCAN1_IT0_IRQHandler) for FDCAN1_IT0_IRQHandler
    startup_stm32h723xx.o(RESET) refers to stm32h7xx_it.o(.text.FDCAN2_IT0_IRQHandler) for FDCAN2_IT0_IRQHandler
    startup_stm32h723xx.o(RESET) refers to stm32h7xx_it.o(.text.FDCAN1_IT1_IRQHandler) for FDCAN1_IT1_IRQHandler
    startup_stm32h723xx.o(RESET) refers to stm32h7xx_it.o(.text.FDCAN2_IT1_IRQHandler) for FDCAN2_IT1_IRQHandler
    startup_stm32h723xx.o(RESET) refers to stm32h7xx_it.o(.text.USART1_IRQHandler) for USART1_IRQHandler
    startup_stm32h723xx.o(RESET) refers to stm32h7xx_it.o(.text.USART2_IRQHandler) for USART2_IRQHandler
    startup_stm32h723xx.o(RESET) refers to stm32h7xx_it.o(.text.USART3_IRQHandler) for USART3_IRQHandler
    startup_stm32h723xx.o(RESET) refers to stm32h7xx_it.o(.text.OTG_HS_IRQHandler) for OTG_HS_IRQHandler
    startup_stm32h723xx.o(RESET) refers to stm32h7xx_it.o(.text.UART7_IRQHandler) for UART7_IRQHandler
    startup_stm32h723xx.o(RESET) refers to stm32h7xx_it.o(.text.USART10_IRQHandler) for USART10_IRQHandler
    startup_stm32h723xx.o(RESET) refers to stm32h7xx_it.o(.text.FDCAN3_IT0_IRQHandler) for FDCAN3_IT0_IRQHandler
    startup_stm32h723xx.o(RESET) refers to stm32h7xx_it.o(.text.FDCAN3_IT1_IRQHandler) for FDCAN3_IT1_IRQHandler
    startup_stm32h723xx.o(RESET) refers to stm32h7xx_it.o(.text.TIM23_IRQHandler) for TIM23_IRQHandler
    startup_stm32h723xx.o(.text) refers (Special) to heapauxi.o(.text) for __use_two_region_memory
    startup_stm32h723xx.o(.text) refers to system_stm32h7xx.o(.text.SystemInit) for SystemInit
    startup_stm32h723xx.o(.text) refers to __main.o(!!!main) for __main
    startup_stm32h723xx.o(.text) refers to startup_stm32h723xx.o(HEAP) for Heap_Mem
    startup_stm32h723xx.o(.text) refers to startup_stm32h723xx.o(STACK) for Stack_Mem
    vofa.o(.text.vofa_start) refers to vofa.o(.text.vofa_demo) for vofa_demo
    vofa.o(.ARM.exidx.text.vofa_start) refers to vofa.o(.text.vofa_start) for [Anonymous Symbol]
    vofa.o(.text.vofa_demo) refers to vofa.o(.bss..L_MergedGlobals) for .L_MergedGlobals
    vofa.o(.text.vofa_demo) refers to sin.o(i.__hardfp_sin) for __hardfp_sin
    vofa.o(.text.vofa_demo) refers to vofa.o(.bss.send_buf) for send_buf
    vofa.o(.text.vofa_demo) refers to usbd_cdc_if.o(.text.CDC_Transmit_HS) for CDC_Transmit_HS
    vofa.o(.ARM.exidx.text.vofa_demo) refers to vofa.o(.text.vofa_demo) for [Anonymous Symbol]
    vofa.o(.text.vofa_transmit) refers to usbd_cdc_if.o(.text.CDC_Transmit_HS) for CDC_Transmit_HS
    vofa.o(.ARM.exidx.text.vofa_transmit) refers to vofa.o(.text.vofa_transmit) for [Anonymous Symbol]
    vofa.o(.text.vofa_send_data) refers to vofa.o(.bss..L_MergedGlobals) for .L_MergedGlobals
    vofa.o(.text.vofa_send_data) refers to vofa.o(.bss.send_buf) for send_buf
    vofa.o(.ARM.exidx.text.vofa_send_data) refers to vofa.o(.text.vofa_send_data) for [Anonymous Symbol]
    vofa.o(.text.vofa_sendframetail) refers to vofa.o(.bss..L_MergedGlobals) for .L_MergedGlobals
    vofa.o(.text.vofa_sendframetail) refers to vofa.o(.bss.send_buf) for send_buf
    vofa.o(.text.vofa_sendframetail) refers to usbd_cdc_if.o(.text.CDC_Transmit_HS) for CDC_Transmit_HS
[...]
    0x08000388   0x08000388   0x00000000   Code   RO         3972    .ARM.Collect$$libinit$$0000000E  c_w.l(libinit2.o)
    0x08000388   0x08000388   0x00000000   Code   RO         3974    .ARM.Collect$$libinit$$00000010  c_w.l(libinit2.o)
    0x08000388   0x08000388   0x00000006   Code   RO         3975    .ARM.Collect$$libinit$$00000011  c_w.l(libinit2.o)
    0x0800038e   0x0800038e   0x00000000   Code   RO         3977    .ARM.Collect$$libinit$$00000013  c_w.l(libinit2.o)
    0x0800038e   0x0800038e   0x00000000   Code   RO         3979    .ARM.Collect$$libinit$$00000015  c_w.l(libinit2.o)
    0x0800038e   0x0800038e   0x00000000   Code   RO         3981    .ARM.Collect$$libinit$$00000017  c_w.l(libinit2.o)
    0x0800038e   0x0800038e   0x0000000a   Code   RO         3982    .ARM.Collect$$libinit$$00000018  c_w.l(libinit2.o)
    0x08000398   0x08000398   0x00000000   Code   RO         3983    .ARM.Collect$$libinit$$00000019  c_w.l(libinit2.o)
    0x08000398   0x08000398   0x00000000   Code   RO         3985    .ARM.Collect$$libinit$$0000001B  c_w.l(libinit2.o)
    0x08000398   0x08000398   0x00000000   Code   RO         3987    .ARM.Collect$$libinit$$0000001D  c_w.l(libinit2.o)
    0x08000398   0x08000398   0x00000000   Code   RO         3989    .ARM.Collect$$libinit$$0000001F  c_w.l(libinit2.o)
    0x08000398   0x08000398   0x00000000   Code   RO         3991    .ARM.Collect$$libinit$$00000021  c_w.l(libinit2.o)
    0x08000398   0x08000398   0x00000000   Code   RO         3993    .ARM.Collect$$libinit$$00000023  c_w.l(libinit2.o)
    0x08000398   0x08000398   0x00000000   Code   RO         3995    .ARM.Collect$$libinit$$00000025  c_w.l(libinit2.o)
    0x08000398   0x08000398   0x00000000   Code   RO         3997    .ARM.Collect$$libinit$$00000027  c_w.l(libinit2.o)
    0x08000398   0x08000398   0x00000000   Code   RO         4001    .ARM.Collect$$libinit$$0000002E  c_w.l(libinit2.o)
    0x08000398   0x08000398   0x00000000   Code   RO         4003    .ARM.Collect$$libinit$$00000030  c_w.l(libinit2.o)
    0x08000398   0x08000398   0x00000000   Code   RO         4005    .ARM.Collect$$libinit$$00000032  c_w.l(libinit2.o)
    0x08000398   0x08000398   0x00000000   Code   RO         4007    .ARM.Collect$$libinit$$00000034  c_w.l(libinit2.o)
    0x08000398   0x08000398   0x00000002   Code   RO         4008    .ARM.Collect$$libinit$$00000035  c_w.l(libinit2.o)
    0x0800039a   0x0800039a   0x00000002   Code   RO         4135    .ARM.Collect$$libshutdown$$00000000  c_w.l(libshutdown.o)
    0x0800039c   0x0800039c   0x00000000   Code   RO         4010    .ARM.Collect$$libshutdown$$00000002  c_w.l(libshutdown2.o)
    0x0800039c   0x0800039c   0x00000000   Code   RO         4012    .ARM.Collect$$libshutdown$$00000004  c_w.l(libshutdown2.o)
    0x0800039c   0x0800039c   0x00000000   Code   RO         4015    .ARM.Collect$$libshutdown$$00000007  c_w.l(libshutdown2.o)
    0x0800039c   0x0800039c   0x00000000   Code   RO         4018    .ARM.Collect$$libshutdown$$0000000A  c_w.l(libshutdown2.o)
    0x0800039c   0x0800039c   0x00000000   Code   RO         4020    .ARM.Collect$$libshutdown$$0000000C  c_w.l(libshutdown2.o)
    0x0800039c   0x0800039c   0x00000000   Code   RO         4023    .ARM.Collect$$libshutdown$$0000000F  c_w.l(libshutdown2.o)
    0x0800039c   0x0800039c   0x00000002   Code   RO         4024    .ARM.Collect$$libshutdown$$00000010  c_w.l(libshutdown2.o)
    0x0800039e   0x0800039e   0x00000000   Code   RO         3706    .ARM.Collect$$rtentry$$00000000  c_w.l(__rtentry.o)
    0x0800039e   0x0800039e   0x00000000   Code   RO         3783    .ARM.Collect$$rtentry$$00000002  c_w.l(__rtentry2.o)
    0x0800039e   0x0800039e   0x00000006   Code   RO         3795    .ARM.Collect$$rtentry$$00000004  c_w.l(__rtentry4.o)
    0x080003a4   0x080003a4   0x00000000   Code   RO         3785    .ARM.Collect$$rtentry$$00000009  c_w.l(__rtentry2.o)
    0x080003a4   0x080003a4   0x00000004   Code   RO         3786    .ARM.Collect$$rtentry$$0000000A  c_w.l(__rtentry2.o)
    0x080003a8   0x080003a8   0x00000000   Code   RO         3788    .ARM.Collect$$rtentry$$0000000C  c_w.l(__rtentry2.o)
    0x080003a8   0x080003a8   0x00000008   Code   RO         3789    .ARM.Collect$$rtentry$$0000000D  c_w.l(__rtentry2.o)
    0x080003b0   0x080003b0   0x00000002   Code   RO         4029    .ARM.Collect$$rtexit$$00000000  c_w.l(rtexit.o)
    0x080003b2   0x080003b2   0x00000000   Code   RO         4082    .ARM.Collect$$rtexit$$00000002  c_w.l(rtexit2.o)
    0x080003b2   0x080003b2   0x00000004   Code   RO         4083    .ARM.Collect$$rtexit$$00000003  c_w.l(rtexit2.o)
    0x080003b6   0x080003b6   0x00000006   Code   RO         4084    .ARM.Collect$$rtexit$$00000004  c_w.l(rtexit2.o)
    0x080003bc   0x080003bc   0x00000040   Code   RO            4    .text               startup_stm32h723xx.o
    0x080003fc   0x080003fc   0x000000f0   Code   RO         3605    .text               c_w.l(lludivv7m.o)
    0x080004ec   0x080004ec   0x00000028   Code   RO         3613    .text               c_w.l(noretval__2sprintf.o)
    0x08000514   0x08000514   0x0000004e   Code   RO         3617    .text               c_w.l(_printf_pad.o)
    0x08000562   0x08000562   0x00000002   PAD
    0x08000564   0x08000564   0x00000078   Code   RO         3619    .text               c_w.l(_printf_dec.o)
    0x080005dc   0x080005dc   0x00000058   Code   RO         3624    .text               c_w.l(_printf_hex_int.o)
    0x08000634   0x08000634   0x00000138   Code   RO         3654    .text               c_w.l(__printf_flags_wp.o)
    0x0800076c   0x0800076c   0x00000058   Code   RO         3668    .text               c_w.l(memcmp.o)
    0x080007c4   0x080007c4   0x0000003e   Code   RO         3670    .text               c_w.l(strlen.o)
    0x08000802   0x08000802   0x0000008a   Code   RO         3672    .text               c_w.l(rt_memcpy_v6.o)
    0x0800088c   0x0800088c   0x00000010   Code   RO         3676    .text               c_w.l(aeabi_memset4.o)
    0x0800089c   0x0800089c   0x0000004e   Code   RO         3680    .text               c_w.l(rt_memclr_w.o)
    0x080008ea   0x080008ea   0x00000006   Code   RO         3682    .text               c_w.l(heapauxi.o)
    0x080008f0   0x080008f0   0x00000016   Code   RO         3711    .text               c_w.l(_rserrno.o)
    0x08000906   0x08000906   0x000000b2   Code   RO         3713    .text               c_w.l(_printf_intcommon.o)
    0x080009b8   0x080009b8   0x0000041c   Code   RO         3715    .text               c_w.l(_printf_fp_dec.o)
    0x08000dd4   0x08000dd4   0x00000030   Code   RO         3719    .text               c_w.l(_printf_char_common.o)
    0x08000e04   0x08000e04   0x0000000a   Code   RO         3721    .text               c_w.l(_sputc.o)
    0x08000e0e   0x08000e0e   0x00000064   Code   RO         3732    .text               c_w.l(rt_memcpy_w.o)
    0x08000e72   0x08000e72   0x00000002   PAD
    0x08000e74   0x08000e74   0x00000008   Code   RO         3802    .text               c_w.l(rt_locale_intlibspace.o)
    0x08000e7c   0x08000e7c   0x00000008   Code   RO         3807    .text               c_w.l(rt_errno_addr_intlibspace.o)
    0x08000e84   0x08000e84   0x0000008a   Code   RO         3809    .text               c_w.l(lludiv10.o)
    0x08000f0e   0x08000f0e   0x00000002   PAD
    0x08000f10   0x08000f10   0x00000080   Code   RO         3811    .text               c_w.l(_printf_fp_infnan.o)
    0x08000f90   0x08000f90   0x000000e4   Code   RO         3815    .text               c_w.l(bigflt0.o)
    0x08001074   0x08001074   0x00000008   Code   RO         3868    .text               c_w.l(libspace.o)
    0x0800107c   0x0800107c   0x0000004a   Code   RO         3873    .text               c_w.l(sys_stackheap_outer.o)
    0x080010c6   0x080010c6   0x00000012   Code   RO         3944    .text               c_w.l(exit.o)
    0x080010d8   0x080010d8   0x0000007c   Code   RO         3954    .text               c_w.l(strcmpv7m_pel.o)
    0x08001154   0x08001154   0x0000000c   Code   RO         4074    .text               c_w.l(sys_exit.o)
    0x08001160   0x08001160   0x00000002   Code   RO         4078    .text               c_w.l(use_no_semi.o)
    0x08001162   0x08001162   0x00000000   Code   RO         4080    .text               c_w.l(indicate_semi.o)
    0x08001162   0x08001162   0x00000006   PAD
    0x08001168   0x08001168   0x00000104   Code   RO         1481    .text.ADC_ConfigureBoostMode  stm32h7xx_hal_adc.o
    0x0800126c   0x0800126c   0x00000004   PAD
    0x08001270   0x08001270   0x0000005e   Code   RO         1507    .text.ADC_DMAConvCplt  stm32h7xx_hal_adc.o
    0x080012ce   0x080012ce   0x00000002   PAD
    0x080012d0   0x080012d0   0x00000016   Code   RO         1511    .text.ADC_DMAError  stm32h7xx_hal_adc.o
    0x080012e6   0x080012e6   0x00000002   PAD
    0x080012e8   0x080012e8   0x00000006   Code   RO         1509    .text.ADC_DMAHalfConvCplt  stm32h7xx_hal_adc.o
    0x080012ee   0x080012ee   0x00000002   PAD
    0x080012f0   0x080012f0   0x00000078   Code   RO         1487    .text.ADC_Disable   stm32h7xx_hal_adc.o
    0x08001368   0x08001368   0x000000ae   Code   RO         1493    .text.ADC_Enable    stm32h7xx_hal_adc.o
    0x08001416   0x08001416   0x00000002   PAD
    0x08001418   0x08001418   0x00000010   Code   RO         3286    .text.BMI088_ACCEL_NS_H  bmi088middleware.o
    0x08001428   0x08001428   0x00000010   Code   RO         3284    .text.BMI088_ACCEL_NS_L  bmi088middleware.o
    0x08001438   0x08001438   0x00000002   Code   RO         3276    .text.BMI088_GPIO_init  bmi088middleware.o
    0x0800143a   0x0800143a   0x00000006   PAD
    0x08001440   0x08001440   0x00000010   Code   RO         3290    .text.BMI088_GYRO_NS_H  bmi088middleware.o
    0x08001450   0x08001450   0x00000010   Code   RO         3288    .text.BMI088_GYRO_NS_L  bmi088middleware.o
    0x08001460   0x08001460   0x00000002   Code   RO         3278    .text.BMI088_com_init  bmi088middleware.o
    0x08001462   0x08001462   0x00000006   PAD
    0x08001468   0x08001468   0x0000005e   Code   RO         3280    .text.BMI088_delay_ms  bmi088middleware.o
    0x080014c6   0x080014c6   0x00000002   PAD
    0x080014c8   0x080014c8   0x0000004a   Code   RO         3282    .text.BMI088_delay_us  bmi088middleware.o
    0x08001512   0x08001512   0x00000006   PAD
    0x08001518   0x08001518   0x00000018   Code   RO         3257    .text.BMI088_init   bmi088driver.o
    0x08001530   0x08001530   0x0000019a   Code   RO         3263    .text.BMI088_read   bmi088driver.o
    0x080016ca   0x080016ca   0x00000006   PAD
    0x080016d0   0x080016d0   0x0000002e   Code   RO         3292    .text.BMI088_read_write_byte  bmi088middleware.o
    0x080016fe   0x080016fe   0x00000002   PAD
    0x08001700   0x08001700   0x0000000e   Code   RO         3230    .text.BSP_Buzzer_Init  bsp_buzzer.o
    0x0800170e   0x0800170e   0x00000002   PAD
    0x08001710   0x08001710   0x00000064   Code   RO         3220    .text.BSP_UserKey_Detect  bsp_user_key.o
    0x08001774   0x08001774   0x00000004   PAD
    0x08001778   0x08001778   0x00000002   Code   RO          253    .text.BusFault_Handler  stm32h7xx_it.o
    0x0800177a   0x0800177a   0x00000006   PAD
    0x08001780   0x08001780   0x00000004   Code   RO          361    .text.CDC_Control_HS  usbd_cdc_if.o
    0x08001784   0x08001784   0x00000004   PAD
    0x08001788   0x08001788   0x00000004   Code   RO          359    .text.CDC_DeInit_HS  usbd_cdc_if.o
    0x0800178c   0x0800178c   0x00000004   PAD
    0x08001790   0x08001790   0x0000002c   Code   RO          357    .text.CDC_Init_HS   usbd_cdc_if.o
    0x080017bc   0x080017bc   0x00000004   PAD
    0x080017c0   0x080017c0   0x0000001c   Code   RO          363    .text.CDC_Receive_HS  usbd_cdc_if.o
    0x080017dc   0x080017dc   0x00000004   PAD
    0x080017e0   0x080017e0   0x00000004   Code   RO          365    .text.CDC_TransmitCplt_HS  usbd_cdc_if.o
    0x080017e4   0x080017e4   0x00000004   PAD
    0x080017e8   0x080017e8   0x00000036   Code   RO          367    .text.CDC_Transmit_HS  usbd_cdc_if.o
    0x0800181e   0x0800181e   0x00000002   PAD
    0x08001820   0x08001820   0x000000d0   Code   RO         3528    .text.CommunicationTask_Entry  communication_task.o
    0x080018f0   0x080018f0   0x000001c8   Code   RO         3504    .text.CtrTask_Entry  ctr_task.o
    0x08001ab8   0x08001ab8   0x0000000c   Code   RO          259    .text.DMA1_Stream0_IRQHandler  stm32h7xx_it.o
    0x08001ac4   0x08001ac4   0x00000004   PAD
    0x08001ac8   0x08001ac8   0x00000128   Code   RO          875    .text.DMA_CalcBaseAndBitshift  stm32h7xx_hal_dma.o
    0x08001bf0   0x08001bf0   0x00000308   Code   RO          881    .text.DMA_SetConfig  stm32h7xx_hal_dma.o
    0x08001ef8   0x08001ef8   0x0000005a   Code   RO         3489    .text.DWT_DelayUS   fun_test_task.o
    0x08001f52   0x08001f52   0x00000006   PAD
    0x08001f58   0x08001f58   0x00000002   Code   RO          257    .text.DebugMon_Handler  stm32h7xx_it.o
    0x08001f5a   0x08001f5a   0x00000006   PAD
    0x08001f60   0x08001f60   0x0000000a   Code   RO           37    .text.Error_Handler  main.o
    0x08001f6a   0x08001f6a   0x00000006   PAD
    0x08001f70   0x08001f70   0x0000000c   Code   RO          261    .text.FDCAN1_IT0_IRQHandler  stm32h7xx_it.o
    0x08001f7c   0x08001f7c   0x00000004   PAD
    0x08001f80   0x08001f80   0x0000000c   Code   RO          265    .text.FDCAN1_IT1_IRQHandler  stm32h7xx_it.o
    0x08001f8c   0x08001f8c   0x00000004   PAD
    0x08001f90   0x08001f90   0x00000028   Code   RO         3304    .text.FDCAN1_Send_Msg  can_bsp.o
    0x08001fb8   0x08001fb8   0x0000000c   Code   RO          263    .text.FDCAN2_IT0_IRQHandler  stm32h7xx_it.o
    0x08001fc4   0x08001fc4   0x00000004   PAD
    0x08001fc8   0x08001fc8   0x0000000c   Code   RO          267    .text.FDCAN2_IT1_IRQHandler  stm32h7xx_it.o
    0x08001fd4   0x08001fd4   0x00000004   PAD
    0x08001fd8   0x08001fd8   0x0000000c   Code   RO          281    .text.FDCAN3_IT0_IRQHandler  stm32h7xx_it.o
    0x08001fe4   0x08001fe4   0x00000004   PAD
    0x08001fe8   0x08001fe8   0x0000000c   Code   RO          283    .text.FDCAN3_IT1_IRQHandler  stm32h7xx_it.o
    0x08001ff4   0x08001ff4   0x00000004   PAD
    0x08001ff8   0x08001ff8   0x00000068   Code   RO         3483    .text.FunTest_Entry  fun_test_task.o
    0x08002060   0x08002060   0x000000d8   Code   RO         1543    .text.HAL_ADCEx_Calibration_Start  stm32h7xx_hal_adc_ex.o
    0x08002138   0x08002138   0x000000b0   Code   RO         1593    .text.HAL_ADCEx_MultiModeConfigChannel  stm32h7xx_hal_adc_ex.o
    0x080021e8   0x080021e8   0x00000546   Code   RO         1527    .text.HAL_ADC_ConfigChannel  stm32h7xx_hal_adc.o
    0x0800272e   0x0800272e   0x00000002   PAD
    0x08002730   0x08002730   0x00000002   Code   RO         1519    .text.HAL_ADC_ConvCpltCallback  stm32h7xx_hal_adc.o
    0x08002732   0x08002732   0x00000006   PAD
    0x08002738   0x08002738   0x00000002   Code   RO         1525    .text.HAL_ADC_ConvHalfCpltCallback  stm32h7xx_hal_adc.o
    0x0800273a   0x0800273a   0x00000006   PAD
    0x08002740   0x08002740   0x00000002   Code   RO         1523    .text.HAL_ADC_ErrorCallback  stm32h7xx_hal_adc.o
    0x08002742   0x08002742   0x00000006   PAD
    0x08002748   0x08002748   0x00000310   Code   RO         1477    .text.HAL_ADC_Init  stm32h7xx_hal_adc.o
    0x08002a58   0x08002a58   0x00000122   Code   RO          119    .text.HAL_ADC_MspInit  adc.o
    0x08002b7a   0x08002b7a   0x00000006   PAD
    0x08002b80   0x08002b80   0x00000134   Code   RO         1505    .text.HAL_ADC_Start_DMA  stm32h7xx_hal_adc.o
    0x08002cb4   0x08002cb4   0x00000004   PAD
    0x08002cb8   0x08002cb8   0x0000052e   Code   RO          885    .text.HAL_DMA_Abort  stm32h7xx_hal_dma.o
    0x080031e6   0x080031e6   0x00000002   PAD
    0x080031e8   0x080031e8   0x000002b8   Code   RO          887    .text.HAL_DMA_Abort_IT  stm32h7xx_hal_dma.o
    0x080034a0   0x080034a0   0x00000818   Code   RO          891    .text.HAL_DMA_IRQHandler  stm32h7xx_hal_dma.o
    0x08003cb8   0x08003cb8   0x00000658   Code   RO          873    .text.HAL_DMA_Init  stm32h7xx_hal_dma.o
    0x08004310   0x08004310   0x000003a6   Code   RO          883    .text.HAL_DMA_Start_IT  stm32h7xx_hal_dma.o
    0x080046b6   0x080046b6   0x00000002   PAD
    0x080046b8   0x080046b8   0x00000028   Code   RO         1179    .text.HAL_Delay     stm32h7xx_hal.o
    0x080046e0   0x080046e0   0x0000008c   Code   RO         1759    .text.HAL_FDCAN_ActivateNotification  stm32h7xx_hal_fdcan.o
    0x0800476c   0x0800476c   0x00000004   PAD
    0x08004770   0x08004770   0x000000ea   Code   RO         1681    .text.HAL_FDCAN_AddMessageToTxFifoQ  stm32h7xx_hal_fdcan.o
    0x0800485a   0x0800485a   0x00000006   PAD
    0x08004860   0x08004860   0x00000002   Code   RO         1773    .text.HAL_FDCAN_ClockCalibrationCallback  stm32h7xx_hal_fdcan.o
    0x08004862   0x08004862   0x00000006   PAD
    0x08004868   0x08004868   0x0000008c   Code   RO         1633    .text.HAL_FDCAN_ConfigFilter  stm32h7xx_hal_fdcan.o
    0x080048f4   0x080048f4   0x00000004   PAD
    0x080048f8   0x080048f8   0x00000038   Code   RO         1635    .text.HAL_FDCAN_ConfigGlobalFilter  stm32h7xx_hal_fdcan.o
    0x08004930   0x08004930   0x00000002   Code   RO         1801    .text.HAL_FDCAN_ErrorCallback  stm32h7xx_hal_fdcan.o
    0x08004932   0x08004932   0x00000006   PAD
    0x08004938   0x08004938   0x00000002   Code   RO         1791    .text.HAL_FDCAN_ErrorStatusCallback  stm32h7xx_hal_fdcan.o
    0x0800493a   0x0800493a   0x00000006   PAD
    0x08004940   0x08004940   0x000001e6   Code   RO         1691    .text.HAL_FDCAN_GetRxMessage  stm32h7xx_hal_fdcan.o
    0x08004b26   0x08004b26   0x00000002   PAD
    0x08004b28   0x08004b28   0x00000002   Code   RO         1769    .text.HAL_FDCAN_HighPriorityMessageCallback  stm32h7xx_hal_fdcan.o
    0x08004b2a   0x08004b2a   0x00000006   PAD
    0x08004b30   0x08004b30   0x00000322   Code   RO         1767    .text.HAL_FDCAN_IRQHandler  stm32h7xx_hal_fdcan.o
    0x08004e52   0x08004e52   0x00000006   PAD
    0x08004e58   0x08004e58   0x00000400   Code   RO         1611    .text.HAL_FDCAN_Init  stm32h7xx_hal_fdcan.o
    0x08005258   0x08005258   0x000001c4   Code   RO          148    .text.HAL_FDCAN_MspInit  fdcan.o
    0x0800541c   0x0800541c   0x00000004   PAD
    0x08005420   0x08005420   0x00000002   Code   RO         1785    .text.HAL_FDCAN_RxBufferNewMessageCallback  stm32h7xx_hal_fdcan.o
    0x08005422   0x08005422   0x00000006   PAD
    0x08005428   0x08005428   0x000000b2   Code   RO         3314    .text.HAL_FDCAN_RxFifo0Callback  can_bsp.o
    0x080054da   0x080054da   0x00000006   PAD
    0x080054e0   0x080054e0   0x00000002   Code   RO         1779    .text.HAL_FDCAN_RxFifo1Callback  stm32h7xx_hal_fdcan.o
    0x080054e2   0x080054e2   0x00000006   PAD
    0x080054e8   0x080054e8   0x00000034   Code   RO         1679    .text.HAL_FDCAN_Start  stm32h7xx_hal_fdcan.o
    0x0800551c   0x0800551c   0x00000004   PAD
    0x08005520   0x08005520   0x00000002   Code   RO         1799    .text.HAL_FDCAN_TT_GlobalTimeCallback  stm32h7xx_hal_fdcan.o
    0x08005522   0x08005522   0x00000006   PAD
    0x08005528   0x08005528   0x00000002   Code   RO         1793    .text.HAL_FDCAN_TT_ScheduleSyncCallback  stm32h7xx_hal_fdcan.o
    0x0800552a   0x0800552a   0x00000006   PAD
    0x08005530   0x08005530   0x00000002   Code   RO         1797    .text.HAL_FDCAN_TT_StopWatchCallback  stm32h7xx_hal_fdcan.o
    0x08005532   0x08005532   0x00000006   PAD
    0x08005538   0x08005538   0x00000002   Code   RO         1795    .text.HAL_FDCAN_TT_TimeMarkCallback  stm32h7xx_hal_fdcan.o
    0x0800553a   0x0800553a   0x00000006   PAD
    0x08005540   0x08005540   0x00000002   Code   RO         1789    .text.HAL_FDCAN_TimeoutOccurredCallback  stm32h7xx_hal_fdcan.o
    0x08005542   0x08005542   0x00000006   PAD
    0x08005548   0x08005548   0x00000002   Code   RO         1787    .text.HAL_FDCAN_TimestampWraparoundCallback  stm32h7xx_hal_fdcan.o
    0x0800554a   0x0800554a   0x00000006   PAD
    0x08005550   0x08005550   0x00000002   Code   RO         1771    .text.HAL_FDCAN_TxBufferAbortCallback  stm32h7xx_hal_fdcan.o
    0x08005552   0x08005552   0x00000006   PAD
    0x08005558   0x08005558   0x00000002   Code   RO         1783    .text.HAL_FDCAN_TxBufferCompleteCallback  stm32h7xx_hal_fdcan.o
    0x0800555a   0x0800555a   0x00000006   PAD
    0x08005560   0x08005560   0x00000002   Code   RO         1775    .text.HAL_FDCAN_TxEventFifoCallback  stm32h7xx_hal_fdcan.o
    0x08005562   0x08005562   0x00000006   PAD
    0x08005568   0x08005568   0x00000002   Code   RO         1781    .text.HAL_FDCAN_TxFifoEmptyCallback  stm32h7xx_hal_fdcan.o
    0x0800556a   0x0800556a   0x00000006   PAD
    0x08005570   0x08005570   0x00000110   Code   RO          821    .text.HAL_GPIO_DeInit  stm32h7xx_hal_gpio.o
    0x08005680   0x08005680   0x000001a2   Code   RO          819    .text.HAL_GPIO_Init  stm32h7xx_hal_gpio.o
    0x08005822   0x08005822   0x00000006   PAD
    0x08005828   0x08005828   0x0000000a   Code   RO          823    .text.HAL_GPIO_ReadPin  stm32h7xx_hal_gpio.o
    0x08005832   0x08005832   0x00000006   PAD
    0x08005838   0x08005838   0x0000000a   Code   RO          825    .text.HAL_GPIO_WritePin  stm32h7xx_hal_gpio.o
    0x08005842   0x08005842   0x00000006   PAD
    0x08005848   0x08005848   0x0000000c   Code   RO         1171    .text.HAL_GetTick   stm32h7xx_hal.o
    0x08005854   0x08005854   0x00000004   PAD
    0x08005858   0x08005858   0x0000001a   Code   RO         1169    .text.HAL_IncTick   stm32h7xx_hal.o
    0x08005872   0x08005872   0x00000006   PAD
    0x08005878   0x08005878   0x00000064   Code   RO         1159    .text.HAL_Init      stm32h7xx_hal.o
    0x080058dc   0x080058dc   0x00000004   PAD
    0x080058e0   0x080058e0   0x000000a0   Code   RO          303    .text.HAL_InitTick  stm32h7xx_hal_timebase_tim.o
    0x08005980   0x08005980   0x0000002a   Code   RO          294    .text.HAL_MspInit   stm32h7xx_hal_msp.o
    0x080059aa   0x080059aa   0x00000006   PAD
    0x080059b0   0x080059b0   0x00000022   Code   RO         1111    .text.HAL_NVIC_EnableIRQ  stm32h7xx_hal_cortex.o
    0x080059d2   0x080059d2   0x00000006   PAD
    0x080059d8   0x080059d8   0x0000005a   Code   RO         1109    .text.HAL_NVIC_SetPriority  stm32h7xx_hal_cortex.o
    0x08005a32   0x08005a32   0x00000006   PAD
    0x08005a38   0x08005a38   0x00000020   Code   RO         1107    .text.HAL_NVIC_SetPriorityGrouping  stm32h7xx_hal_cortex.o
    0x08005a58   0x08005a58   0x00000614   Code   RO         1895    .text.HAL_OSPIM_Config  stm32h7xx_hal_ospi.o
    0x0800606c   0x0800606c   0x00000004   PAD
    0x08006070   0x08006070   0x00000028   Code   RO         1823    .text.HAL_OSPI_DeInit  stm32h7xx_hal_ospi.o
    0x08006098   0x08006098   0x00000128   Code   RO         1817    .text.HAL_OSPI_Init  stm32h7xx_hal_ospi.o
    0x080061c0   0x080061c0   0x0000005e   Code   RO          169    .text.HAL_OSPI_MspDeInit  octospi.o
    0x0800621e   0x0800621e   0x00000002   PAD
    0x08006220   0x08006220   0x0000015e   Code   RO          167    .text.HAL_OSPI_MspInit  octospi.o
    0x0800637e   0x0800637e   0x00000002   PAD
    0x08006380   0x08006380   0x00000026   Code   RO          532    .text.HAL_PCDEx_ActivateLPM  stm32h7xx_hal_pcd_ex.o
    0x080063a6   0x080063a6   0x00000002   PAD
    0x080063a8   0x080063a8   0x00000002   Code   RO          544    .text.HAL_PCDEx_LPM_Callback  stm32h7xx_hal_pcd_ex.o
    0x080063aa   0x080063aa   0x00000006   PAD
    0x080063b0   0x080063b0   0x00000008   Code   RO          530    .text.HAL_PCDEx_SetRxFiFo  stm32h7xx_hal_pcd_ex.o
    0x080063b8   0x080063b8   0x000000da   Code   RO          528    .text.HAL_PCDEx_SetTxFiFo  stm32h7xx_hal_pcd_ex.o
    0x08006492   0x08006492   0x00000006   PAD
    0x08006498   0x08006498   0x00000008   Code   RO          402    .text.HAL_PCD_ConnectCallback  usbd_conf.o
    0x080064a0   0x080064a0   0x00000012   Code   RO          388    .text.HAL_PCD_DataInStageCallback  usbd_conf.o
    0x080064b2   0x080064b2   0x00000006   PAD
    0x080064b8   0x080064b8   0x00000014   Code   RO          386    .text.HAL_PCD_DataOutStageCallback  usbd_conf.o
    0x080064cc   0x080064cc   0x00000004   PAD
    0x080064d0   0x080064d0   0x00000008   Code   RO          404    .text.HAL_PCD_DisconnectCallback  usbd_conf.o
    0x080064d8   0x080064d8   0x00000056   Code   RO          498    .text.HAL_PCD_EP_Close  stm32h7xx_hal_pcd.o
    0x0800652e   0x0800652e   0x00000002   PAD
    0x08006530   0x08006530   0x00000068   Code   RO          508    .text.HAL_PCD_EP_ClrStall  stm32h7xx_hal_pcd.o
    0x08006598   0x08006598   0x00000012   Code   RO          502    .text.HAL_PCD_EP_GetRxCount  stm32h7xx_hal_pcd.o
    0x080065aa   0x080065aa   0x00000006   PAD
    0x080065b0   0x080065b0   0x00000068   Code   RO          496    .text.HAL_PCD_EP_Open  stm32h7xx_hal_pcd.o
    0x08006618   0x08006618   0x0000003a   Code   RO          500    .text.HAL_PCD_EP_Receive  stm32h7xx_hal_pcd.o
    0x08006652   0x08006652   0x00000006   PAD
    0x08006658   0x08006658   0x0000007c   Code   RO          506    .text.HAL_PCD_EP_SetStall  stm32h7xx_hal_pcd.o
    0x080066d4   0x080066d4   0x00000004   PAD
    0x080066d8   0x080066d8   0x0000003e   Code   RO          504    .text.HAL_PCD_EP_Transmit  stm32h7xx_hal_pcd.o
    0x08006716   0x08006716   0x00000002   PAD
    0x08006718   0x08006718   0x000009bc   Code   RO          464    .text.HAL_PCD_IRQHandler  stm32h7xx_hal_pcd.o
    0x080070d4   0x080070d4   0x00000004   PAD
    0x080070d8   0x080070d8   0x00000008   Code   RO          400    .text.HAL_PCD_ISOINIncompleteCallback  usbd_conf.o
    0x080070e0   0x080070e0   0x00000008   Code   RO          398    .text.HAL_PCD_ISOOUTIncompleteCallback  usbd_conf.o
    0x080070e8   0x080070e8   0x00000282   Code   RO          452    .text.HAL_PCD_Init  stm32h7xx_hal_pcd.o
    0x0800736a   0x0800736a   0x00000006   PAD
    0x08007370   0x08007370   0x00000072   Code   RO          380    .text.HAL_PCD_MspInit  usbd_conf.o
    0x080073e2   0x080073e2   0x00000006   PAD
    0x080073e8   0x080073e8   0x0000002a   Code   RO          392    .text.HAL_PCD_ResetCallback  usbd_conf.o
    0x08007412   0x08007412   0x00000006   PAD
    0x08007418   0x08007418   0x00000008   Code   RO          396    .text.HAL_PCD_ResumeCallback  usbd_conf.o
    0x08007420   0x08007420   0x00000008   Code   RO          390    .text.HAL_PCD_SOFCallback  usbd_conf.o
    0x08007428   0x08007428   0x00000026   Code   RO          494    .text.HAL_PCD_SetAddress  stm32h7xx_hal_pcd.o
    0x0800744e   0x0800744e   0x00000002   PAD
    0x08007450   0x08007450   0x0000000e   Code   RO          384    .text.HAL_PCD_SetupStageCallback  usbd_conf.o
    0x0800745e   0x0800745e   0x00000002   PAD
    0x08007460   0x08007460   0x0000003e   Code   RO          460    .text.HAL_PCD_Start  stm32h7xx_hal_pcd.o
    0x0800749e   0x0800749e   0x00000002   PAD
    0x080074a0   0x080074a0   0x00000034   Code   RO          394    .text.HAL_PCD_SuspendCallback  usbd_conf.o
    0x080074d4   0x080074d4   0x00000004   PAD
    0x080074d8   0x080074d8   0x0000004c   Code   RO         1023    .text.HAL_PWREx_ConfigSupply  stm32h7xx_hal_pwr_ex.o
    0x08007524   0x08007524   0x00000004   PAD
    0x08007528   0x08007528   0x00000012   Code   RO         1073    .text.HAL_PWREx_EnableUSBVoltageDetector  stm32h7xx_hal_pwr_ex.o
    0x0800753a   0x0800753a   0x00000006   PAD
    0x08007540   0x08007540   0x00000026   Code   RO          710    .text.HAL_RCCEx_GetD3PCLK1Freq  stm32h7xx_hal_rcc_ex.o
    0x08007566   0x08007566   0x00000002   PAD
    0x08007568   0x08007568   0x00000134   Code   RO          704    .text.HAL_RCCEx_GetPLL1ClockFreq  stm32h7xx_hal_rcc_ex.o
    0x0800769c   0x0800769c   0x00000004   PAD
    0x080076a0   0x080076a0   0x0000012c   Code   RO          706    .text.HAL_RCCEx_GetPLL2ClockFreq  stm32h7xx_hal_rcc_ex.o
    0x080077cc   0x080077cc   0x00000004   PAD
    0x080077d0   0x080077d0   0x0000012c   Code   RO          708    .text.HAL_RCCEx_GetPLL3ClockFreq  stm32h7xx_hal_rcc_ex.o
    0x080078fc   0x080078fc   0x00000004   PAD
    0x08007900   0x08007900   0x0000037e   Code   RO          702    .text.HAL_RCCEx_GetPeriphCLKFreq  stm32h7xx_hal_rcc_ex.o
    0x08007c7e   0x08007c7e   0x00000002   PAD
    0x08007c80   0x08007c80   0x00000aa8   Code   RO          694    .text.HAL_RCCEx_PeriphCLKConfig  stm32h7xx_hal_rcc_ex.o
    0x08008728   0x08008728   0x00000268   Code   RO          662    .text.HAL_RCC_ClockConfig  stm32h7xx_hal_rcc.o
    0x08008990   0x08008990   0x00000058   Code   RO          680    .text.HAL_RCC_GetClockConfig  stm32h7xx_hal_rcc.o
    0x080089e8   0x080089e8   0x0000004c   Code   RO          672    .text.HAL_RCC_GetHCLKFreq  stm32h7xx_hal_rcc.o
    0x08008a34   0x08008a34   0x00000004   PAD
    0x08008a38   0x08008a38   0x00000060   Code   RO          674    .text.HAL_RCC_GetPCLK1Freq  stm32h7xx_hal_rcc.o
    0x08008a98   0x08008a98   0x00000060   Code   RO          676    .text.HAL_RCC_GetPCLK2Freq  stm32h7xx_hal_rcc.o
    0x08008af8   0x08008af8   0x00000118   Code   RO          664    .text.HAL_RCC_GetSysClockFreq  stm32h7xx_hal_rcc.o
    0x08008c10   0x08008c10   0x000000a4   Code   RO          666    .text.HAL_RCC_MCOConfig  stm32h7xx_hal_rcc.o
    0x08008cb4   0x08008cb4   0x00000004   PAD
    0x08008cb8   0x08008cb8   0x0000052c   Code   RO          660    .text.HAL_RCC_OscConfig  stm32h7xx_hal_rcc.o
    0x080091e4   0x080091e4   0x00000004   PAD
    0x080091e8   0x080091e8   0x00000084   Code   RO         2499    .text.HAL_RS485Ex_Init  stm32h7xx_hal_uart_ex.o
    0x0800926c   0x0800926c   0x00000004   PAD
    0x08009270   0x08009270   0x000001ba   Code   RO         1907    .text.HAL_SPI_Init  stm32h7xx_hal_spi.o
    0x0800942a   0x0800942a   0x00000006   PAD
    0x08009430   0x08009430   0x00000156   Code   RO          184    .text.HAL_SPI_MspInit  spi.o
    0x08009586   0x08009586   0x00000002   PAD
    0x08009588   0x08009588   0x00000298   Code   RO         1915    .text.HAL_SPI_Transmit  stm32h7xx_hal_spi.o
    0x08009820   0x08009820   0x00000406   Code   RO         1921    .text.HAL_SPI_TransmitReceive  stm32h7xx_hal_spi.o
    0x08009c26   0x08009c26   0x00000002   PAD
    0x08009c28   0x08009c28   0x00000002   Code   RO         2340    .text.HAL_TIMEx_Break2Callback  stm32h7xx_hal_tim_ex.o
    0x08009c2a   0x08009c2a   0x00000006   PAD
    0x08009c30   0x08009c30   0x00000002   Code   RO         2338    .text.HAL_TIMEx_BreakCallback  stm32h7xx_hal_tim_ex.o
    0x08009c32   0x08009c32   0x00000006   PAD
    0x08009c38   0x08009c38   0x00000002   Code   RO         2334    .text.HAL_TIMEx_CommutCallback  stm32h7xx_hal_tim_ex.o
    0x08009c3a   0x08009c3a   0x00000006   PAD
    0x08009c40   0x08009c40   0x000000de   Code   RO         2318    .text.HAL_TIMEx_MasterConfigSynchronization  stm32h7xx_hal_tim_ex.o
    0x08009d1e   0x08009d1e   0x00000002   PAD
    0x08009d20   0x08009d20   0x00000060   Code   RO         2023    .text.HAL_TIM_Base_Init  stm32h7xx_hal_tim.o
    0x08009d80   0x08009d80   0x00000002   Code   RO         2025    .text.HAL_TIM_Base_MspInit  stm32h7xx_hal_tim.o
    0x08009d82   0x08009d82   0x00000006   PAD
    0x08009d88   0x08009d88   0x000000dc   Code   RO         2037    .text.HAL_TIM_Base_Start_IT  stm32h7xx_hal_tim.o
    0x08009e64   0x08009e64   0x00000004   PAD
    0x08009e68   0x08009e68   0x00000002   Code   RO         2159    .text.HAL_TIM_IC_CaptureCallback  stm32h7xx_hal_tim.o
    0x08009e6a   0x08009e6a   0x00000006   PAD
    0x08009e70   0x08009e70   0x0000016c   Code   RO         2157    .text.HAL_TIM_IRQHandler  stm32h7xx_hal_tim.o
    0x08009fdc   0x08009fdc   0x00000004   PAD
    0x08009fe0   0x08009fe0   0x00000002   Code   RO         2161    .text.HAL_TIM_OC_DelayElapsedCallback  stm32h7xx_hal_tim.o
    0x08009fe2   0x08009fe2   0x00000006   PAD
    0x08009fe8   0x08009fe8   0x000004b8   Code   RO         2177    .text.HAL_TIM_PWM_ConfigChannel  stm32h7xx_hal_tim.o
    0x0800a4a0   0x0800a4a0   0x00000060   Code   RO         2077    .text.HAL_TIM_PWM_Init  stm32h7xx_hal_tim.o
    0x0800a500   0x0800a500   0x0000005a   Code   RO          204    .text.HAL_TIM_PWM_MspInit  tim.o
    0x0800a55a   0x0800a55a   0x00000006   PAD
    0x0800a560   0x0800a560   0x00000002   Code   RO         2163    .text.HAL_TIM_PWM_PulseFinishedCallback  stm32h7xx_hal_tim.o
    0x0800a562   0x0800a562   0x00000006   PAD
    0x0800a568   0x0800a568   0x000001a0   Code   RO         2085    .text.HAL_TIM_PWM_Start  stm32h7xx_hal_tim.o
    0x0800a708   0x0800a708   0x00000014   Code   RO           39    .text.HAL_TIM_PeriodElapsedCallback  main.o
    0x0800a71c   0x0800a71c   0x00000004   PAD
    0x0800a720   0x0800a720   0x00000002   Code   RO         2167    .text.HAL_TIM_TriggerCallback  stm32h7xx_hal_tim.o
    0x0800a722   0x0800a722   0x00000006   PAD
    0x0800a728   0x0800a728   0x00000036   Code   RO         2517    .text.HAL_UARTEx_DisableFifoMode  stm32h7xx_hal_uart_ex.o
    0x0800a75e   0x0800a75e   0x00000002   PAD
    0x0800a760   0x0800a760   0x00000002   Code   RO         2444    .text.HAL_UARTEx_RxEventCallback  stm32h7xx_hal_uart.o
    0x0800a762   0x0800a762   0x00000006   PAD
    0x0800a768   0x0800a768   0x00000002   Code   RO         2503    .text.HAL_UARTEx_RxFifoFullCallback  stm32h7xx_hal_uart_ex.o
    0x0800a76a   0x0800a76a   0x00000006   PAD
    0x0800a770   0x0800a770   0x00000090   Code   RO         2521    .text.HAL_UARTEx_SetRxFifoThreshold  stm32h7xx_hal_uart_ex.o
    0x0800a800   0x0800a800   0x00000090   Code   RO         2519    .text.HAL_UARTEx_SetTxFifoThreshold  stm32h7xx_hal_uart_ex.o
    0x0800a890   0x0800a890   0x00000002   Code   RO         2505    .text.HAL_UARTEx_TxFifoEmptyCallback  stm32h7xx_hal_uart_ex.o
    0x0800a892   0x0800a892   0x00000006   PAD
    0x0800a898   0x0800a898   0x00000002   Code   RO         2501    .text.HAL_UARTEx_WakeupCallback  stm32h7xx_hal_uart_ex.o
    0x0800a89a   0x0800a89a   0x00000006   PAD
    0x0800a8a0   0x0800a8a0   0x00000002   Code   RO         2442    .text.HAL_UART_ErrorCallback  stm32h7xx_hal_uart.o
    0x0800a8a2   0x0800a8a2   0x00000006   PAD
    0x0800a8a8   0x0800a8a8   0x00000760   Code   RO         2438    .text.HAL_UART_IRQHandler  stm32h7xx_hal_uart.o
    0x0800b008   0x0800b008   0x00000064   Code   RO         2354    .text.HAL_UART_Init  stm32h7xx_hal_uart.o
    0x0800b06c   0x0800b06c   0x00000004   PAD
    0x0800b070   0x0800b070   0x000002a4   Code   RO          228    .text.HAL_UART_MspInit  usart.o
    0x0800b314   0x0800b314   0x00000004   PAD
    0x0800b318   0x0800b318   0x000000ac   Code   RO         2390    .text.HAL_UART_Receive_IT  stm32h7xx_hal_uart.o
    0x0800b3c4   0x0800b3c4   0x00000004   PAD
    0x0800b3c8   0x0800b3c8   0x000000ca   Code   RO         3485    .text.HAL_UART_RxCpltCallback  fun_test_task.o
    0x0800b492   0x0800b492   0x00000006   PAD
    0x0800b498   0x0800b498   0x00000198   Code   RO         2374    .text.HAL_UART_Transmit  stm32h7xx_hal_uart.o
    0x0800b630   0x0800b630   0x00000002   Code   RO         2446    .text.HAL_UART_TxCpltCallback  stm32h7xx_hal_uart.o
    0x0800b632   0x0800b632   0x00000006   PAD
    0x0800b638   0x0800b638   0x00000002   Code   RO          249    .text.HardFault_Handler  stm32h7xx_it.o
    0x0800b63a   0x0800b63a   0x00000006   PAD
    0x0800b640   0x0800b640   0x00000244   Code   RO         3472    .text.ImuTask_Entry  imu_task.o
    0x0800b884   0x0800b884   0x00000004   PAD
    0x0800b888   0x0800b888   0x0000022c   Code   RO         3368    .text.Init_Motor    cybergear.o
    0x0800bab4   0x0800bab4   0x00000004   PAD
    0x0800bab8   0x0800bab8   0x00000036   Code   RO         3376    .text.Init_Motor_All  cybergear.o
    0x0800baee   0x0800baee   0x00000002   PAD
    0x0800baf0   0x0800baf0   0x000000b0   Code   RO         3444    .text.KeyTask_Entry  key_task.o
    0x0800bba0   0x0800bba0   0x00000008   Code   RO         3455    .text.LcdTask_Entry  lcd_task.o
    0x0800bba8   0x0800bba8   0x000000ce   Code   RO          117    .text.MX_ADC1_Init  adc.o
    0x0800bc76   0x0800bc76   0x00000002   PAD
    0x0800bc78   0x0800bc78   0x00000034   Code   RO          133    .text.MX_DMA_Init   dma.o
    0x0800bcac   0x0800bcac   0x00000004   PAD
    0x0800bcb0   0x0800bcb0   0x00000072   Code   RO          142    .text.MX_FDCAN1_Init  fdcan.o
    0x0800bd22   0x0800bd22   0x00000006   PAD
    0x0800bd28   0x0800bd28   0x0000006a   Code   RO          144    .text.MX_FDCAN2_Init  fdcan.o
    0x0800bd92   0x0800bd92   0x00000006   PAD
    0x0800bd98   0x0800bd98   0x0000006a   Code   RO          146    .text.MX_FDCAN3_Init  fdcan.o
    0x0800be02   0x0800be02   0x00000006   PAD
    0x0800be08   0x0800be08   0x000001f0   Code   RO           68    .text.MX_FREERTOS_Init  freertos.o
    0x0800bff8   0x0800bff8   0x000001ba   Code   RO           54    .text.MX_GPIO_Init  gpio.o
    0x0800c1b2   0x0800c1b2   0x00000006   PAD
    0x0800c1b8   0x0800c1b8   0x00000094   Code   RO          165    .text.MX_OCTOSPI2_Init  octospi.o
    0x0800c24c   0x0800c24c   0x00000004   PAD
    0x0800c250   0x0800c250   0x00000062   Code   RO          180    .text.MX_SPI2_Init  spi.o
    0x0800c2b2   0x0800c2b2   0x00000006   PAD
    0x0800c2b8   0x0800c2b8   0x00000066   Code   RO          182    .text.MX_SPI6_Init  spi.o
    0x0800c31e   0x0800c31e   0x00000002   PAD
    0x0800c320   0x0800c320   0x000000e6   Code   RO          202    .text.MX_TIM12_Init  tim.o
    0x0800c406   0x0800c406   0x00000002   PAD
    0x0800c408   0x0800c408   0x000000ea   Code   RO          198    .text.MX_TIM3_Init  tim.o
    0x0800c4f2   0x0800c4f2   0x00000006   PAD
    0x0800c4f8   0x0800c4f8   0x0000007c   Code   RO          218    .text.MX_UART7_Init  usart.o
    0x0800c574   0x0800c574   0x00000004   PAD
    0x0800c578   0x0800c578   0x0000007c   Code   RO          226    .text.MX_USART10_UART_Init  usart.o
    0x0800c5f4   0x0800c5f4   0x00000004   PAD
    0x0800c5f8   0x0800c5f8   0x0000007c   Code   RO          220    .text.MX_USART1_UART_Init  usart.o
    0x0800c674   0x0800c674   0x00000004   PAD
    0x0800c678   0x0800c678   0x00000080   Code   RO          222    .text.MX_USART2_UART_Init  usart.o
    0x0800c6f8   0x0800c6f8   0x00000080   Code   RO          224    .text.MX_USART3_UART_Init  usart.o
    0x0800c778   0x0800c778   0x0000006c   Code   RO          318    .text.MX_USB_DEVICE_Init  usb_device.o
    0x0800c7e4   0x0800c7e4   0x00000004   PAD
    0x0800c7e8   0x0800c7e8   0x00000200   Code   RO         3590    .text.MahonyAHRSupdateIMU  mahonyahrs.o
    0x0800c9e8   0x0800c9e8   0x00000002   Code   RO          251    .text.MemManage_Handler  stm32h7xx_it.o
    0x0800c9ea   0x0800c9ea   0x00000006   PAD
    0x0800c9f0   0x0800c9f0   0x000002d8   Code   RO         3382    .text.Motor_Data_Handler  cybergear.o
    0x0800ccc8   0x0800ccc8   0x00000002   Code   RO          247    .text.NMI_Handler   stm32h7xx_it.o
    0x0800ccca   0x0800ccca   0x00000006   PAD
    0x0800ccd0   0x0800ccd0   0x0000000c   Code   RO          275    .text.OTG_HS_IRQHandler  stm32h7xx_it.o
    0x0800ccdc   0x0800ccdc   0x00000004   PAD
    0x0800cce0   0x0800cce0   0x00000020   Code   RO         3571    .text.PID_struct_init  motor_pid.o
    0x0800cd00   0x0800cd00   0x00000422   Code   RO         3430    .text.PS2_ScanKey   bsp_ps2.o
    0x0800d122   0x0800d122   0x0000000e   PAD
    0x0800d130   0x0800d130   0x00000064   Code   RO         3064    .text.PendSV_Handler  port.o
    0x0800d194   0x0800d194   0x00000004   PAD
    0x0800d198   0x0800d198   0x00000032   Code   RO         3420    .text.Power_Enable  bsp_power_enable.o
    0x0800d1ca   0x0800d1ca   0x00000006   PAD
    0x0800d1d0   0x0800d1d0   0x00000122   Code   RO          696    .text.RCCEx_PLL2_Config  stm32h7xx_hal_rcc_ex.o
    0x0800d2f2   0x0800d2f2   0x00000006   PAD
    0x0800d2f8   0x0800d2f8   0x00000122   Code   RO          698    .text.RCCEx_PLL3_Config  stm32h7xx_hal_rcc_ex.o
    0x0800d41a   0x0800d41a   0x00000006   PAD
    0x0800d420   0x0800d420   0x00000792   Code   RO         3519    .text.RgbTask_Entry  rgb_task.o
    0x0800dbb2   0x0800dbb2   0x00000006   PAD
    0x0800dbb8   0x0800dbb8   0x000000d0   Code   RO         1917    .text.SPI_CloseTransfer  stm32h7xx_hal_spi.o
    0x0800dc88   0x0800dc88   0x00000008   PAD
    0x0800dc90   0x0800dc90   0x00000024   Code   RO         3048    .text.SVC_Handler   port.o
    0x0800dcb4   0x0800dcb4   0x00000004   PAD
    0x0800dcb8   0x0800dcb8   0x00000196   Code   RO         3390    .text.SpeedMode_Enable_Set  cybergear.o
    0x0800de4e   0x0800de4e   0x00000002   PAD
    0x0800de50   0x0800de50   0x0000000c   Code   RO           70    .text.StartDefaultTask  freertos.o
    0x0800de5c   0x0800de5c   0x00000004   PAD
    0x0800de60   0x0800de60   0x00000050   Code   RO         3380    .text.Stop_Motor    cybergear.o
    0x0800deb0   0x0800deb0   0x0000002e   Code   RO         3066    .text.SysTick_Handler  port.o
    0x0800dede   0x0800dede   0x00000002   PAD
    0x0800dee0   0x0800dee0   0x000000dc   Code   RO           35    .text.SystemClock_Config  main.o
    0x0800dfbc   0x0800dfbc   0x00000004   PAD
    0x0800dfc0   0x0800dfc0   0x000000b0   Code   RO         2540    .text.SystemInit    system_stm32h7xx.o
    0x0800e070   0x0800e070   0x0000000c   Code   RO          285    .text.TIM23_IRQHandler  stm32h7xx_it.o
    0x0800e07c   0x0800e07c   0x00000004   PAD
    0x0800e080   0x0800e080   0x00000184   Code   RO         2027    .text.TIM_Base_SetConfig  stm32h7xx_hal_tim.o
    0x0800e204   0x0800e204   0x00000004   PAD
    0x0800e208   0x0800e208   0x0000000c   Code   RO          277    .text.UART7_IRQHandler  stm32h7xx_it.o
    0x0800e214   0x0800e214   0x00000004   PAD
    0x0800e218   0x0800e218   0x000000e0   Code   RO         2358    .text.UART_AdvFeatureConfig  stm32h7xx_hal_uart.o
    0x0800e2f8   0x0800e2f8   0x00000176   Code   RO         2362    .text.UART_CheckIdleState  stm32h7xx_hal_uart.o
    0x0800e46e   0x0800e46e   0x00000002   PAD
    0x0800e470   0x0800e470   0x00000010   Code   RO         2440    .text.UART_DMAAbortOnError  stm32h7xx_hal_uart.o
    0x0800e480   0x0800e480   0x000001c4   Code   RO         2480    .text.UART_RxISR_16BIT  stm32h7xx_hal_uart.o
    0x0800e644   0x0800e644   0x00000004   PAD
    0x0800e648   0x0800e648   0x00000330   Code   RO         2476    .text.UART_RxISR_16BIT_FIFOEN  stm32h7xx_hal_uart.o
    0x0800e978   0x0800e978   0x000001c8   Code   RO         2482    .text.UART_RxISR_8BIT  stm32h7xx_hal_uart.o
    0x0800eb40   0x0800eb40   0x00000334   Code   RO         2478    .text.UART_RxISR_8BIT_FIFOEN  stm32h7xx_hal_uart.o
    0x0800ee74   0x0800ee74   0x00000004   PAD
    0x0800ee78   0x0800ee78   0x0000049c   Code   RO         2360    .text.UART_SetConfig  stm32h7xx_hal_uart.o
    0x0800f314   0x0800f314   0x00000004   PAD
    0x0800f318   0x0800f318   0x00000274   Code   RO         2392    .text.UART_Start_Receive_IT  stm32h7xx_hal_uart.o
    0x0800f58c   0x0800f58c   0x00000004   PAD
    0x0800f590   0x0800f590   0x00000358   Code   RO         2376    .text.UART_WaitOnFlagUntilTimeout  stm32h7xx_hal_uart.o
    0x0800f8e8   0x0800f8e8   0x0000000c   Code   RO          279    .text.USART10_IRQHandler  stm32h7xx_it.o
    0x0800f8f4   0x0800f8f4   0x00000004   PAD
    0x0800f8f8   0x0800f8f8   0x0000000c   Code   RO          269    .text.USART1_IRQHandler  stm32h7xx_it.o
    0x0800f904   0x0800f904   0x00000004   PAD
    0x0800f908   0x0800f908   0x0000000c   Code   RO          271    .text.USART2_IRQHandler  stm32h7xx_it.o
    0x0800f914   0x0800f914   0x00000004   PAD
    0x0800f918   0x0800f918   0x0000000c   Code   RO          273    .text.USART3_IRQHandler  stm32h7xx_it.o
    0x0800f924   0x0800f924   0x00000004   PAD
    0x0800f928   0x0800f928   0x00000072   Code   RO         3187    .text.USBD_CDC_DataIn  usbd_cdc.o
    0x0800f99a   0x0800f99a   0x00000006   PAD
    0x0800f9a0   0x0800f9a0   0x0000003c   Code   RO         3189    .text.USBD_CDC_DataOut  usbd_cdc.o
    0x0800f9dc   0x0800f9dc   0x00000004   PAD
    0x0800f9e0   0x0800f9e0   0x0000005a   Code   RO         3181    .text.USBD_CDC_DeInit  usbd_cdc.o
    0x0800fa3a   0x0800fa3a   0x00000006   PAD
    0x0800fa40   0x0800fa40   0x00000038   Code   RO         3185    .text.USBD_CDC_EP0_RxReady  usbd_cdc.o
    0x0800fa78   0x0800fa78   0x00000010   Code   RO         3197    .text.USBD_CDC_GetDeviceQualifierDescriptor  usbd_cdc.o
    0x0800fa88   0x0800fa88   0x00000052   Code   RO         3193    .text.USBD_CDC_GetFSCfgDesc  usbd_cdc.o
    0x0800fada   0x0800fada   0x00000006   PAD
    0x0800fae0   0x0800fae0   0x00000056   Code   RO         3191    .text.USBD_CDC_GetHSCfgDesc  usbd_cdc.o
    0x0800fb36   0x0800fb36   0x00000002   PAD
    0x0800fb38   0x0800fb38   0x00000052   Code   RO         3195    .text.USBD_CDC_GetOtherSpeedCfgDesc  usbd_cdc.o
    0x0800fb8a   0x0800fb8a   0x00000006   PAD
    0x0800fb90   0x0800fb90   0x000000ce   Code   RO         3179    .text.USBD_CDC_Init  usbd_cdc.o
    0x0800fc5e   0x0800fc5e   0x00000002   PAD
    0x0800fc60   0x0800fc60   0x00000030   Code   RO         3207    .text.USBD_CDC_ReceivePacket  usbd_cdc.o
    0x0800fc90   0x0800fc90   0x00000018   Code   RO         3199    .text.USBD_CDC_RegisterInterface  usbd_cdc.o
    0x0800fca8   0x0800fca8   0x0000001c   Code   RO         3203    .text.USBD_CDC_SetRxBuffer  usbd_cdc.o
    0x0800fcc4   0x0800fcc4   0x00000004   PAD
    0x0800fcc8   0x0800fcc8   0x00000020   Code   RO         3201    .text.USBD_CDC_SetTxBuffer  usbd_cdc.o
    0x0800fce8   0x0800fce8   0x000000f0   Code   RO         3183    .text.USBD_CDC_Setup  usbd_cdc.o
    0x0800fdd8   0x0800fdd8   0x00000044   Code   RO         3205    .text.USBD_CDC_TransmitPacket  usbd_cdc.o
    0x0800fe1c   0x0800fe1c   0x00000004   PAD
    0x0800fe20   0x0800fe20   0x00000012   Code   RO         3094    .text.USBD_ClrClassConfig  usbd_core.o
    0x0800fe32   0x0800fe32   0x00000006   PAD
    0x0800fe38   0x0800fe38   0x00000004   Code   RO         3102    .text.USBD_CoreFindEP  usbd_core.o
    0x0800fe3c   0x0800fe3c   0x00000004   PAD
    0x0800fe40   0x0800fe40   0x00000004   Code   RO         3100    .text.USBD_CoreFindIF  usbd_core.o
    0x0800fe44   0x0800fe44   0x00000004   PAD
    0x0800fe48   0x0800fe48   0x00000010   Code   RO         3163    .text.USBD_CtlContinueRx  usbd_ioreq.o
    0x0800fe58   0x0800fe58   0x00000010   Code   RO         3159    .text.USBD_CtlContinueSendData  usbd_ioreq.o
    0x0800fe68   0x0800fe68   0x00000016   Code   RO         3138    .text.USBD_CtlError  usbd_ctlreq.o
    0x0800fe7e   0x0800fe7e   0x00000002   PAD
    0x0800fe80   0x0800fe80   0x0000001e   Code   RO         3161    .text.USBD_CtlPrepareRx  usbd_ioreq.o
    0x0800fe9e   0x0800fe9e   0x00000002   PAD
    0x0800fea0   0x0800fea0   0x00000016   Code   RO         3167    .text.USBD_CtlReceiveStatus  usbd_ioreq.o
    0x0800feb6   0x0800feb6   0x00000002   PAD
    0x0800feb8   0x0800feb8   0x0000001a   Code   RO         3157    .text.USBD_CtlSendData  usbd_ioreq.o
    0x0800fed2   0x0800fed2   0x00000006   PAD
    0x0800fed8   0x0800fed8   0x00000016   Code   RO         3165    .text.USBD_CtlSendStatus  usbd_ioreq.o
    0x0800feee   0x0800feee   0x00000002   PAD
    0x0800fef0   0x0800fef0   0x00000084   Code   RO         3124    .text.USBD_GetEpDesc  usbd_core.o
    0x0800ff74   0x0800ff74   0x00000004   PAD
    0x0800ff78   0x0800ff78   0x000000fc   Code   RO         3146    .text.USBD_GetString  usbd_ctlreq.o
    0x08010074   0x08010074   0x00000004   PAD
    0x08010078   0x08010078   0x00000024   Code   RO          337    .text.USBD_HS_ConfigStrDescriptor  usbd_desc.o
    0x0801009c   0x0801009c   0x00000004   PAD
    0x080100a0   0x080100a0   0x0000000e   Code   RO          327    .text.USBD_HS_DeviceDescriptor  usbd_desc.o
    0x080100ae   0x080100ae   0x00000002   PAD
    0x080100b0   0x080100b0   0x00000028   Code   RO          339    .text.USBD_HS_InterfaceStrDescriptor  usbd_desc.o
    0x080100d8   0x080100d8   0x0000000e   Code   RO          329    .text.USBD_HS_LangIDStrDescriptor  usbd_desc.o
    0x080100e6   0x080100e6   0x00000002   PAD
    0x080100e8   0x080100e8   0x0000002c   Code   RO          331    .text.USBD_HS_ManufacturerStrDescriptor  usbd_desc.o
    0x08010114   0x08010114   0x00000004   PAD
    0x08010118   0x08010118   0x00000030   Code   RO          333    .text.USBD_HS_ProductStrDescriptor  usbd_desc.o
    0x08010148   0x08010148   0x0000016e   Code   RO          335    .text.USBD_HS_SerialStrDescriptor  usbd_desc.o
    0x080102b6   0x080102b6   0x00000002   PAD
    0x080102b8   0x080102b8   0x00000028   Code   RO         3080    .text.USBD_Init     usbd_core.o
    0x080102e0   0x080102e0   0x00000022   Code   RO          424    .text.USBD_LL_ClearStallEP  usbd_conf.o
    0x08010302   0x08010302   0x00000006   PAD
    0x08010308   0x08010308   0x00000022   Code   RO          418    .text.USBD_LL_CloseEP  usbd_conf.o
    0x0801032a   0x0801032a   0x00000006   PAD
    0x08010330   0x08010330   0x000000ba   Code   RO         3104    .text.USBD_LL_DataInStage  usbd_core.o
    0x080103ea   0x080103ea   0x00000006   PAD
    0x080103f0   0x080103f0   0x00000078   Code   RO         3098    .text.USBD_LL_DataOutStage  usbd_core.o
    0x08010468   0x08010468   0x00000004   Code   RO         3120    .text.USBD_LL_DevConnected  usbd_core.o
    0x0801046c   0x0801046c   0x00000004   PAD
    0x08010470   0x08010470   0x00000020   Code   RO         3122    .text.USBD_LL_DevDisconnected  usbd_core.o
    0x08010490   0x08010490   0x00000008   Code   RO          434    .text.USBD_LL_GetRxDataSize  usbd_conf.o
    0x08010498   0x08010498   0x00000072   Code   RO          406    .text.USBD_LL_Init  usbd_conf.o
    0x0801050a   0x0801050a   0x00000006   PAD
    0x08010510   0x08010510   0x00000022   Code   RO          426    .text.USBD_LL_IsStallEP  usbd_conf.o
    0x08010532   0x08010532   0x00000006   PAD
    0x08010538   0x08010538   0x0000002c   Code   RO         3116    .text.USBD_LL_IsoINIncomplete  usbd_core.o
    0x08010564   0x08010564   0x00000004   PAD
    0x08010568   0x08010568   0x0000002c   Code   RO         3118    .text.USBD_LL_IsoOUTIncomplete  usbd_core.o
    0x08010594   0x08010594   0x00000004   PAD
    0x08010598   0x08010598   0x00000028   Code   RO          416    .text.USBD_LL_OpenEP  usbd_conf.o
    0x080105c0   0x080105c0   0x00000022   Code   RO          432    .text.USBD_LL_PrepareReceive  usbd_conf.o
    0x080105e2   0x080105e2   0x00000006   PAD
    0x080105e8   0x080105e8   0x00000060   Code   RO         3106    .text.USBD_LL_Reset  usbd_core.o
    0x08010648   0x08010648   0x00000014   Code   RO         3112    .text.USBD_LL_Resume  usbd_core.o
    0x0801065c   0x0801065c   0x00000004   PAD
    0x08010660   0x08010660   0x0000001e   Code   RO         3114    .text.USBD_LL_SOF   usbd_core.o
    0x0801067e   0x0801067e   0x00000002   PAD
    0x08010680   0x08010680   0x00000008   Code   RO         3108    .text.USBD_LL_SetSpeed  usbd_core.o
    0x08010688   0x08010688   0x00000022   Code   RO          428    .text.USBD_LL_SetUSBAddress  usbd_conf.o
    0x080106aa   0x080106aa   0x00000006   PAD
    0x080106b0   0x080106b0   0x00000062   Code   RO         3096    .text.USBD_LL_SetupStage  usbd_core.o
    0x08010712   0x08010712   0x00000006   PAD
    0x08010718   0x08010718   0x00000022   Code   RO          422    .text.USBD_LL_StallEP  usbd_conf.o
    0x0801073a   0x0801073a   0x00000006   PAD
    0x08010740   0x08010740   0x00000022   Code   RO          412    .text.USBD_LL_Start  usbd_conf.o
    0x08010762   0x08010762   0x00000006   PAD
    0x08010768   0x08010768   0x0000001c   Code   RO         3110    .text.USBD_LL_Suspend  usbd_core.o
    0x08010784   0x08010784   0x00000004   PAD
    0x08010788   0x08010788   0x00000022   Code   RO          430    .text.USBD_LL_Transmit  usbd_conf.o
    0x080107aa   0x080107aa   0x00000006   PAD
    0x080107b0   0x080107b0   0x00000016   Code   RO         3144    .text.USBD_ParseSetupRequest  usbd_ctlreq.o
    0x080107c6   0x080107c6   0x00000002   PAD
    0x080107c8   0x080107c8   0x00000046   Code   RO         3084    .text.USBD_RegisterClass  usbd_core.o
    0x0801080e   0x0801080e   0x00000002   PAD
    0x08010810   0x08010810   0x00000010   Code   RO         3092    .text.USBD_SetClassConfig  usbd_core.o
    0x08010820   0x08010820   0x00000004   Code   RO         3086    .text.USBD_Start    usbd_core.o
    0x08010824   0x08010824   0x00000004   PAD
    0x08010828   0x08010828   0x00000362   Code   RO         3136    .text.USBD_StdDevReq  usbd_ctlreq.o
    0x08010b8a   0x08010b8a   0x00000006   PAD
    0x08010b90   0x08010b90   0x00000166   Code   RO         3142    .text.USBD_StdEPReq  usbd_ctlreq.o
    0x08010cf6   0x08010cf6   0x00000002   PAD
    0x08010cf8   0x08010cf8   0x0000007c   Code   RO         3140    .text.USBD_StdItfReq  usbd_ctlreq.o
    0x08010d74   0x08010d74   0x00000004   PAD
    0x08010d78   0x08010d78   0x00000002   Code   RO          438    .text.USBD_static_free  usbd_conf.o
    0x08010d7a   0x08010d7a   0x00000006   PAD
    0x08010d80   0x08010d80   0x0000000a   Code   RO          436    .text.USBD_static_malloc  usbd_conf.o
    0x08010d8a   0x08010d8a   0x00000006   PAD
    0x08010d90   0x08010d90   0x0000008a   Code   RO          576    .text.USB_ActivateEndpoint  stm32h7xx_ll_usb.o
    0x08010e1a   0x08010e1a   0x00000006   PAD
    0x08010e20   0x08010e20   0x00000020   Code   RO          618    .text.USB_ActivateSetup  stm32h7xx_ll_usb.o
    0x08010e40   0x08010e40   0x0000022e   Code   RO          554    .text.USB_CoreInit  stm32h7xx_ll_usb.o
    0x0801106e   0x0801106e   0x00000002   PAD
    0x08011070   0x08011070   0x00000086   Code   RO          580    .text.USB_DeactivateEndpoint  stm32h7xx_ll_usb.o
    0x080110f6   0x080110f6   0x00000002   PAD
    0x080110f8   0x080110f8   0x0000001e   Code   RO          600    .text.USB_DevConnect  stm32h7xx_ll_usb.o
    0x08011116   0x08011116   0x00000002   PAD
    0x08011118   0x08011118   0x0000001e   Code   RO          602    .text.USB_DevDisconnect  stm32h7xx_ll_usb.o
    0x08011136   0x08011136   0x00000002   PAD
    0x08011138   0x08011138   0x0000049e   Code   RO          566    .text.USB_DevInit   stm32h7xx_ll_usb.o
    0x080115d6   0x080115d6   0x00000002   PAD
    0x080115d8   0x080115d8   0x0000000e   Code   RO          560    .text.USB_DisableGlobalInt  stm32h7xx_ll_usb.o
    0x080115e6   0x080115e6   0x00000002   PAD
    0x080115e8   0x080115e8   0x0000005a   Code   RO          620    .text.USB_EP0_OutStart  stm32h7xx_ll_usb.o
    0x08011642   0x08011642   0x00000006   PAD
    0x08011648   0x08011648   0x00000052   Code   RO          594    .text.USB_EPClearStall  stm32h7xx_ll_usb.o
    0x0801169a   0x0801169a   0x00000006   PAD
    0x080116a0   0x080116a0   0x00000040   Code   RO          592    .text.USB_EPSetStall  stm32h7xx_ll_usb.o
    0x080116e0   0x080116e0   0x00000210   Code   RO          584    .text.USB_EPStartXfer  stm32h7xx_ll_usb.o
    0x080118f0   0x080118f0   0x0000010e   Code   RO          588    .text.USB_EPStopXfer  stm32h7xx_ll_usb.o
    0x080119fe   0x080119fe   0x00000002   PAD
    0x08011a00   0x08011a00   0x0000000e   Code   RO          558    .text.USB_EnableGlobalInt  stm32h7xx_ll_usb.o
    0x08011a0e   0x08011a0e   0x00000002   PAD
    0x08011a10   0x08011a10   0x000000be   Code   RO          570    .text.USB_FlushTxFifo  stm32h7xx_ll_usb.o
    0x08011ace   0x08011ace   0x00000002   PAD
    0x08011ad0   0x08011ad0   0x0000001a   Code   RO          574    .text.USB_GetDevSpeed  stm32h7xx_ll_usb.o
    0x08011aea   0x08011aea   0x00000006   PAD
    0x08011af0   0x08011af0   0x00000008   Code   RO          564    .text.USB_GetMode   stm32h7xx_ll_usb.o
    0x08011af8   0x08011af8   0x0000000e   Code   RO          610    .text.USB_ReadDevAllInEpInterrupt  stm32h7xx_ll_usb.o
    0x08011b06   0x08011b06   0x00000002   PAD
    0x08011b08   0x08011b08   0x0000000e   Code   RO          608    .text.USB_ReadDevAllOutEpInterrupt  stm32h7xx_ll_usb.o
    0x08011b16   0x08011b16   0x00000002   PAD
    0x08011b18   0x08011b18   0x00000024   Code   RO          614    .text.USB_ReadDevInEPInterrupt  stm32h7xx_ll_usb.o
    0x08011b3c   0x08011b3c   0x00000004   PAD
    0x08011b40   0x08011b40   0x00000010   Code   RO          612    .text.USB_ReadDevOutEPInterrupt  stm32h7xx_ll_usb.o
    0x08011b50   0x08011b50   0x00000008   Code   RO          604    .text.USB_ReadInterrupts  stm32h7xx_ll_usb.o
    0x08011b58   0x08011b58   0x000000b0   Code   RO          590    .text.USB_ReadPacket  stm32h7xx_ll_usb.o
    0x08011c08   0x08011c08   0x00000368   Code   RO          562    .text.USB_SetCurrentMode  stm32h7xx_ll_usb.o
    0x08011f70   0x08011f70   0x00000022   Code   RO          598    .text.USB_SetDevAddress  stm32h7xx_ll_usb.o
    0x08011f92   0x08011f92   0x00000006   PAD
    0x08011f98   0x08011f98   0x00000118   Code   RO          556    .text.USB_SetTurnaroundTime  stm32h7xx_ll_usb.o
    0x080120b0   0x080120b0   0x00000078   Code   RO          586    .text.USB_WritePacket  stm32h7xx_ll_usb.o
    0x08012128   0x08012128   0x00000002   Code   RO          255    .text.UsageFault_Handler  stm32h7xx_it.o
    0x0801212a   0x0801212a   0x00000006   PAD
    0x08012130   0x08012130   0x000001d6   Code   RO         3247    .text.WS2812_Ctrl   ws2812.o
    0x08012306   0x08012306   0x00000002   PAD
    0x08012308   0x08012308   0x00000028   Code   RO         3545    .text.abs_limit     user_lib.o
    0x08012330   0x08012330   0x00000250   Code   RO         3259    .text.bmi088_accel_init  bmi088driver.o
    0x08012580   0x08012580   0x00000214   Code   RO         3261    .text.bmi088_gyro_init  bmi088driver.o
    0x08012794   0x08012794   0x00000004   PAD
    0x08012798   0x08012798   0x00000060   Code   RO         3302    .text.canfd_filter  can_bsp.o
    0x080127f8   0x080127f8   0x00000052   Code   RO           33    .text.main          main.o
    0x0801284a   0x0801284a   0x00000006   PAD
    0x08012850   0x08012850   0x00000010   Code   RO         2921    .text.osDelay       cmsis_os.o
    0x08012860   0x08012860   0x0000000a   Code   RO         2903    .text.osKernelStart  cmsis_os.o
    0x0801286a   0x0801286a   0x00000006   PAD
    0x08012870   0x08012870   0x00000060   Code   RO         2909    .text.osThreadCreate  cmsis_os.o
    0x080128d0   0x080128d0   0x00000180   Code   RO         3569    .text.pid_calc      motor_pid.o
    0x08012a50   0x08012a50   0x0000000e   Code   RO         3573    .text.pid_param_init  motor_pid.o
    0x08012a5e   0x08012a5e   0x00000002   PAD
    0x08012a60   0x08012a60   0x00000006   Code   RO         3575    .text.pid_reset     motor_pid.o
    0x08012a66   0x08012a66   0x00000002   PAD
    0x08012a68   0x08012a68   0x0000007e   Code   RO         2746    .text.prvAddCurrentTaskToDelayedList  tasks.o
    0x08012ae6   0x08012ae6   0x00000002   PAD
    0x08012ae8   0x08012ae8   0x000000fe   Code   RO         2736    .text.prvAddNewTaskToReadyList  tasks.o
    0x08012be6   0x08012be6   0x00000002   PAD
    0x08012be8   0x08012be8   0x00000086   Code   RO         2770    .text.prvIdleTask   tasks.o
    0x08012c6e   0x08012c6e   0x00000002   PAD
    0x08012c70   0x08012c70   0x00000126   Code   RO         2734    .text.prvInitialiseNewTask  tasks.o
    0x08012d96   0x08012d96   0x00000002   PAD
    0x08012d98   0x08012d98   0x00000028   Code   RO         3056    .text.prvPortStartFirstTask  port.o
    0x08012dc0   0x08012dc0   0x00000040   Code   RO         3046    .text.prvTaskExitError  port.o
    0x08012e00   0x08012e00   0x0000038a   Code   RO         2855    .text.prvTimerTask  timers.o
    0x0801318a   0x0801318a   0x00000006   PAD
    0x08013190   0x08013190   0x0000007a   Code   RO         2635    .text.prvUnlockQueue  queue.o
    0x0801320a   0x0801320a   0x00000006   PAD
    0x08013210   0x08013210   0x000001f4   Code   RO         3022    .text.pvPortMalloc  heap_4.o
    0x08013404   0x08013404   0x00000004   PAD
    0x08013408   0x08013408   0x0000002c   Code   RO         3044    .text.pxPortInitialiseStack  port.o
    0x08013434   0x08013434   0x00000004   PAD
    0x08013438   0x08013438   0x0000002a   Code   RO         2599    .text.uxListRemove  list.o
    0x08013462   0x08013462   0x00000006   PAD
    0x08013468   0x08013468   0x0000001a   Code   RO           64    .text.vApplicationGetIdleTaskMemory  freertos.o
    0x08013482   0x08013482   0x00000006   PAD
    0x08013488   0x08013488   0x0000001c   Code   RO           66    .text.vApplicationGetTimerTaskMemory  freertos.o
    0x080134a4   0x080134a4   0x00000004   PAD
    0x080134a8   0x080134a8   0x00000016   Code   RO         2591    .text.vListInitialise  list.o
    0x080134be   0x080134be   0x00000002   PAD
    0x080134c0   0x080134c0   0x00000006   Code   RO         2593    .text.vListInitialiseItem  list.o
    0x080134c6   0x080134c6   0x00000002   PAD
    0x080134c8   0x080134c8   0x00000062   Code   RO         2597    .text.vListInsert   list.o
    0x0801352a   0x0801352a   0x00000006   PAD
    0x08013530   0x08013530   0x0000001c   Code   RO         2595    .text.vListInsertEnd  list.o
    0x0801354c   0x0801354c   0x00000004   PAD
    0x08013550   0x08013550   0x00000014   Code   RO         3054    .text.vPortEnableVFP  port.o
    0x08013564   0x08013564   0x00000004   PAD
    0x08013568   0x08013568   0x0000004a   Code   RO         3060    .text.vPortEnterCritical  port.o
    0x080135b2   0x080135b2   0x00000006   PAD
    0x080135b8   0x080135b8   0x0000002e   Code   RO         3062    .text.vPortExitCritical  port.o
    0x080135e6   0x080135e6   0x00000002   PAD
    0x080135e8   0x080135e8   0x000000d4   Code   RO         3024    .text.vPortFree     heap_4.o
    0x080136bc   0x080136bc   0x00000004   PAD
    0x080136c0   0x080136c0   0x00000034   Code   RO         3052    .text.vPortSetupTimerInterrupt  port.o
    0x080136f4   0x080136f4   0x00000004   PAD
    0x080136f8   0x080136f8   0x000000b0   Code   RO         2669    .text.vQueueAddToRegistry  queue.o
    0x080137a8   0x080137a8   0x00000064   Code   RO         2673    .text.vQueueWaitForMessageRestricted  queue.o
    0x0801380c   0x0801380c   0x00000004   PAD
    0x08013810   0x08013810   0x0000009e   Code   RO         2750    .text.vTaskDelay    tasks.o
    0x080138ae   0x080138ae   0x00000002   PAD
    0x080138b0   0x080138b0   0x00000012   Code   RO         2800    .text.vTaskInternalSetTimeOutState  tasks.o
    0x080138c2   0x080138c2   0x00000006   PAD
    0x080138c8   0x080138c8   0x0000000e   Code   RO         2804    .text.vTaskMissedYield  tasks.o
    0x080138d6   0x080138d6   0x00000002   PAD
    0x080138d8   0x080138d8   0x00000036   Code   RO         2788    .text.vTaskPlaceOnEventList  tasks.o
    0x0801390e   0x0801390e   0x00000002   PAD
    0x08013910   0x08013910   0x0000008e   Code   RO         2792    .text.vTaskPlaceOnEventListRestricted  tasks.o
    0x0801399e   0x0801399e   0x00000002   PAD
    0x080139a0   0x080139a0   0x000000f0   Code   RO         2768    .text.vTaskStartScheduler  tasks.o
    0x08013a90   0x08013a90   0x00000010   Code   RO         2744    .text.vTaskSuspendAll  tasks.o
    0x08013aa0   0x08013aa0   0x0000006e   Code   RO         2762    .text.vTaskSwitchContext  tasks.o
    0x08013b0e   0x08013b0e   0x00000002   PAD
    0x08013b10   0x08013b10   0x00000044   Code   RO           17    .text.vofa_send_data  vofa.o
    0x08013b54   0x08013b54   0x00000004   PAD
    0x08013b58   0x08013b58   0x0000003c   Code   RO           19    .text.vofa_sendframetail  vofa.o
    0x08013b94   0x08013b94   0x00000004   PAD
    0x08013b98   0x08013b98   0x0000018a   Code   RO         3050    .text.xPortStartScheduler  port.o
    0x08013d22   0x08013d22   0x00000006   PAD
    0x08013d28   0x08013d28   0x000000de   Code   RO         2611    .text.xQueueGenericCreateStatic  queue.o
    0x08013e06   0x08013e06   0x00000002   PAD
    0x08013e08   0x08013e08   0x000002bc   Code   RO         2625    .text.xQueueGenericSend  queue.o
    0x080140c4   0x080140c4   0x00000004   PAD
    0x080140c8   0x080140c8   0x0000023e   Code   RO         2641    .text.xQueueReceive  queue.o
    0x08014306   0x08014306   0x00000002   PAD
    0x08014308   0x08014308   0x00000096   Code   RO         2802    .text.xTaskCheckForTimeOut  tasks.o
    0x0801439e   0x0801439e   0x00000002   PAD
    0x080143a0   0x080143a0   0x00000060   Code   RO         2738    .text.xTaskCreate   tasks.o
    0x08014400   0x08014400   0x0000007a   Code   RO         2732    .text.xTaskCreateStatic  tasks.o
    0x0801447a   0x0801447a   0x00000006   PAD
    0x08014480   0x08014480   0x0000001c   Code   RO         2816    .text.xTaskGetSchedulerState  tasks.o
    0x0801449c   0x0801449c   0x00000004   PAD
    0x080144a0   0x080144a0   0x0000000c   Code   RO         2776    .text.xTaskGetTickCount  tasks.o
    0x080144ac   0x080144ac   0x00000004   PAD
    0x080144b0   0x080144b0   0x00000106   Code   RO         2774    .text.xTaskIncrementTick  tasks.o
    0x080145b6   0x080145b6   0x00000002   PAD
    0x080145b8   0x080145b8   0x000000b6   Code   RO         2820    .text.xTaskPriorityDisinherit  tasks.o
    0x0801466e   0x0801466e   0x00000002   PAD
    0x08014670   0x08014670   0x00000078   Code   RO         2794    .text.xTaskRemoveFromEventList  tasks.o
    0x080146e8   0x080146e8   0x000000ea   Code   RO         2748    .text.xTaskResumeAll  tasks.o
    0x080147d2   0x080147d2   0x00000006   PAD
    0x080147d8   0x080147d8   0x000000b4   Code   RO         2853    .text.xTimerCreateTimerTask  timers.o
    0x0801488c   0x0801488c   0x0000003e   Code   RO         3818    CL$$btod_d2e        c_w.l(btod.o)
    0x080148ca   0x080148ca   0x00000046   Code   RO         3820    CL$$btod_d2e_denorm_low  c_w.l(btod.o)
    0x08014910   0x08014910   0x00000060   Code   RO         3819    CL$$btod_d2e_norm_op1  c_w.l(btod.o)
    0x08014970   0x08014970   0x00000338   Code   RO         3828    CL$$btod_div_common  c_w.l(btod.o)
    0x08014ca8   0x08014ca8   0x000000dc   Code   RO         3825    CL$$btod_e2e        c_w.l(btod.o)
    0x08014d84   0x08014d84   0x0000002a   Code   RO         3822    CL$$btod_ediv       c_w.l(btod.o)
    0x08014dae   0x08014dae   0x0000002a   Code   RO         3821    CL$$btod_emul       c_w.l(btod.o)
    0x08014dd8   0x08014dd8   0x00000244   Code   RO         3827    CL$$btod_mult_common  c_w.l(btod.o)
    0x0801501c   0x0801501c   0x00000030   Code   RO         3861    i.__ARM_fpclassify  m_wv.l(fpclassify.o)
    0x0801504c   0x0801504c   0x00000026   Code   RO         3752    i.__ARM_fpclassifyf  m_wv.l(fpclassifyf.o)
    0x08015072   0x08015072   0x00000002   PAD
    0x08015074   0x08015074   0x0000012c   Code   RO         3688    i.__hardfp_asinf    m_wv.l(asinf.o)
    0x080151a0   0x080151a0   0x000002ac   Code   RO         3694    i.__hardfp_atan2f   m_wv.l(atan2f.o)
    0x0801544c   0x0801544c   0x00000006   Code   RO         3755    i.__mathlib_flt_infnan  m_wv.l(funder.o)
    0x08015452   0x08015452   0x00000006   Code   RO         3756    i.__mathlib_flt_infnan2  m_wv.l(funder.o)
    0x08015458   0x08015458   0x00000010   Code   RO         3757    i.__mathlib_flt_invalid  m_wv.l(funder.o)
    0x08015468   0x08015468   0x00000010   Code   RO         3760    i.__mathlib_flt_underflow  m_wv.l(funder.o)
    0x08015478   0x08015478   0x0000000e   Code   RO         3652    i._is_digit         c_w.l(__printf_wp.o)
    0x08015486   0x08015486   0x0000003e   Code   RO         3778    i.sqrtf             m_wv.l(sqrtf.o)
    0x080154c4   0x080154c4   0x0000002c   Code   RO         3851    locale$$code        c_w.l(lc_numeric_c.o)
    0x080154f0   0x080154f0   0x0000001a   Code   RO         4072    x$fpl$fpinit        fz_wv.l(fpinit.o)
    0x0801550a   0x0801550a   0x00000004   Code   RO         3686    x$fpl$printf1       fz_wv.l(printf1.o)
    0x0801550e   0x0801550e   0x00000000   Code   RO         3734    x$fpl$usenofp       fz_wv.l(usenofp.o)
    0x0801550e   0x0801550e   0x00000028   Data   RO         3625    .constdata          c_w.l(_printf_hex_int.o)
    0x08015536   0x08015536   0x00000011   Data   RO         3655    .constdata          c_w.l(__printf_flags_wp.o)
    0x08015547   0x08015547   0x00000001   PAD
    0x08015548   0x08015548   0x00000094   Data   RO         3816    .constdata          c_w.l(bigflt0.o)
    0x080155dc   0x080155dc   0x0000004c   Data   RO         1807    .rodata..L__const.HAL_FDCAN_Init.CvtEltSize  stm32h7xx_hal_fdcan.o
    0x08015628   0x08015628   0x0000001c   Data   RO           94    .rodata..L__const.MX_FREERTOS_Init.os_thread_def_KeyTask  freertos.o
    0x08015644   0x08015644   0x0000001c   Data   RO           97    .rodata..L__const.MX_FREERTOS_Init.os_thread_def_LcdTask  freertos.o
    0x08015660   0x08015660   0x0000001c   Data   RO           91    .rodata..L__const.MX_FREERTOS_Init.os_thread_def_defaultTask  freertos.o
    0x0801567c   0x0801567c   0x00000006   Data   RO         2489    .rodata..Lswitch.table.UART_SetConfig.7  stm32h7xx_hal_uart.o
    0x08015682   0x08015682   0x00000006   Data   RO         2490    .rodata..Lswitch.table.UART_SetConfig.9  stm32h7xx_hal_uart.o
    0x08015688   0x08015688   0x00000010   Data   RO         2544    .rodata.D1CorePrescTable  system_stm32h7xx.o
    0x08015698   0x08015698   0x00000009   Data   RO         3432    .rodata.PS2_cmnd    bsp_ps2.o
    0x080156a1   0x080156a1   0x00000001   PAD
    0x080156a2   0x080156a2   0x00000018   Data   RO         2488    .rodata.UARTPrescTable  stm32h7xx_hal_uart.o
    0x080156ba   0x080156ba   0x00000010   Data   RO         1808    .rodata.cst16       stm32h7xx_hal_fdcan.o
    0x080156ca   0x080156ca   0x00000010   Data   RO         2531    .rodata.cst8        stm32h7xx_hal_uart_ex.o
    0x080156da   0x080156da   0x0000004a   Data   RO           90    .rodata.str1.1      freertos.o
    0x08015724   0x08015724   0x00000005   Data   RO         2893    .rodata.str1.1      timers.o
    0x08015729   0x08015729   0x0000005b   Data   RO         3433    .rodata.str1.1      bsp_ps2.o
    0x08015784   0x08015784   0x00000006   Data   RO         3493    .rodata.str1.1      fun_test_task.o
    0x0801578a   0x0801578a   0x00000012   Data   RO         3265    .rodata.write_BMI088_accel_reg_data_error  bmi088driver.o
    0x0801579c   0x0801579c   0x00000012   Data   RO         3266    .rodata.write_BMI088_gyro_reg_data_error  bmi088driver.o
    0x080157ae   0x080157ae   0x00000002   PAD
    0x080157b0   0x080157b0   0x00000020   Data   RO         4153    Region$$Table       anon$$obj.o
    0x080157d0   0x080157d0   0x0000001c   Data   RO         3850    locale$$data        c_w.l(lc_numeric_c.o)


    Execution Region RW_IRAM1 (Exec base: 0x20000000, Load base: 0x080157ec, Size: 0x00000000, Max: 0x00020000, ABSOLUTE)

    **** No section assigned to this execution region ****


    Execution Region RW_IRAM2 (Exec base: 0x24000000, Load base: 0x080157f0, Size: 0x0000dbf0, Max: 0x00050000, ABSOLUTE)

    Exec Addr    Load Addr    Size         Type   Attr      Idx    E Section Name        Object

    0x24000000   0x080157f0   0x00000008   Data   RW         1268    .data..L_MergedGlobals  stm32h7xx_hal.o
    0x24000008   0x080157f8   0x00000008   Data   RW         2545    .data..L_MergedGlobals  system_stm32h7xx.o
    0x24000010   0x08015800   0x00000008   Data   RW         3267    .data..L_MergedGlobals  bmi088driver.o
    0x24000018   0x08015808   0x00000020   Data   RW          343    .data.HS_Desc       usbd_desc.o
    0x24000038   0x08015828   0x00000038   Data   RW         3209    .data.USBD_CDC      usbd_cdc.o
    0x24000070   0x08015860   0x00000043   Data   RW         3211    .data.USBD_CDC_CfgDesc  usbd_cdc.o
    0x240000b3   0x080158a3   0x00000001   PAD
    0x240000b4   0x080158a4   0x0000000a   Data   RW         3210    .data.USBD_CDC_DeviceQualifierDesc  usbd_cdc.o
    0x240000be   0x080158ae   0x00000002   PAD
    0x240000c0   0x080158b0   0x00000012   Data   RW          344    .data.USBD_HS_DeviceDesc  usbd_desc.o
    0x240000d2   0x080158c2   0x00000002   PAD
    0x240000d4   0x080158c4   0x00000014   Data   RW          369    .data.USBD_Interface_fops_HS  usbd_cdc_if.o
    0x240000e8   0x080158d8   0x00000004   Data   RW          346    .data.USBD_LangIDDesc  usbd_desc.o
    0x240000ec   0x080158dc   0x0000001a   Data   RW          347    .data.USBD_StringSerial  usbd_desc.o
    0x24000106   0x080158f6   0x00000002   PAD
    0x24000108   0x080158f8   0x00000004   Data   RW         3594    .data.twoKp         mahonyahrs.o
    0x2400010c   0x080158fc   0x00000004   Data   RW         3070    .data.uxCriticalNesting  port.o
    0x24000110        -       0x00000060   Zero   RW         3869    .bss                c_w.l(libspace.o)
    0x24000170        -       0x00000008   Zero   RW           22    .bss..L_MergedGlobals  vofa.o
    0x24000178        -       0x00000020   Zero   RW          108    .bss..L_MergedGlobals  freertos.o
    0x24000198        -       0x00000078   Zero   RW         2843    .bss..L_MergedGlobals  tasks.o
    0x24000210        -       0x0000003c   Zero   RW         2894    .bss..L_MergedGlobals  timers.o
    0x2400024c        -       0x00000020   Zero   RW         3035    .bss..L_MergedGlobals  heap_4.o
    0x2400026c        -       0x00000008   Zero   RW         3071    .bss..L_MergedGlobals  port.o
    0x24000274        -       0x00000008   Zero   RW         3222    .bss..L_MergedGlobals  bsp_user_key.o
    0x2400027c        -       0x0000005c   Zero   RW         3322    .bss..L_MergedGlobals  can_bsp.o
    0x240002d8        -       0x0000006f   Zero   RW         3435    .bss..L_MergedGlobals  bsp_ps2.o
    0x24000347   0x08015900   0x00000001   PAD
    0x24000348        -       0x00000008   Zero   RW         3447    .bss..L_MergedGlobals  key_task.o
    0x24000350        -       0x00000058   Zero   RW         3474    .bss..L_MergedGlobals  imu_task.o
    0x240003a8        -       0x00000012   Zero   RW         3495    .bss..L_MergedGlobals  fun_test_task.o
    0x240003ba   0x08015900   0x00000002   PAD
    0x240003bc        -       0x0000002c   Zero   RW         3510    .bss..L_MergedGlobals  ctr_task.o
    0x240003e8        -       0x00000010   Zero   RW         3595    .bss..L_MergedGlobals  mahonyahrs.o
    0x240003f8        -       0x00000078   Zero   RW         3323    .bss..L_MergedGlobals.1  can_bsp.o
    0x24000470        -       0x00000028   Zero   RW         2844    .bss..L_MergedGlobals.2  tasks.o
    0x24000498        -       0x00002000   Zero   RW          106    .bss.CommunicationBuffer  freertos.o
    0x24002498        -       0x0000005c   Zero   RW          107    .bss.CommunicationControlBlock  freertos.o
    0x240024f4        -       0x00001000   Zero   RW          102    .bss.CtrTaskBuffer  freertos.o
    0x240034f4        -       0x0000005c   Zero   RW          103    .bss.CtrTaskControlBlock  freertos.o
    0x24003550        -       0x00000200   Zero   RW          100    .bss.FunTestBuffer  freertos.o
    0x24003750        -       0x0000005c   Zero   RW          101    .bss.FunTestControlBlock  freertos.o
    0x240037ac        -       0x00000004   Zero   RW          155    .bss.HAL_RCC_FDCAN_CLK_ENABLED  fdcan.o
    0x240037b0        -       0x00002000   Zero   RW           98    .bss.ImuTaskBuffer  freertos.o
    0x240057b0        -       0x0000005c   Zero   RW           99    .bss.ImuTaskControlBlock  freertos.o
    0x2400580c        -       0x00000200   Zero   RW           92    .bss.KeyTaskBuffer  freertos.o
    0x24005a0c        -       0x0000005c   Zero   RW           93    .bss.KeyTaskControlBlock  freertos.o
    0x24005a68        -       0x00000400   Zero   RW           95    .bss.LcdTaskBuffer  freertos.o
    0x24005e68        -       0x0000005c   Zero   RW           96    .bss.LcdTaskControlBlock  freertos.o
    0x24005ec4   0x08015900   0x00000004   PAD
    0x24005ec8        -       0x00000300   Zero   RW         3401    .bss.Motors         cybergear.o
    0x240061c8        -       0x00000200   Zero   RW          104    .bss.RgbTaskBuffer  freertos.o
    0x240063c8        -       0x0000005c   Zero   RW          105    .bss.RgbTaskControlBlock  freertos.o
    0x24006424        -       0x00000001   Zero   RW         3148    .bss.USBD_SetConfig.cfgidx  usbd_ctlreq.o
    0x24006425   0x08015900   0x00000003   PAD
    0x24006428        -       0x00000200   Zero   RW          348    .bss.USBD_StrDesc   usbd_desc.o
    0x24006628        -       0x00000220   Zero   RW          443    .bss.USBD_static_malloc.mem  usbd_conf.o
    0x24006848        -       0x00000800   Zero   RW          370    .bss.UserRxBufferHS  usbd_cdc_if.o
    0x24007048        -       0x00000800   Zero   RW          371    .bss.UserTxBufferHS  usbd_cdc_if.o
    0x24007848        -       0x00000004   Zero   RW         3400    .bss.byte           cybergear.o
    0x2400784c        -       0x000002dc   Zero   RW          320    .bss.hUsbDeviceHS   usb_device.o
    0x24007b28        -       0x00000070   Zero   RW          123    .bss.hadc1          adc.o
    0x24007b98        -       0x00000078   Zero   RW          124    .bss.hdma_adc1      adc.o
    0x24007c10        -       0x000000a0   Zero   RW          152    .bss.hfdcan1        fdcan.o
    0x24007cb0        -       0x000000a0   Zero   RW          153    .bss.hfdcan2        fdcan.o
    0x24007d50        -       0x000000a0   Zero   RW          154    .bss.hfdcan3        fdcan.o
    0x24007df0        -       0x0000005c   Zero   RW          171    .bss.hospi2         octospi.o
    0x24007e4c        -       0x000004e4   Zero   RW          442    .bss.hpcd_USB_OTG_HS  usbd_conf.o
    0x24008330        -       0x00000088   Zero   RW          188    .bss.hspi2          spi.o
    0x240083b8        -       0x00000088   Zero   RW          189    .bss.hspi6          spi.o
    0x24008440        -       0x0000004c   Zero   RW          209    .bss.htim12         tim.o
    0x2400848c        -       0x0000004c   Zero   RW          309    .bss.htim23         stm32h7xx_hal_timebase_tim.o
    0x240084d8        -       0x0000004c   Zero   RW          208    .bss.htim3          tim.o
    0x24008524        -       0x00000094   Zero   RW          235    .bss.huart1         usart.o
    0x240085b8        -       0x00000094   Zero   RW          238    .bss.huart10        usart.o
    0x2400864c        -       0x00000094   Zero   RW          236    .bss.huart2         usart.o
    0x240086e0        -       0x00000094   Zero   RW          237    .bss.huart3         usart.o
    0x24008774        -       0x00000094   Zero   RW          234    .bss.huart7         usart.o
    0x24008808        -       0x00000028   Zero   RW         3434    .bss.my_ps2         bsp_ps2.o
    0x24008830        -       0x0000006c   Zero   RW         3577    .bss.pid_pit        motor_pid.o
    0x2400889c        -       0x0000006c   Zero   RW         3579    .bss.pid_speed      motor_pid.o
    0x24008908        -       0x0000006c   Zero   RW         3578    .bss.pid_yaw        motor_pid.o
    0x24008974        -       0x000000a0   Zero   RW         2892    .bss.prvCheckForValidListAndQueue.ucStaticTimerQueueStorage  timers.o
    0x24008a14        -       0x00000050   Zero   RW         2891    .bss.prvCheckForValidListAndQueue.xStaticTimerQueue  timers.o
    0x24008a64        -       0x0000008c   Zero   RW         2842    .bss.pxReadyTasksLists  tasks.o
    0x24008af0        -       0x00000400   Zero   RW           21    .bss.send_buf       vofa.o
    0x24008ef0        -       0x00003c00   Zero   RW         3034    .bss.ucHeap         heap_4.o
    0x2400caf0        -       0x00000004   Zero   RW         1267    .bss.uwTick         stm32h7xx_hal.o
    0x2400caf4        -       0x00000200   Zero   RW           87    .bss.xIdleStack     freertos.o
    0x2400ccf4        -       0x0000005c   Zero   RW           86    .bss.xIdleTaskTCBBuffer  freertos.o
    0x2400cd50        -       0x00000040   Zero   RW         2675    .bss.xQueueRegistry  queue.o
    0x2400cd90        -       0x00000400   Zero   RW           89    .bss.xTimerStack    freertos.o
    0x2400d190        -       0x0000005c   Zero   RW           88    .bss.xTimerTaskTCBBuffer  freertos.o
    0x2400d1ec   0x08015900   0x00000004   PAD
    0x2400d1f0        -       0x00000200   Zero   RW            2    HEAP                startup_stm32h723xx.o
    0x2400d3f0        -       0x00000800   Zero   RW            1    STACK               startup_stm32h723xx.o


==============================================================================

Image component sizes


      Code (inc. data)   RO Data    RW Data    ZI Data      Debug   Object Name

       496          0          0          0        232       9718   adc.o
      1558          0         36          8          0       5598   bmi088driver.o
       282          0          0          0          0       3969   bmi088middleware.o
        14          0          0          0          0       4662   bsp_buzzer.o
        50          0          0          0          0       1865   bsp_power_enable.o
      1058          0        100          0        151       3827   bsp_ps2.o
       100          0          0          0          8       1559   bsp_user_key.o
       314          0          0          0        212       9422   can_bsp.o
       122          0          0          0          0      27044   cmsis_os.o
       208          4          0          0          0       1422   communication_task.o
       456         24          0          0         44       3232   ctr_task.o
      1824         70          0          0        772      19336   cybergear.o
        52          0          0          0          0       5429   dma.o
       778          0          0          0        484      12382   fdcan.o
       562        140        158          0      25436       5799   freertos.o
       396          0          6          0         18       5947   fun_test_task.o
       442          0          0          0          0       3503   gpio.o
       712          0          0          0      15392       5762   heap_4.o
       580         32          0          0         88       4645   imu_task.o
       176          8          0          0          8       1836   key_task.o
         8          0          0          0          0       1078   lcd_task.o
       196          0          0          0          0       2356   list.o
       512          8          0          4         16       6098   mahonyahrs.o
       332          0          0          0          0       9929   main.o
       436          4          0          0        324       2921   motor_pid.o
       592          0          0          0         92       9502   octospi.o
       916         16          0          4          8       4348   port.o
      1894          0          0          0         64      28980   queue.o
      1938          0          0          0          0       2903   rgb_task.o
       542          0          0          0        272       9190   spi.o
        64         26        716          0       2560        880   startup_stm32h723xx.o
       178          0          0          8          4      15965   stm32h7xx_hal.o
      3124         14          0          0          0      30989   stm32h7xx_hal_adc.o
       392          0          0          0          0      31938   stm32h7xx_hal_adc_ex.o
       156          0          0          0          0      12438   stm32h7xx_hal_cortex.o
      7724         12          0          0          0      17955   stm32h7xx_hal_dma.o
      2966          0         92          0          0      61511   stm32h7xx_hal_fdcan.o
       710          0          0          0          0       7019   stm32h7xx_hal_gpio.o
        42          0          0          0          0       5471   stm32h7xx_hal_msp.o
      1892          0          0          0          0      29905   stm32h7xx_hal_ospi.o
      3790          0          0          0          0      17475   stm32h7xx_hal_pcd.o
       266          0          0          0          0       6407   stm32h7xx_hal_pcd_ex.o
        94          0          0          0          0       9658   stm32h7xx_hal_pwr_ex.o
      2740         16          0          0          0      11381   stm32h7xx_hal_rcc.o
      5148        212          0          0          0      19734   stm32h7xx_hal_rcc_ex.o
      2344          0          0          0          0      23325   stm32h7xx_hal_spi.o
      2798         24          0          0          0      65778   stm32h7xx_hal_tim.o
       228          0          0          0          0      26307   stm32h7xx_hal_tim_ex.o
       160          0          0          0         76       9674   stm32h7xx_hal_timebase_tim.o
      8396        332         36          0          0      43600   stm32h7xx_hal_uart.o
       480          0         16          0          0      11590   stm32h7xx_hal_uart_ex.o
       180          0          0          0          0      12863   stm32h7xx_it.o
      4960          0          0          0          0      40176   stm32h7xx_ll_usb.o
       176          0         16          8          0       5290   system_stm32h7xx.o
      2766          8          0          0        300      41476   tasks.o
       554          0          0          0        152       9181   tim.o
      1086         20          5          0        300      16508   timers.o
      1304          0          0          0        740      13454   usart.o
       108          0          0          0        732       3311   usb_device.o
      1232         12          0        133          0      11797   usbd_cdc.o
       138          0          0         20       4096       4944   usbd_cdc_if.o
       754          0          0          0       1796      22317   usbd_conf.o
       998          0          0          0          0      11239   usbd_core.o
      1644         36          0          0          1      10260   usbd_ctlreq.o
       562         72          0         80        512       4405   usbd_desc.o
       132          0          0          0          0       4778   usbd_ioreq.o
        40          0          0          0          0       3778   user_lib.o
       128          0          0          0       1032       2801   vofa.o
       470          0          0          0          0       1995   ws2812.o

    ----------------------------------------------------------------------
     79716       1130       1216        272      55936     893835   Object Totals
         0          0         32          0          0          0   (incl. Generated)
      1246         40          3          7         14          0   (incl. Padding)

    ----------------------------------------------------------------------

      Code (inc. data)   RO Data    RW Data    ZI Data      Debug   Library Member Name

         8          0          0          0          0         68   __main.o
       312          4         17          0          0         92   __printf_flags_wp.o
        14          0          0          0          0         68   __printf_wp.o
         0          0          0          0          0          0   __rtentry.o
        12          0          0          0          0          0   __rtentry2.o
         6          0          0          0          0          0   __rtentry4.o
        94          8          0          0          0          0   __scatter.o
        26          0          0          0          0          0   __scatter_copy.o
        28          0          0          0          0          0   __scatter_zi.o
        48          6          0          0          0         96   _printf_char_common.o
         6          0          0          0          0          0   _printf_d.o
       120         16          0          0          0         92   _printf_dec.o
         6          0          0          0          0          0   _printf_f.o
      1052          0          0          0          0        148   _printf_fp_dec.o
       128         16          0          0          0         84   _printf_fp_infnan.o
        88          4         40          0          0         88   _printf_hex_int.o
       178          0          0          0          0         88   _printf_intcommon.o
        78          0          0          0          0        108   _printf_pad.o
         0          0          0          0          0          0   _printf_percent.o
         4          0          0          0          0          0   _printf_percent_end.o
         6          0          0          0          0          0   _printf_x.o
        22          0          0          0          0        100   _rserrno.o
        10          0          0          0          0         68   _sputc.o
        16          0          0          0          0         68   aeabi_memset4.o
       228          4        148          0          0         96   bigflt0.o
      1936        128          0          0          0        668   btod.o
        18          0          0          0          0         80   exit.o
         6          0          0          0          0        152   heapauxi.o
         0          0          0          0          0          0   indicate_semi.o
        44         10         28          0          0         76   lc_numeric_c.o
         2          0          0          0          0          0   libinit.o
        22          0          0          0          0          0   libinit2.o
         2          0          0          0          0          0   libshutdown.o
         2          0          0          0          0          0   libshutdown2.o
         8          4          0          0         96         68   libspace.o
       138          0          0          0          0         80   lludiv10.o
       240          0          0          0          0        100   lludivv7m.o
        88          0          0          0          0         76   memcmp.o
        40          6          0          0          0         84   noretval__2sprintf.o
         8          4          0          0          0         68   rt_errno_addr_intlibspace.o
         8          4          0          0          0         68   rt_locale_intlibspace.o
        78          0          0          0          0         80   rt_memclr_w.o
       138          0          0          0          0         68   rt_memcpy_v6.o
       100          0          0          0          0         80   rt_memcpy_w.o
         2          0          0          0          0          0   rtexit.o
        10          0          0          0          0          0   rtexit2.o
       124          0          0          0          0         88   strcmpv7m_pel.o
        62          0          0          0          0         76   strlen.o
        12          4          0          0          0         68   sys_exit.o
        74          0          0          0          0         80   sys_stackheap_outer.o
         2          0          0          0          0         68   use_no_semi.o
        26          0          0          0          0        116   fpinit.o
         4          0          0          0          0        116   printf1.o
         0          0          0          0          0          0   usenofp.o
       300         42          0          0          0        176   asinf.o
       684         90          0          0          0        208   atan2f.o
        48          0          0          0          0        124   fpclassify.o
        38          0          0          0          0        116   fpclassifyf.o
        44         12          0          0          0        464   funder.o
        62          0          0          0          0        136   sqrtf.o

    ----------------------------------------------------------------------
      6878        362        234          0         96       4848   Library Totals
        18          0          1          0          0          0   (incl. Padding)

    ----------------------------------------------------------------------

      Code (inc. data)   RO Data    RW Data    ZI Data      Debug   Library Name

      5654        218        233          0         96       3392   c_w.l
        30          0          0          0          0        232   fz_wv.l
      1176        144          0          0          0       1224   m_wv.l

    ----------------------------------------------------------------------
      6878        362        234          0         96       4848   Library Totals

    ----------------------------------------------------------------------

==============================================================================


      Code (inc. data)   RO Data    RW Data    ZI Data      Debug   

     86594       1492       1450        272      56032     894639   Grand Totals
     86594       1492       1450        272      56032     894639   ELF Image Totals
     86594       1492       1450        272          0          0   ROM Totals

==============================================================================

    Total RO  Size (Code + RO Data)                88044 (  85.98kB)
    Total RW  Size (RW Data + ZI Data)             56304 (  54.98kB)
    Total ROM Size (Code + RO Data + RW Data)      88316 (  86.25kB)

==============================================================================

